../rtl/ae_gemm.sv:153: sorry: constant selects in always_* processes are not currently supported (all bits will be included).
../rtl/ae_gemm.sv:153: sorry: constant selects in always_* processes are not currently supported (all bits will be included).
../rtl/ae_gemm.sv:153: sorry: constant selects in always_* processes are not currently supported (all bits will be included).
../rtl/ae_gemm.sv:153: sorry: constant selects in always_* processes are not currently supported (all bits will be included).
../rtl/ae_softmax.sv:99: sorry: constant selects in always_* processes are not currently supported (all bits will be included).
../rtl/ae_softmax.sv:99: sorry: constant selects in always_* processes are not currently supported (all bits will be included).
../rtl/ae_actv.sv:200: sorry: constant selects in always_* processes are not currently supported (all bits will be included).
../rtl/ae_actv.sv:200: sorry: constant selects in always_* processes are not currently supported (all bits will be included).
../rtl/ae_actv.sv:200: sorry: constant selects in always_* processes are not currently supported (all bits will be included).
../rtl/ae_actv.sv:200: sorry: constant selects in always_* processes are not currently supported (all bits will be included).
../rtl/ae_actv.sv:200: sorry: constant selects in always_* processes are not currently supported (all bits will be included).
../rtl/ae_actv.sv:200: sorry: constant selects in always_* processes are not currently supported (all bits will be included).
../rtl/ae_actv.sv:200: sorry: constant selects in always_* processes are not currently supported (all bits will be included).
../rtl/ae_actv.sv:200: sorry: constant selects in always_* processes are not currently supported (all bits will be included).
../rtl/ae_actv.sv:200: sorry: constant selects in always_* processes are not currently supported (all bits will be included).
../rtl/ae_actv.sv:200: sorry: constant selects in always_* processes are not currently supported (all bits will be included).
../rtl/ae_actv.sv:200: sorry: constant selects in always_* processes are not currently supported (all bits will be included).
../rtl/ae_actv.sv:200: sorry: constant selects in always_* processes are not currently supported (all bits will be included).
../rtl/ae_actv.sv:200: sorry: constant selects in always_* processes are not currently supported (all bits will be included).
../rtl/ae_actv.sv:200: sorry: constant selects in always_* processes are not currently supported (all bits will be included).
../rtl/ae_actv.sv:200: sorry: constant selects in always_* processes are not currently supported (all bits will be included).
../rtl/ae_actv.sv:200: sorry: constant selects in always_* processes are not currently supported (all bits will be included).
../rtl/ae_actv.sv:385: sorry: constant selects in always_* processes are not currently supported (all bits will be included).
../rtl/ae_actv.sv:403: sorry: constant selects in always_* processes are not currently supported (all bits will be included).
../rtl/ae_actv.sv:403: sorry: constant selects in always_* processes are not currently supported (all bits will be included).
../rtl/ae_actv.sv:385: sorry: constant selects in always_* processes are not currently supported (all bits will be included).
../rtl/ae_actv.sv:403: sorry: constant selects in always_* processes are not currently supported (all bits will be included).
../rtl/ae_actv.sv:403: sorry: constant selects in always_* processes are not currently supported (all bits will be included).
../rtl/ae_actv.sv:385: sorry: constant selects in always_* processes are not currently supported (all bits will be included).
../rtl/ae_actv.sv:403: sorry: constant selects in always_* processes are not currently supported (all bits will be included).
../rtl/ae_actv.sv:403: sorry: constant selects in always_* processes are not currently supported (all bits will be included).
../rtl/ae_actv.sv:385: sorry: constant selects in always_* processes are not currently supported (all bits will be included).
../rtl/ae_actv.sv:403: sorry: constant selects in always_* processes are not currently supported (all bits will be included).
../rtl/ae_actv.sv:403: sorry: constant selects in always_* processes are not currently supported (all bits will be included).
../rtl/ae_actv.sv:385: sorry: constant selects in always_* processes are not currently supported (all bits will be included).
../rtl/ae_actv.sv:403: sorry: constant selects in always_* processes are not currently supported (all bits will be included).
../rtl/ae_actv.sv:403: sorry: constant selects in always_* processes are not currently supported (all bits will be included).
../rtl/ae_actv.sv:385: sorry: constant selects in always_* processes are not currently supported (all bits will be included).
../rtl/ae_actv.sv:403: sorry: constant selects in always_* processes are not currently supported (all bits will be included).
../rtl/ae_actv.sv:403: sorry: constant selects in always_* processes are not currently supported (all bits will be included).
../rtl/ae_actv.sv:385: sorry: constant selects in always_* processes are not currently supported (all bits will be included).
../rtl/ae_actv.sv:403: sorry: constant selects in always_* processes are not currently supported (all bits will be included).
../rtl/ae_actv.sv:403: sorry: constant selects in always_* processes are not currently supported (all bits will be included).
../rtl/ae_actv.sv:385: sorry: constant selects in always_* processes are not currently supported (all bits will be included).
../rtl/ae_actv.sv:403: sorry: constant selects in always_* processes are not currently supported (all bits will be included).
../rtl/ae_actv.sv:403: sorry: constant selects in always_* processes are not currently supported (all bits will be included).
../rtl/ae_actv.sv:385: sorry: constant selects in always_* processes are not currently supported (all bits will be included).
../rtl/ae_actv.sv:403: sorry: constant selects in always_* processes are not currently supported (all bits will be included).
../rtl/ae_actv.sv:403: sorry: constant selects in always_* processes are not currently supported (all bits will be included).
../rtl/ae_actv.sv:385: sorry: constant selects in always_* processes are not currently supported (all bits will be included).
../rtl/ae_actv.sv:403: sorry: constant selects in always_* processes are not currently supported (all bits will be included).
../rtl/ae_actv.sv:403: sorry: constant selects in always_* processes are not currently supported (all bits will be included).
../rtl/ae_actv.sv:385: sorry: constant selects in always_* processes are not currently supported (all bits will be included).
../rtl/ae_actv.sv:403: sorry: constant selects in always_* processes are not currently supported (all bits will be included).
../rtl/ae_actv.sv:403: sorry: constant selects in always_* processes are not currently supported (all bits will be included).
../rtl/ae_actv.sv:385: sorry: constant selects in always_* processes are not currently supported (all bits will be included).
../rtl/ae_actv.sv:403: sorry: constant selects in always_* processes are not currently supported (all bits will be included).
../rtl/ae_actv.sv:403: sorry: constant selects in always_* processes are not currently supported (all bits will be included).
../rtl/ae_actv.sv:385: sorry: constant selects in always_* processes are not currently supported (all bits will be included).
../rtl/ae_actv.sv:403: sorry: constant selects in always_* processes are not currently supported (all bits will be included).
../rtl/ae_actv.sv:403: sorry: constant selects in always_* processes are not currently supported (all bits will be included).
../rtl/ae_actv.sv:385: sorry: constant selects in always_* processes are not currently supported (all bits will be included).
../rtl/ae_actv.sv:403: sorry: constant selects in always_* processes are not currently supported (all bits will be included).
../rtl/ae_actv.sv:403: sorry: constant selects in always_* processes are not currently supported (all bits will be included).
../rtl/ae_actv.sv:385: sorry: constant selects in always_* processes are not currently supported (all bits will be included).
../rtl/ae_actv.sv:403: sorry: constant selects in always_* processes are not currently supported (all bits will be included).
../rtl/ae_actv.sv:403: sorry: constant selects in always_* processes are not currently supported (all bits will be included).
../rtl/ae_actv.sv:385: sorry: constant selects in always_* processes are not currently supported (all bits will be included).
../rtl/ae_actv.sv:403: sorry: constant selects in always_* processes are not currently supported (all bits will be included).
../rtl/ae_actv.sv:403: sorry: constant selects in always_* processes are not currently supported (all bits will be included).
../rtl/ae_actv.sv:321: sorry: constant selects in always_* processes are not currently supported (all bits will be included).
../rtl/ae_actv.sv:453: sorry: constant selects in always_* processes are not currently supported (all bits will be included).
../rtl/ae_core.sv:253: sorry: constant selects in always_* processes are not currently supported (all bits will be included).
../rtl/ae_core.sv:253: sorry: constant selects in always_* processes are not currently supported (all bits will be included).
../rtl/ae_core.sv:253: sorry: constant selects in always_* processes are not currently supported (all bits will be included).
../rtl/ae_core.sv:253: sorry: constant selects in always_* processes are not currently supported (all bits will be included).
../rtl/ae_core.sv:253: sorry: constant selects in always_* processes are not currently supported (all bits will be included).
../rtl/ae_core.sv:267: sorry: constant selects in always_* processes are not currently supported (all bits will be included).
../rtl/ae_core.sv:267: sorry: constant selects in always_* processes are not currently supported (all bits will be included).
../rtl/ae_core.sv:267: sorry: constant selects in always_* processes are not currently supported (all bits will be included).
../rtl/ae_core.sv:267: sorry: constant selects in always_* processes are not currently supported (all bits will be included).
../rtl/ae_gemm.sv:153: sorry: constant selects in always_* processes are not currently supported (all bits will be included).
../rtl/ae_gemm.sv:153: sorry: constant selects in always_* processes are not currently supported (all bits will be included).
../rtl/ae_gemm.sv:153: sorry: constant selects in always_* processes are not currently supported (all bits will be included).
../rtl/ae_gemm.sv:153: sorry: constant selects in always_* processes are not currently supported (all bits will be included).
../rtl/ae_softmax.sv:99: sorry: constant selects in always_* processes are not currently supported (all bits will be included).
../rtl/ae_softmax.sv:99: sorry: constant selects in always_* processes are not currently supported (all bits will be included).
../rtl/ae_actv.sv:200: sorry: constant selects in always_* processes are not currently supported (all bits will be included).
../rtl/ae_actv.sv:200: sorry: constant selects in always_* processes are not currently supported (all bits will be included).
../rtl/ae_actv.sv:200: sorry: constant selects in always_* processes are not currently supported (all bits will be included).
../rtl/ae_actv.sv:200: sorry: constant selects in always_* processes are not currently supported (all bits will be included).
../rtl/ae_actv.sv:200: sorry: constant selects in always_* processes are not currently supported (all bits will be included).
../rtl/ae_actv.sv:200: sorry: constant selects in always_* processes are not currently supported (all bits will be included).
../rtl/ae_actv.sv:200: sorry: constant selects in always_* processes are not currently supported (all bits will be included).
../rtl/ae_actv.sv:200: sorry: constant selects in always_* processes are not currently supported (all bits will be included).
../rtl/ae_actv.sv:200: sorry: constant selects in always_* processes are not currently supported (all bits will be included).
../rtl/ae_actv.sv:200: sorry: constant selects in always_* processes are not currently supported (all bits will be included).
../rtl/ae_actv.sv:200: sorry: constant selects in always_* processes are not currently supported (all bits will be included).
../rtl/ae_actv.sv:200: sorry: constant selects in always_* processes are not currently supported (all bits will be included).
../rtl/ae_actv.sv:200: sorry: constant selects in always_* processes are not currently supported (all bits will be included).
../rtl/ae_actv.sv:200: sorry: constant selects in always_* processes are not currently supported (all bits will be included).
../rtl/ae_actv.sv:200: sorry: constant selects in always_* processes are not currently supported (all bits will be included).
../rtl/ae_actv.sv:200: sorry: constant selects in always_* processes are not currently supported (all bits will be included).
../rtl/ae_actv.sv:385: sorry: constant selects in always_* processes are not currently supported (all bits will be included).
../rtl/ae_actv.sv:403: sorry: constant selects in always_* processes are not currently supported (all bits will be included).
../rtl/ae_actv.sv:403: sorry: constant selects in always_* processes are not currently supported (all bits will be included).
../rtl/ae_actv.sv:385: sorry: constant selects in always_* processes are not currently supported (all bits will be included).
../rtl/ae_actv.sv:403: sorry: constant selects in always_* processes are not currently supported (all bits will be included).
../rtl/ae_actv.sv:403: sorry: constant selects in always_* processes are not currently supported (all bits will be included).
../rtl/ae_actv.sv:385: sorry: constant selects in always_* processes are not currently supported (all bits will be included).
../rtl/ae_actv.sv:403: sorry: constant selects in always_* processes are not currently supported (all bits will be included).
../rtl/ae_actv.sv:403: sorry: constant selects in always_* processes are not currently supported (all bits will be included).
../rtl/ae_actv.sv:385: sorry: constant selects in always_* processes are not currently supported (all bits will be included).
../rtl/ae_actv.sv:403: sorry: constant selects in always_* processes are not currently supported (all bits will be included).
../rtl/ae_actv.sv:403: sorry: constant selects in always_* processes are not currently supported (all bits will be included).
../rtl/ae_actv.sv:385: sorry: constant selects in always_* processes are not currently supported (all bits will be included).
../rtl/ae_actv.sv:403: sorry: constant selects in always_* processes are not currently supported (all bits will be included).
../rtl/ae_actv.sv:403: sorry: constant selects in always_* processes are not currently supported (all bits will be included).
../rtl/ae_actv.sv:385: sorry: constant selects in always_* processes are not currently supported (all bits will be included).
../rtl/ae_actv.sv:403: sorry: constant selects in always_* processes are not currently supported (all bits will be included).
../rtl/ae_actv.sv:403: sorry: constant selects in always_* processes are not currently supported (all bits will be included).
../rtl/ae_actv.sv:385: sorry: constant selects in always_* processes are not currently supported (all bits will be included).
../rtl/ae_actv.sv:403: sorry: constant selects in always_* processes are not currently supported (all bits will be included).
../rtl/ae_actv.sv:403: sorry: constant selects in always_* processes are not currently supported (all bits will be included).
../rtl/ae_actv.sv:385: sorry: constant selects in always_* processes are not currently supported (all bits will be included).
../rtl/ae_actv.sv:403: sorry: constant selects in always_* processes are not currently supported (all bits will be included).
../rtl/ae_actv.sv:403: sorry: constant selects in always_* processes are not currently supported (all bits will be included).
../rtl/ae_actv.sv:385: sorry: constant selects in always_* processes are not currently supported (all bits will be included).
../rtl/ae_actv.sv:403: sorry: constant selects in always_* processes are not currently supported (all bits will be included).
../rtl/ae_actv.sv:403: sorry: constant selects in always_* processes are not currently supported (all bits will be included).
../rtl/ae_actv.sv:385: sorry: constant selects in always_* processes are not currently supported (all bits will be included).
../rtl/ae_actv.sv:403: sorry: constant selects in always_* processes are not currently supported (all bits will be included).
../rtl/ae_actv.sv:403: sorry: constant selects in always_* processes are not currently supported (all bits will be included).
../rtl/ae_actv.sv:385: sorry: constant selects in always_* processes are not currently supported (all bits will be included).
../rtl/ae_actv.sv:403: sorry: constant selects in always_* processes are not currently supported (all bits will be included).
../rtl/ae_actv.sv:403: sorry: constant selects in always_* processes are not currently supported (all bits will be included).
../rtl/ae_actv.sv:385: sorry: constant selects in always_* processes are not currently supported (all bits will be included).
../rtl/ae_actv.sv:403: sorry: constant selects in always_* processes are not currently supported (all bits will be included).
../rtl/ae_actv.sv:403: sorry: constant selects in always_* processes are not currently supported (all bits will be included).
../rtl/ae_actv.sv:385: sorry: constant selects in always_* processes are not currently supported (all bits will be included).
../rtl/ae_actv.sv:403: sorry: constant selects in always_* processes are not currently supported (all bits will be included).
../rtl/ae_actv.sv:403: sorry: constant selects in always_* processes are not currently supported (all bits will be included).
../rtl/ae_actv.sv:385: sorry: constant selects in always_* processes are not currently supported (all bits will be included).
../rtl/ae_actv.sv:403: sorry: constant selects in always_* processes are not currently supported (all bits will be included).
../rtl/ae_actv.sv:403: sorry: constant selects in always_* processes are not currently supported (all bits will be included).
../rtl/ae_actv.sv:385: sorry: constant selects in always_* processes are not currently supported (all bits will be included).
../rtl/ae_actv.sv:403: sorry: constant selects in always_* processes are not currently supported (all bits will be included).
../rtl/ae_actv.sv:403: sorry: constant selects in always_* processes are not currently supported (all bits will be included).
../rtl/ae_actv.sv:385: sorry: constant selects in always_* processes are not currently supported (all bits will be included).
../rtl/ae_actv.sv:403: sorry: constant selects in always_* processes are not currently supported (all bits will be included).
../rtl/ae_actv.sv:403: sorry: constant selects in always_* processes are not currently supported (all bits will be included).
../rtl/ae_actv.sv:321: sorry: constant selects in always_* processes are not currently supported (all bits will be included).
../rtl/ae_actv.sv:453: sorry: constant selects in always_* processes are not currently supported (all bits will be included).
../rtl/ae_core.sv:253: sorry: constant selects in always_* processes are not currently supported (all bits will be included).
../rtl/ae_core.sv:253: sorry: constant selects in always_* processes are not currently supported (all bits will be included).
../rtl/ae_core.sv:253: sorry: constant selects in always_* processes are not currently supported (all bits will be included).
../rtl/ae_core.sv:253: sorry: constant selects in always_* processes are not currently supported (all bits will be included).
../rtl/ae_core.sv:253: sorry: constant selects in always_* processes are not currently supported (all bits will be included).
../rtl/ae_core.sv:267: sorry: constant selects in always_* processes are not currently supported (all bits will be included).
../rtl/ae_core.sv:267: sorry: constant selects in always_* processes are not currently supported (all bits will be included).
../rtl/ae_core.sv:267: sorry: constant selects in always_* processes are not currently supported (all bits will be included).
../rtl/ae_core.sv:267: sorry: constant selects in always_* processes are not currently supported (all bits will be included).
WARNING: ../rtl/ae_core.sv:347: $readmemh(seq.mem): Not enough words in the file for the requested range [0:2047].
WARNING: ../rtl/ae_core.sv:347: $readmemh(seq.mem): Not enough words in the file for the requested range [0:63].
[tb] REF -pf0: cycles=8255 gemm=5975 dma=702 mac_total=86016 skip_macs=0 skip_stages=0
[tb] PRIM-pf0: cycles=7999 gemm=5723 dma=700 mac_total=82944 skip_macs=2048 skip_stages=2
[tb] PRIM-pf1: cycles=7999 gemm=5723 dma=700 mac_total=82944 skip_macs=2048 skip_stages=2
[probe] pf_ctx_drop_cnt=0 (CTX 预取写被 B 口优先级压掉的拍数)
[tb] 三遍 dump 完成（compare.py 比 REF/PRIM；prim2 vs prim 逐位 diff）
tb_ae.sv:294: $finish called at 242826000 (1ps)
