== smoke 对账（COLS=12，34 条描述符，行为级从机节奏）==

[REF]
项                   模型        实测       偏差
GEMM 引擎           4502      4526   -0.53%
DMA 引擎             714       710   +0.56%
COPY 引擎            468         —        —
softmax 引擎        7316         —        —
调度器                232         —        —
总周期              13232      6814  +94.19%
  ✓ mac_total: 模型=86016 实测=86016
  ✓ skip_macs: 模型=0 实测=0
  ✓ skip_stages: 模型=0 实测=0

[PRIM]
项                   模型        实测       偏差
GEMM 引擎           4282      4310   -0.65%
DMA 引擎             714       732   -2.46%
COPY 引擎            468         —        —
softmax 引擎        7316         —        —
调度器                224         —        —
总周期              13004      6618  +96.49%
  ✓ mac_total: 模型=82944 实测=82944
  ✓ skip_macs: 模型=2048 实测=2048
  ✓ skip_stages: 模型=2 实测=2

对账结论：PASS（GEMM/DMA 引擎偏差<5%，MAC 精确命中）
注：总周期只作参考——TB 的 wall-clock 里 softmax/copy 与 GEMM 并行重叠，
    与本模型串行求和口径不可直接比（perf 投影用串行口径=保守上界）。
