Copyright 1986-2021 Xilinx, Inc. All Rights Reserved.
-----------------------------------------------------------------------------------------
| Tool Version      : Vivado v.2021.2 (win64) Build 3367213 Tue Oct 19 02:48:09 MDT 2021
| Date              : Mon Aug 31 14:11:16 2026
| Host              : nc23 running 64-bit major release  (build 9200)
| Command           : report_timing_summary -delay_type max -file ./out_full/timing.rpt
| Design            : ae_actv
| Device            : xczu7ev-ffvc1156
| Speed File        : -2  PRODUCTION 1.29 08-03-2020
| Temperature Grade : E
-----------------------------------------------------------------------------------------

Timing Summary Report

------------------------------------------------------------------------------------------------
| Timer Settings
| --------------
------------------------------------------------------------------------------------------------

  Enable Multi Corner Analysis               :  Yes
  Enable Pessimism Removal                   :  Yes
  Pessimism Removal Resolution               :  Nearest Common Node
  Enable Input Delay Default Clock           :  No
  Enable Preset / Clear Arcs                 :  No
  Disable Flight Delays                      :  No
  Ignore I/O Paths                           :  No
  Timing Early Launch at Borrowing Latches   :  No
  Borrow Time for Max Delay Exceptions       :  Yes
  Merge Timing Exceptions                    :  Yes

  Corner  Analyze    Analyze    
  Name    Max Paths  Min Paths  
  ------  ---------  ---------  
  Slow    Yes        Yes        
  Fast    Yes        Yes        


------------------------------------------------------------------------------------------------
| Report Methodology
| ------------------
------------------------------------------------------------------------------------------------

No report available as report_methodology has not been run prior. Run report_methodology on the current design for the summary of methodology violations.



check_timing report

Table of Contents
-----------------
1. checking no_clock (0)
2. checking constant_clock (0)
3. checking pulse_width_clock (0)
4. checking unconstrained_internal_endpoints (0)
5. checking no_input_delay (245)
6. checking no_output_delay (187)
7. checking multiple_clock (0)
8. checking generated_clocks (0)
9. checking loops (0)
10. checking partial_input_delay (0)
11. checking partial_output_delay (0)
12. checking latch_loops (0)

1. checking no_clock (0)
------------------------
 There are 0 register/latch pins with no clock.


2. checking constant_clock (0)
------------------------------
 There are 0 register/latch pins with constant_clock.


3. checking pulse_width_clock (0)
---------------------------------
 There are 0 register/latch pins which need pulse_width check


4. checking unconstrained_internal_endpoints (0)
------------------------------------------------
 There are 0 pins that are not constrained for maximum delay.

 There are 0 pins that are not constrained for maximum delay due to constant clock.


5. checking no_input_delay (245)
--------------------------------
 There are 245 input ports with no input delay specified. (HIGH)

 There are 0 input ports with no input delay but user has a false path constraint.


6. checking no_output_delay (187)
---------------------------------
 There are 187 ports with no output delay specified. (HIGH)

 There are 0 ports with no output delay but user has a false path constraint

 There are 0 ports with no output delay but with a timing clock defined on it or propagating through it


7. checking multiple_clock (0)
------------------------------
 There are 0 register/latch pins with multiple clocks.


8. checking generated_clocks (0)
--------------------------------
 There are 0 generated clocks that are not connected to a clock source.


9. checking loops (0)
---------------------
 There are 0 combinational loops in the design.


10. checking partial_input_delay (0)
------------------------------------
 There are 0 input ports with partial input delay specified.


11. checking partial_output_delay (0)
-------------------------------------
 There are 0 ports with partial output delay specified.


12. checking latch_loops (0)
----------------------------
 There are 0 combinational latch loops in the design through latch input



------------------------------------------------------------------------------------------------
| Design Timing Summary
| ---------------------
------------------------------------------------------------------------------------------------

    WNS(ns)      TNS(ns)  TNS Failing Endpoints  TNS Total Endpoints     WPWS(ns)     TPWS(ns)  TPWS Failing Endpoints  TPWS Total Endpoints  
    -------      -------  ---------------------  -------------------     --------     --------  ----------------------  --------------------  
     -0.229      -22.120                    112                 6660        1.458        0.000                       0                  1629  


Timing constraints are not met.


------------------------------------------------------------------------------------------------
| Clock Summary
| -------------
------------------------------------------------------------------------------------------------

Clock  Waveform(ns)         Period(ns)      Frequency(MHz)
-----  ------------         ----------      --------------
clk    {0.000 2.000}        4.000           250.000         


------------------------------------------------------------------------------------------------
| Intra Clock Table
| -----------------
------------------------------------------------------------------------------------------------

Clock             WNS(ns)      TNS(ns)  TNS Failing Endpoints  TNS Total Endpoints     WPWS(ns)     TPWS(ns)  TPWS Failing Endpoints  TPWS Total Endpoints  
-----             -------      -------  ---------------------  -------------------     --------     --------  ----------------------  --------------------  
clk                -0.229      -22.120                    112                 6660        1.458        0.000                       0                  1629  


------------------------------------------------------------------------------------------------
| Inter Clock Table
| -----------------
------------------------------------------------------------------------------------------------

From Clock    To Clock          WNS(ns)      TNS(ns)  TNS Failing Endpoints  TNS Total Endpoints  
----------    --------          -------      -------  ---------------------  -------------------  


------------------------------------------------------------------------------------------------
| Other Path Groups Table
| -----------------------
------------------------------------------------------------------------------------------------

Path Group    From Clock    To Clock          WNS(ns)      TNS(ns)  TNS Failing Endpoints  TNS Total Endpoints  
----------    ----------    --------          -------      -------  ---------------------  -------------------  


------------------------------------------------------------------------------------------------
| Timing Details
| --------------
------------------------------------------------------------------------------------------------


---------------------------------------------------------------------------------------------------
From Clock:  clk
  To Clock:  clk

Setup :          112  Failing Endpoints,  Worst Slack       -0.229ns,  Total Violation      -22.120ns
Hold  :           NA  Failing Endpoints,  Worst Slack           NA  ,  Total Violation           NA
PW    :            0  Failing Endpoints,  Worst Slack        1.458ns,  Total Violation        0.000ns
---------------------------------------------------------------------------------------------------


Max Delay Paths
--------------------------------------------------------------------------------------
Slack (VIOLATED) :        -0.229ns  (required time - arrival time)
  Source:                 rd_r_reg[5]/C
                            (rising edge-triggered cell FDCE clocked by clk  {rise@0.000ns fall@2.000ns period=4.000ns})
  Destination:            ctx_wdata_reg[0]/D
                            (rising edge-triggered cell FDCE clocked by clk  {rise@0.000ns fall@2.000ns period=4.000ns})
  Path Group:             clk
  Path Type:              Setup (Max at Slow Process Corner)
  Requirement:            4.000ns  (clk rise@4.000ns - clk rise@0.000ns)
  Data Path Delay:        4.219ns  (logic 1.659ns (39.322%)  route 2.560ns (60.678%))
  Logic Levels:           19  (CARRY8=8 LUT1=1 LUT2=1 LUT3=1 LUT4=2 LUT5=2 LUT6=4)
  Clock Uncertainty:      0.035ns  ((TSJ^2 + TIJ^2)^1/2 + DJ) / 2 + PE
    Total System Jitter     (TSJ):    0.071ns
    Total Input Jitter      (TIJ):    0.000ns
    Discrete Jitter          (DJ):    0.000ns
    Phase Error              (PE):    0.000ns

    Location             Delay type                Incr(ns)  Path(ns)    Netlist Resource(s)
  -------------------------------------------------------------------    -------------------
                         (clock clk rise edge)        0.000     0.000 r  
                                                      0.000     0.000 r  clk (IN)
                         net (fo=1628, unset)         0.000     0.000    clk
                         FDCE                                         r  rd_r_reg[5]/C
  -------------------------------------------------------------------    -------------------
                         FDCE (Prop_FDCE_C_Q)         0.077     0.077 r  rd_r_reg[5]/Q
                         net (fo=67, unplaced)        0.230     0.307    rd_r_reg_n_0_[5]
                         LUT6 (Prop_LUT6_I0_O)        0.150     0.457 r  ctx_wdata[7]_i_202/O
                         net (fo=2, unplaced)         0.137     0.594    ctx_wdata[7]_i_202_n_0
                         LUT6 (Prop_LUT6_I0_O)        0.051     0.645 r  ctx_wdata[7]_i_209/O
                         net (fo=1, unplaced)         0.029     0.674    ctx_wdata[7]_i_209_n_0
                         CARRY8 (Prop_CARRY8_S[5]_CO[7])
                                                      0.166     0.840 r  ctx_wdata_reg[7]_i_173/CO[7]
                         net (fo=1, unplaced)         0.005     0.845    ctx_wdata_reg[7]_i_173_n_0
                         CARRY8 (Prop_CARRY8_CI_O[1])
                                                      0.076     0.921 r  ctx_wdata_reg[7]_i_193/O[1]
                         net (fo=2, unplaced)         0.183     1.104    ctx_wdata_reg[7]_i_193_n_14
                         LUT3 (Prop_LUT3_I1_O)        0.070     1.174 r  ctx_wdata[7]_i_132/O
                         net (fo=2, unplaced)         0.219     1.393    ctx_wdata[7]_i_132_n_0
                         LUT4 (Prop_LUT4_I3_O)        0.037     1.430 r  ctx_wdata[7]_i_140/O
                         net (fo=1, unplaced)         0.023     1.453    ctx_wdata[7]_i_140_n_0
                         CARRY8 (Prop_CARRY8_S[1]_CO[7])
                                                      0.197     1.650 r  ctx_wdata_reg[7]_i_76/CO[7]
                         net (fo=1, unplaced)         0.005     1.655    ctx_wdata_reg[7]_i_76_n_0
                         CARRY8 (Prop_CARRY8_CI_O[1])
                                                      0.076     1.731 r  ctx_wdata_reg[7]_i_75/O[1]
                         net (fo=3, unplaced)         0.189     1.920    g_bias[0].prod[21]
                         LUT2 (Prop_LUT2_I1_O)        0.037     1.957 r  ctx_wdata[7]_i_80/O
                         net (fo=1, unplaced)         0.029     1.986    ctx_wdata[7]_i_80_n_0
                         CARRY8 (Prop_CARRY8_S[5]_CO[7])
                                                      0.166     2.152 f  ctx_wdata_reg[7]_i_42/CO[7]
                         net (fo=1, unplaced)         0.005     2.157    ctx_wdata_reg[7]_i_42_n_0
                         CARRY8 (Prop_CARRY8_CI_CO[0])
                                                      0.052     2.209 f  ctx_wdata_reg[7]_i_12/CO[0]
                         net (fo=70, unplaced)        0.262     2.471    ctx_wdata_reg[7]_i_12_n_7
                         LUT5 (Prop_LUT5_I2_O)        0.038     2.509 r  ctx_wdata[7]_i_38/O
                         net (fo=3, unplaced)         0.147     2.656    ctx_wdata[7]_i_38_n_0
                         LUT6 (Prop_LUT6_I0_O)        0.100     2.756 r  ctx_wdata[7]_i_11/O
                         net (fo=2, unplaced)         0.185     2.941    ctx_wdata[7]_i_11_n_0
                         LUT5 (Prop_LUT5_I2_O)        0.038     2.979 r  ctx_wdata[7]_i_3/O
                         net (fo=5, unplaced)         0.203     3.182    g_bias[0].p_sh[7]
                         LUT1 (Prop_LUT1_I0_O)        0.070     3.252 f  ctx_wdata[7]_i_23/O
                         net (fo=1, unplaced)         0.260     3.512    ctx_wdata[7]_i_23_n_0
                         CARRY8 (Prop_CARRY8_DI[0]_CO[7])
                                                      0.140     3.652 f  ctx_wdata_reg[7]_i_6/CO[7]
                         net (fo=1, unplaced)         0.005     3.657    ctx_wdata_reg[7]_i_6_n_0
                         CARRY8 (Prop_CARRY8_CI_CO[1])
                                                      0.042     3.699 f  ctx_wdata_reg[7]_i_2/CO[1]
                         net (fo=8, unplaced)         0.211     3.910    ctx_wdata_reg[7]_i_2_n_6
                         LUT6 (Prop_LUT6_I5_O)        0.038     3.948 r  ctx_wdata[0]_i_2/O
                         net (fo=1, unplaced)         0.185     4.133    ctx_wdata[0]_i_2_n_0
                         LUT4 (Prop_LUT4_I1_O)        0.038     4.171 r  ctx_wdata[0]_i_1/O
                         net (fo=1, unplaced)         0.048     4.219    ctx_wdata[0]_i_1_n_0
                         FDCE                                         r  ctx_wdata_reg[0]/D
  -------------------------------------------------------------------    -------------------

                         (clock clk rise edge)        4.000     4.000 r  
                                                      0.000     4.000 r  clk (IN)
                         net (fo=1628, unset)         0.000     4.000    clk
                         FDCE                                         r  ctx_wdata_reg[0]/C
                         clock pessimism              0.000     4.000    
                         clock uncertainty           -0.035     3.965    
                         FDCE (Setup_FDCE_C_D)        0.025     3.990    ctx_wdata_reg[0]
  -------------------------------------------------------------------
                         required time                          3.990    
                         arrival time                          -4.219    
  -------------------------------------------------------------------
                         slack                                 -0.229    





Pulse Width Checks
--------------------------------------------------------------------------------------
Clock Name:         clk
Waveform(ns):       { 0.000 2.000 }
Period(ns):         4.000
Sources:            { clk }

Check Type        Corner  Lib Pin             Reference Pin  Required(ns)  Actual(ns)  Slack(ns)  Location  Pin
Min Period        n/a     RAMB36E2/CLKARDCLK  n/a            1.569         4.000       2.431                bias_mem_reg_bram_0/CLKARDCLK
Low Pulse Width   Slow    RAMB36E2/CLKARDCLK  n/a            0.542         2.000       1.458                bias_mem_reg_bram_0/CLKARDCLK
High Pulse Width  Slow    RAMB36E2/CLKARDCLK  n/a            0.542         2.000       1.458                bias_mem_reg_bram_0/CLKARDCLK



