Copyright 1986-2021 Xilinx, Inc. All Rights Reserved.
-------------------------------------------------------------------------------------------
| Tool Version     : Vivado v.2021.2 (win64) Build 3367213 Tue Oct 19 02:48:09 MDT 2021
| Date             : Tue Sep  8 22:04:23 2026
| Host             : nc23 running 64-bit major release  (build 9200)
| Command          : report_power -file E:/ae_syn/hb_h1/runs/eng64/route/power.rpt
| Design           : top_eng64
| Device           : xczu7ev-ffvc1156-2-e
| Design State     : routed
| Grade            : extended
| Process          : typical
| Characterization : Production
-------------------------------------------------------------------------------------------

Power Report

Table of Contents
-----------------
1. Summary
1.1 On-Chip Components
1.2 Power Supply Summary
1.3 Confidence Level
2. Settings
2.1 Environment
2.2 Clock Constraints
3. Detailed Reports
3.1 By Hierarchy

1. Summary
----------

+--------------------------+--------------+
| Total On-Chip Power (W)  | 10.709       |
| Design Power Budget (W)  | Unspecified* |
| Power Budget Margin (W)  | NA           |
| Dynamic (W)              | 10.054       |
| Device Static (W)        | 0.655        |
| Effective TJA (C/W)      | 1.0          |
| Max Ambient (C)          | 89.5         |
| Junction Temperature (C) | 35.5         |
| Confidence Level         | Medium       |
| Setting File             | ---          |
| Simulation Activity File | ---          |
| Design Nets Matched      | NA           |
+--------------------------+--------------+
* Specify Design Power Budget using, set_operating_conditions -design_power_budget <value in Watts>


1.1 On-Chip Components
----------------------

+-------------------------+-----------+----------+-----------+-----------------+
| On-Chip                 | Power (W) | Used     | Available | Utilization (%) |
+-------------------------+-----------+----------+-----------+-----------------+
| Clocks                  |     1.651 |        3 |       --- |             --- |
| CLB Logic               |     3.277 |   484917 |       --- |             --- |
|   LUT as Logic          |     2.663 |   152897 |    230400 |           66.36 |
|   CARRY8                |     0.292 |    13617 |     28800 |           47.28 |
|   Register              |     0.269 |   243081 |    460800 |           52.75 |
|   LUT as Shift Register |     0.054 |     2419 |    101760 |            2.38 |
|   Others                |     0.000 |     5254 |       --- |             --- |
|   F7/F8 Muxes           |     0.000 |    17080 |    230400 |            7.41 |
| Signals                 |     4.237 |   367772 |       --- |             --- |
| DSPs                    |     0.889 |     1024 |      1728 |           59.26 |
| Static Power            |     0.655 |          |           |                 |
| Total                   |    10.709 |          |           |                 |
+-------------------------+-----------+----------+-----------+-----------------+


1.2 Power Supply Summary
------------------------

+-----------------+-------------+-----------+-------------+------------+-------------+-------------+------------+
| Source          | Voltage (V) | Total (A) | Dynamic (A) | Static (A) | Powerup (A) | Budget (A)  | Margin (A) |
+-----------------+-------------+-----------+-------------+------------+-------------+-------------+------------+
| Vccint          |       0.850 |    12.031 |      11.828 |      0.203 |       NA    | Unspecified | NA         |
| Vccint_io       |       0.850 |     0.074 |       0.000 |      0.074 |       NA    | Unspecified | NA         |
| Vccbram         |       0.850 |     0.003 |       0.000 |      0.003 |       NA    | Unspecified | NA         |
| Vccaux          |       1.800 |     0.144 |       0.000 |      0.144 |       NA    | Unspecified | NA         |
| Vccaux_io       |       1.800 |     0.055 |       0.000 |      0.055 |       NA    | Unspecified | NA         |
| Vcco33          |       3.300 |     0.000 |       0.000 |      0.000 |       NA    | Unspecified | NA         |
| Vcco25          |       2.500 |     0.000 |       0.000 |      0.000 |       NA    | Unspecified | NA         |
| Vcco18          |       1.800 |     0.000 |       0.000 |      0.000 |       NA    | Unspecified | NA         |
| Vcco15          |       1.500 |     0.000 |       0.000 |      0.000 |       NA    | Unspecified | NA         |
| Vcco135         |       1.350 |     0.000 |       0.000 |      0.000 |       NA    | Unspecified | NA         |
| Vcco12          |       1.200 |     0.000 |       0.000 |      0.000 |       NA    | Unspecified | NA         |
| Vcco10          |       1.000 |     0.000 |       0.000 |      0.000 |       NA    | Unspecified | NA         |
| Vccadc          |       1.800 |     0.008 |       0.000 |      0.008 |       NA    | Unspecified | NA         |
| VCC_PSINTFP     |       0.850 |     0.000 |       0.000 |      0.000 |       NA    | Unspecified | NA         |
| VCC_PSINTLP     |       0.850 |     0.007 |       0.000 |      0.007 |       NA    | Unspecified | NA         |
| VPS_MGTRAVCC    |       0.850 |     0.000 |       0.000 |      0.000 |       NA    | Unspecified | NA         |
| VCC_PSINTFP_DDR |       0.850 |     0.000 |       0.000 |      0.000 |       NA    | Unspecified | NA         |
| VCC_PSPLL       |       1.200 |     0.002 |       0.000 |      0.002 |       NA    | Unspecified | NA         |
| VPS_MGTRAVTT    |       1.800 |     0.000 |       0.000 |      0.000 |       NA    | Unspecified | NA         |
| VCCO_PSDDR_504  |       1.200 |     0.000 |       0.000 |      0.000 |       NA    | Unspecified | NA         |
| VCC_PSAUX       |       1.800 |     0.002 |       0.000 |      0.002 |       NA    | Unspecified | NA         |
| VCC_PSBATT      |       1.200 |     0.000 |       0.000 |      0.000 |       NA    | Unspecified | NA         |
| VCC_PSDDR_PLL   |       1.800 |     0.000 |       0.000 |      0.000 |       NA    | Unspecified | NA         |
| VCCO_PSIO0_500  |       3.300 |     0.000 |       0.000 |      0.000 |       NA    | Unspecified | NA         |
| VCCO_PSIO1_501  |       3.300 |     0.000 |       0.000 |      0.000 |       NA    | Unspecified | NA         |
| VCCO_PSIO2_502  |       3.300 |     0.000 |       0.000 |      0.000 |       NA    | Unspecified | NA         |
| VCCO_PSIO3_503  |       3.300 |     0.000 |       0.000 |      0.000 |       NA    | Unspecified | NA         |
| VCC_PSADC       |       1.800 |     0.002 |       0.000 |      0.002 |       NA    | Unspecified | NA         |
| VCCINT_VCU      |       0.900 |     0.034 |       0.000 |      0.034 |       NA    | Unspecified | NA         |
| MGTAVcc         |       0.900 |     0.000 |       0.000 |      0.000 |       NA    | Unspecified | NA         |
| MGTAVtt         |       1.200 |     0.000 |       0.000 |      0.000 |       NA    | Unspecified | NA         |
| MGTVccaux       |       1.800 |     0.000 |       0.000 |      0.000 |       NA    | Unspecified | NA         |
+-----------------+-------------+-----------+-------------+------------+-------------+-------------+------------+


1.3 Confidence Level
--------------------

+-----------------------------+------------+------------------------------------------------+------------------------------------------------------------------------------------------------------------+
| User Input Data             | Confidence | Details                                        | Action                                                                                                     |
+-----------------------------+------------+------------------------------------------------+------------------------------------------------------------------------------------------------------------+
| Design implementation state | High       | Design is routed                               |                                                                                                            |
| Clock nodes activity        | High       | User specified more than 95% of clocks         |                                                                                                            |
| I/O nodes activity          | High       | User specified more than 95% of inputs         |                                                                                                            |
| Internal nodes activity     | Medium     | User specified less than 25% of internal nodes | Provide missing internal nodes activity with simulation results or by editing the "By Resource Type" views |
| Device models               | High       | Device models are Production                   |                                                                                                            |
|                             |            |                                                |                                                                                                            |
| Overall confidence level    | Medium     |                                                |                                                                                                            |
+-----------------------------+------------+------------------------------------------------+------------------------------------------------------------------------------------------------------------+


2. Settings
-----------

2.1 Environment
---------------

+-----------------------+--------------------------+
| Ambient Temp (C)      | 25.0                     |
| ThetaJA (C/W)         | 1.0                      |
| Airflow (LFM)         | 250                      |
| Heat Sink             | medium (Medium Profile)  |
| ThetaSA (C/W)         | 1.5                      |
| Board Selection       | medium (10"x10")         |
| # of Board Layers     | 12to15 (12 to 15 Layers) |
| Board Temperature (C) | 25.0                     |
+-----------------------+--------------------------+


2.2 Clock Constraints
---------------------

+-------+--------+-----------------+
| Clock | Domain | Constraint (ns) |
+-------+--------+-----------------+
| clk   | clk    |             3.3 |
+-------+--------+-----------------+


3. Detailed Reports
-------------------

3.1 By Hierarchy
----------------

+--------------------------------+-----------+
| Name                           | Power (W) |
+--------------------------------+-----------+
| top_eng64                      |    10.054 |
|   u_eng                        |    10.054 |
|     g_rq[0].u_ms               |     0.040 |
|       u_core                   |     0.029 |
|     g_rq[10].u_ms              |     0.039 |
|       u_core                   |     0.028 |
|     g_rq[11].u_ms              |     0.039 |
|       u_core                   |     0.029 |
|     g_rq[12].u_ms              |     0.040 |
|       u_core                   |     0.029 |
|     g_rq[13].u_ms              |     0.039 |
|       u_core                   |     0.028 |
|     g_rq[14].u_ms              |     0.040 |
|       u_core                   |     0.028 |
|     g_rq[15].u_ms              |     0.038 |
|       u_core                   |     0.028 |
|     g_rq[16].u_ms              |     0.042 |
|       u_core                   |     0.031 |
|     g_rq[17].u_ms              |     0.043 |
|       u_core                   |     0.030 |
|     g_rq[18].u_ms              |     0.039 |
|       u_core                   |     0.027 |
|     g_rq[19].u_ms              |     0.038 |
|       u_core                   |     0.028 |
|     g_rq[1].u_ms               |     0.039 |
|       u_core                   |     0.028 |
|     g_rq[20].u_ms              |     0.039 |
|       u_core                   |     0.028 |
|     g_rq[21].u_ms              |     0.040 |
|       u_core                   |     0.029 |
|     g_rq[22].u_ms              |     0.041 |
|       u_core                   |     0.031 |
|     g_rq[23].u_ms              |     0.042 |
|       u_core                   |     0.031 |
|     g_rq[24].u_ms              |     0.043 |
|       u_core                   |     0.031 |
|     g_rq[25].u_ms              |     0.047 |
|       u_core                   |     0.034 |
|     g_rq[26].u_ms              |     0.041 |
|       u_core                   |     0.030 |
|     g_rq[27].u_ms              |     0.039 |
|       u_core                   |     0.027 |
|     g_rq[28].u_ms              |     0.055 |
|       u_core                   |     0.042 |
|     g_rq[29].u_ms              |     0.045 |
|       u_core                   |     0.032 |
|     g_rq[2].u_ms               |     0.037 |
|       u_core                   |     0.027 |
|     g_rq[30].u_ms              |     0.041 |
|       u_core                   |     0.029 |
|     g_rq[31].u_ms              |     0.043 |
|       u_core                   |     0.030 |
|     g_rq[3].u_ms               |     0.037 |
|       u_core                   |     0.027 |
|     g_rq[4].u_ms               |     0.039 |
|       u_core                   |     0.027 |
|     g_rq[5].u_ms               |     0.037 |
|       u_core                   |     0.026 |
|     g_rq[6].u_ms               |     0.037 |
|       u_core                   |     0.028 |
|     g_rq[7].u_ms               |     0.035 |
|       u_core                   |     0.027 |
|     g_rq[8].u_ms               |     0.041 |
|       u_core                   |     0.030 |
|     g_rq[9].u_ms               |     0.042 |
|       u_core                   |     0.029 |
|     u_arr                      |     8.258 |
|       g_row[0].g_col[0].u_pe   |     0.009 |
|       g_row[0].g_col[10].u_pe  |     0.008 |
|       g_row[0].g_col[11].u_pe  |     0.007 |
|       g_row[0].g_col[12].u_pe  |     0.009 |
|       g_row[0].g_col[13].u_pe  |     0.010 |
|       g_row[0].g_col[14].u_pe  |     0.008 |
|       g_row[0].g_col[15].u_pe  |     0.010 |
|       g_row[0].g_col[16].u_pe  |     0.007 |
|       g_row[0].g_col[17].u_pe  |     0.008 |
|       g_row[0].g_col[18].u_pe  |     0.007 |
|       g_row[0].g_col[19].u_pe  |     0.007 |
|       g_row[0].g_col[1].u_pe   |     0.013 |
|       g_row[0].g_col[20].u_pe  |     0.008 |
|       g_row[0].g_col[21].u_pe  |     0.007 |
|       g_row[0].g_col[22].u_pe  |     0.007 |
|       g_row[0].g_col[23].u_pe  |     0.007 |
|       g_row[0].g_col[24].u_pe  |     0.008 |
|       g_row[0].g_col[25].u_pe  |     0.010 |
|       g_row[0].g_col[26].u_pe  |     0.007 |
|       g_row[0].g_col[27].u_pe  |     0.008 |
|       g_row[0].g_col[28].u_pe  |     0.008 |
|       g_row[0].g_col[29].u_pe  |     0.007 |
|       g_row[0].g_col[2].u_pe   |     0.008 |
|       g_row[0].g_col[30].u_pe  |     0.007 |
|       g_row[0].g_col[31].u_pe  |     0.007 |
|       g_row[0].g_col[32].u_pe  |     0.007 |
|       g_row[0].g_col[33].u_pe  |     0.009 |
|       g_row[0].g_col[34].u_pe  |     0.007 |
|       g_row[0].g_col[35].u_pe  |     0.007 |
|       g_row[0].g_col[36].u_pe  |     0.007 |
|       g_row[0].g_col[37].u_pe  |     0.007 |
|       g_row[0].g_col[38].u_pe  |     0.008 |
|       g_row[0].g_col[39].u_pe  |     0.008 |
|       g_row[0].g_col[3].u_pe   |     0.007 |
|       g_row[0].g_col[40].u_pe  |     0.008 |
|       g_row[0].g_col[41].u_pe  |     0.008 |
|       g_row[0].g_col[42].u_pe  |     0.007 |
|       g_row[0].g_col[43].u_pe  |     0.007 |
|       g_row[0].g_col[44].u_pe  |     0.007 |
|       g_row[0].g_col[45].u_pe  |     0.007 |
|       g_row[0].g_col[46].u_pe  |     0.007 |
|       g_row[0].g_col[47].u_pe  |     0.007 |
|       g_row[0].g_col[48].u_pe  |     0.007 |
|       g_row[0].g_col[49].u_pe  |     0.007 |
|       g_row[0].g_col[4].u_pe   |     0.008 |
|       g_row[0].g_col[50].u_pe  |     0.007 |
|       g_row[0].g_col[51].u_pe  |     0.009 |
|       g_row[0].g_col[52].u_pe  |     0.009 |
|       g_row[0].g_col[53].u_pe  |     0.009 |
|       g_row[0].g_col[54].u_pe  |     0.009 |
|       g_row[0].g_col[55].u_pe  |     0.010 |
|       g_row[0].g_col[56].u_pe  |     0.008 |
|       g_row[0].g_col[57].u_pe  |     0.009 |
|       g_row[0].g_col[58].u_pe  |     0.008 |
|       g_row[0].g_col[59].u_pe  |     0.007 |
|       g_row[0].g_col[5].u_pe   |     0.007 |
|       g_row[0].g_col[60].u_pe  |     0.007 |
|       g_row[0].g_col[61].u_pe  |     0.008 |
|       g_row[0].g_col[62].u_pe  |     0.007 |
|       g_row[0].g_col[63].u_pe  |     0.007 |
|       g_row[0].g_col[6].u_pe   |     0.008 |
|       g_row[0].g_col[7].u_pe   |     0.008 |
|       g_row[0].g_col[8].u_pe   |     0.007 |
|       g_row[0].g_col[9].u_pe   |     0.007 |
|       g_row[10].g_col[0].u_pe  |     0.009 |
|       g_row[10].g_col[10].u_pe |     0.008 |
|       g_row[10].g_col[11].u_pe |     0.008 |
|       g_row[10].g_col[12].u_pe |     0.009 |
|       g_row[10].g_col[13].u_pe |     0.010 |
|       g_row[10].g_col[14].u_pe |     0.008 |
|       g_row[10].g_col[15].u_pe |     0.008 |
|       g_row[10].g_col[16].u_pe |     0.008 |
|       g_row[10].g_col[17].u_pe |     0.008 |
|       g_row[10].g_col[18].u_pe |     0.007 |
|       g_row[10].g_col[19].u_pe |     0.008 |
|       g_row[10].g_col[1].u_pe  |     0.012 |
|       g_row[10].g_col[20].u_pe |     0.008 |
|       g_row[10].g_col[21].u_pe |     0.008 |
|       g_row[10].g_col[22].u_pe |     0.008 |
|       g_row[10].g_col[23].u_pe |     0.008 |
|       g_row[10].g_col[24].u_pe |     0.008 |
|       g_row[10].g_col[25].u_pe |     0.009 |
|       g_row[10].g_col[26].u_pe |     0.007 |
|       g_row[10].g_col[27].u_pe |     0.007 |
|       g_row[10].g_col[28].u_pe |     0.008 |
|       g_row[10].g_col[29].u_pe |     0.008 |
|       g_row[10].g_col[2].u_pe  |     0.007 |
|       g_row[10].g_col[30].u_pe |     0.008 |
|       g_row[10].g_col[31].u_pe |     0.007 |
|       g_row[10].g_col[32].u_pe |     0.007 |
|       g_row[10].g_col[33].u_pe |     0.009 |
|       g_row[10].g_col[34].u_pe |     0.008 |
|       g_row[10].g_col[35].u_pe |     0.008 |
|       g_row[10].g_col[36].u_pe |     0.007 |
|       g_row[10].g_col[37].u_pe |     0.008 |
|       g_row[10].g_col[38].u_pe |     0.008 |
|       g_row[10].g_col[39].u_pe |     0.008 |
|       g_row[10].g_col[3].u_pe  |     0.008 |
|       g_row[10].g_col[40].u_pe |     0.008 |
|       g_row[10].g_col[41].u_pe |     0.008 |
|       g_row[10].g_col[42].u_pe |     0.007 |
|       g_row[10].g_col[43].u_pe |     0.008 |
|       g_row[10].g_col[44].u_pe |     0.007 |
|       g_row[10].g_col[45].u_pe |     0.007 |
|       g_row[10].g_col[46].u_pe |     0.007 |
|       g_row[10].g_col[47].u_pe |     0.008 |
|       g_row[10].g_col[48].u_pe |     0.007 |
|       g_row[10].g_col[49].u_pe |     0.007 |
|       g_row[10].g_col[4].u_pe  |     0.008 |
|       g_row[10].g_col[50].u_pe |     0.007 |
|       g_row[10].g_col[51].u_pe |     0.008 |
|       g_row[10].g_col[52].u_pe |     0.009 |
|       g_row[10].g_col[53].u_pe |     0.009 |
|       g_row[10].g_col[54].u_pe |     0.007 |
|       g_row[10].g_col[55].u_pe |     0.008 |
|       g_row[10].g_col[56].u_pe |     0.008 |
|       g_row[10].g_col[57].u_pe |     0.008 |
|       g_row[10].g_col[58].u_pe |     0.007 |
|       g_row[10].g_col[59].u_pe |     0.008 |
|       g_row[10].g_col[5].u_pe  |     0.007 |
|       g_row[10].g_col[60].u_pe |     0.008 |
|       g_row[10].g_col[61].u_pe |     0.007 |
|       g_row[10].g_col[62].u_pe |     0.007 |
|       g_row[10].g_col[63].u_pe |     0.008 |
|       g_row[10].g_col[6].u_pe  |     0.008 |
|       g_row[10].g_col[7].u_pe  |     0.008 |
|       g_row[10].g_col[8].u_pe  |     0.007 |
|       g_row[10].g_col[9].u_pe  |     0.007 |
|       g_row[11].g_col[0].u_pe  |     0.008 |
|       g_row[11].g_col[10].u_pe |     0.008 |
|       g_row[11].g_col[11].u_pe |     0.010 |
|       g_row[11].g_col[12].u_pe |     0.009 |
|       g_row[11].g_col[13].u_pe |     0.010 |
|       g_row[11].g_col[14].u_pe |     0.009 |
|       g_row[11].g_col[15].u_pe |     0.009 |
|       g_row[11].g_col[16].u_pe |     0.008 |
|       g_row[11].g_col[17].u_pe |     0.007 |
|       g_row[11].g_col[18].u_pe |     0.007 |
|       g_row[11].g_col[19].u_pe |     0.008 |
|       g_row[11].g_col[1].u_pe  |     0.013 |
|       g_row[11].g_col[20].u_pe |     0.008 |
|       g_row[11].g_col[21].u_pe |     0.008 |
|       g_row[11].g_col[22].u_pe |     0.008 |
|       g_row[11].g_col[23].u_pe |     0.009 |
|       g_row[11].g_col[24].u_pe |     0.008 |
|       g_row[11].g_col[25].u_pe |     0.009 |
|       g_row[11].g_col[26].u_pe |     0.007 |
|       g_row[11].g_col[27].u_pe |     0.008 |
|       g_row[11].g_col[28].u_pe |     0.007 |
|       g_row[11].g_col[29].u_pe |     0.008 |
|       g_row[11].g_col[2].u_pe  |     0.007 |
|       g_row[11].g_col[30].u_pe |     0.007 |
|       g_row[11].g_col[31].u_pe |     0.008 |
|       g_row[11].g_col[32].u_pe |     0.008 |
|       g_row[11].g_col[33].u_pe |     0.009 |
|       g_row[11].g_col[34].u_pe |     0.008 |
|       g_row[11].g_col[35].u_pe |     0.008 |
|       g_row[11].g_col[36].u_pe |     0.008 |
|       g_row[11].g_col[37].u_pe |     0.008 |
|       g_row[11].g_col[38].u_pe |     0.008 |
|       g_row[11].g_col[39].u_pe |     0.008 |
|       g_row[11].g_col[3].u_pe  |     0.008 |
|       g_row[11].g_col[40].u_pe |     0.008 |
|       g_row[11].g_col[41].u_pe |     0.007 |
|       g_row[11].g_col[42].u_pe |     0.007 |
|       g_row[11].g_col[43].u_pe |     0.008 |
|       g_row[11].g_col[44].u_pe |     0.007 |
|       g_row[11].g_col[45].u_pe |     0.007 |
|       g_row[11].g_col[46].u_pe |     0.008 |
|       g_row[11].g_col[47].u_pe |     0.007 |
|       g_row[11].g_col[48].u_pe |     0.007 |
|       g_row[11].g_col[49].u_pe |     0.007 |
|       g_row[11].g_col[4].u_pe  |     0.008 |
|       g_row[11].g_col[50].u_pe |     0.007 |
|       g_row[11].g_col[51].u_pe |     0.007 |
|       g_row[11].g_col[52].u_pe |     0.009 |
|       g_row[11].g_col[53].u_pe |     0.009 |
|       g_row[11].g_col[54].u_pe |     0.008 |
|       g_row[11].g_col[55].u_pe |     0.008 |
|       g_row[11].g_col[56].u_pe |     0.008 |
|       g_row[11].g_col[57].u_pe |     0.008 |
|       g_row[11].g_col[58].u_pe |     0.008 |
|       g_row[11].g_col[59].u_pe |     0.008 |
|       g_row[11].g_col[5].u_pe  |     0.008 |
|       g_row[11].g_col[60].u_pe |     0.007 |
|       g_row[11].g_col[61].u_pe |     0.007 |
|       g_row[11].g_col[62].u_pe |     0.007 |
|       g_row[11].g_col[63].u_pe |     0.007 |
|       g_row[11].g_col[6].u_pe  |     0.008 |
|       g_row[11].g_col[7].u_pe  |     0.008 |
|       g_row[11].g_col[8].u_pe  |     0.007 |
|       g_row[11].g_col[9].u_pe  |     0.007 |
|       g_row[12].g_col[0].u_pe  |     0.008 |
|       g_row[12].g_col[10].u_pe |     0.009 |
|       g_row[12].g_col[11].u_pe |     0.009 |
|       g_row[12].g_col[12].u_pe |     0.009 |
|       g_row[12].g_col[13].u_pe |     0.010 |
|       g_row[12].g_col[14].u_pe |     0.008 |
|       g_row[12].g_col[15].u_pe |     0.008 |
|       g_row[12].g_col[16].u_pe |     0.009 |
|       g_row[12].g_col[17].u_pe |     0.007 |
|       g_row[12].g_col[18].u_pe |     0.008 |
|       g_row[12].g_col[19].u_pe |     0.008 |
|       g_row[12].g_col[1].u_pe  |     0.010 |
|       g_row[12].g_col[20].u_pe |     0.009 |
|       g_row[12].g_col[21].u_pe |     0.008 |
|       g_row[12].g_col[22].u_pe |     0.008 |
|       g_row[12].g_col[23].u_pe |     0.009 |
|       g_row[12].g_col[24].u_pe |     0.008 |
|       g_row[12].g_col[25].u_pe |     0.009 |
|       g_row[12].g_col[26].u_pe |     0.007 |
|       g_row[12].g_col[27].u_pe |     0.007 |
|       g_row[12].g_col[28].u_pe |     0.008 |
|       g_row[12].g_col[29].u_pe |     0.008 |
|       g_row[12].g_col[2].u_pe  |     0.009 |
|       g_row[12].g_col[30].u_pe |     0.008 |
|       g_row[12].g_col[31].u_pe |     0.008 |
|       g_row[12].g_col[32].u_pe |     0.007 |
|       g_row[12].g_col[33].u_pe |     0.009 |
|       g_row[12].g_col[34].u_pe |     0.008 |
|       g_row[12].g_col[35].u_pe |     0.007 |
|       g_row[12].g_col[36].u_pe |     0.007 |
|       g_row[12].g_col[37].u_pe |     0.008 |
|       g_row[12].g_col[38].u_pe |     0.007 |
|       g_row[12].g_col[39].u_pe |     0.007 |
|       g_row[12].g_col[3].u_pe  |     0.007 |
|       g_row[12].g_col[40].u_pe |     0.008 |
|       g_row[12].g_col[41].u_pe |     0.007 |
|       g_row[12].g_col[42].u_pe |     0.007 |
|       g_row[12].g_col[43].u_pe |     0.008 |
|       g_row[12].g_col[44].u_pe |     0.008 |
|       g_row[12].g_col[45].u_pe |     0.007 |
|       g_row[12].g_col[46].u_pe |     0.007 |
|       g_row[12].g_col[47].u_pe |     0.007 |
|       g_row[12].g_col[48].u_pe |     0.007 |
|       g_row[12].g_col[49].u_pe |     0.007 |
|       g_row[12].g_col[4].u_pe  |     0.008 |
|       g_row[12].g_col[50].u_pe |     0.007 |
|       g_row[12].g_col[51].u_pe |     0.007 |
|       g_row[12].g_col[52].u_pe |     0.009 |
|       g_row[12].g_col[53].u_pe |     0.008 |
|       g_row[12].g_col[54].u_pe |     0.008 |
|       g_row[12].g_col[55].u_pe |     0.008 |
|       g_row[12].g_col[56].u_pe |     0.008 |
|       g_row[12].g_col[57].u_pe |     0.008 |
|       g_row[12].g_col[58].u_pe |     0.008 |
|       g_row[12].g_col[59].u_pe |     0.008 |
|       g_row[12].g_col[5].u_pe  |     0.007 |
|       g_row[12].g_col[60].u_pe |     0.007 |
|       g_row[12].g_col[61].u_pe |     0.008 |
|       g_row[12].g_col[62].u_pe |     0.008 |
|       g_row[12].g_col[63].u_pe |     0.007 |
|       g_row[12].g_col[6].u_pe  |     0.008 |
|       g_row[12].g_col[7].u_pe  |     0.008 |
|       g_row[12].g_col[8].u_pe  |     0.008 |
|       g_row[12].g_col[9].u_pe  |     0.007 |
|       g_row[13].g_col[0].u_pe  |     0.008 |
|       g_row[13].g_col[10].u_pe |     0.008 |
|       g_row[13].g_col[11].u_pe |     0.010 |
|       g_row[13].g_col[12].u_pe |     0.009 |
|       g_row[13].g_col[13].u_pe |     0.010 |
|       g_row[13].g_col[14].u_pe |     0.008 |
|       g_row[13].g_col[15].u_pe |     0.009 |
|       g_row[13].g_col[16].u_pe |     0.007 |
|       g_row[13].g_col[17].u_pe |     0.007 |
|       g_row[13].g_col[18].u_pe |     0.008 |
|       g_row[13].g_col[19].u_pe |     0.008 |
|       g_row[13].g_col[1].u_pe  |     0.010 |
|       g_row[13].g_col[20].u_pe |     0.008 |
|       g_row[13].g_col[21].u_pe |     0.009 |
|       g_row[13].g_col[22].u_pe |     0.008 |
|       g_row[13].g_col[23].u_pe |     0.008 |
|       g_row[13].g_col[24].u_pe |     0.008 |
|       g_row[13].g_col[25].u_pe |     0.009 |
|       g_row[13].g_col[26].u_pe |     0.008 |
|       g_row[13].g_col[27].u_pe |     0.007 |
|       g_row[13].g_col[28].u_pe |     0.007 |
|       g_row[13].g_col[29].u_pe |     0.008 |
|       g_row[13].g_col[2].u_pe  |     0.008 |
|       g_row[13].g_col[30].u_pe |     0.008 |
|       g_row[13].g_col[31].u_pe |     0.008 |
|       g_row[13].g_col[32].u_pe |     0.007 |
|       g_row[13].g_col[33].u_pe |     0.009 |
|       g_row[13].g_col[34].u_pe |     0.008 |
|       g_row[13].g_col[35].u_pe |     0.008 |
|       g_row[13].g_col[36].u_pe |     0.007 |
|       g_row[13].g_col[37].u_pe |     0.007 |
|       g_row[13].g_col[38].u_pe |     0.007 |
|       g_row[13].g_col[39].u_pe |     0.008 |
|       g_row[13].g_col[3].u_pe  |     0.007 |
|       g_row[13].g_col[40].u_pe |     0.008 |
|       g_row[13].g_col[41].u_pe |     0.007 |
|       g_row[13].g_col[42].u_pe |     0.007 |
|       g_row[13].g_col[43].u_pe |     0.008 |
|       g_row[13].g_col[44].u_pe |     0.007 |
|       g_row[13].g_col[45].u_pe |     0.007 |
|       g_row[13].g_col[46].u_pe |     0.007 |
|       g_row[13].g_col[47].u_pe |     0.007 |
|       g_row[13].g_col[48].u_pe |     0.007 |
|       g_row[13].g_col[49].u_pe |     0.007 |
|       g_row[13].g_col[4].u_pe  |     0.008 |
|       g_row[13].g_col[50].u_pe |     0.007 |
|       g_row[13].g_col[51].u_pe |     0.008 |
|       g_row[13].g_col[52].u_pe |     0.008 |
|       g_row[13].g_col[53].u_pe |     0.008 |
|       g_row[13].g_col[54].u_pe |     0.007 |
|       g_row[13].g_col[55].u_pe |     0.012 |
|       g_row[13].g_col[56].u_pe |     0.008 |
|       g_row[13].g_col[57].u_pe |     0.008 |
|       g_row[13].g_col[58].u_pe |     0.008 |
|       g_row[13].g_col[59].u_pe |     0.008 |
|       g_row[13].g_col[5].u_pe  |     0.009 |
|       g_row[13].g_col[60].u_pe |     0.007 |
|       g_row[13].g_col[61].u_pe |     0.007 |
|       g_row[13].g_col[62].u_pe |     0.008 |
|       g_row[13].g_col[63].u_pe |     0.007 |
|       g_row[13].g_col[6].u_pe  |     0.008 |
|       g_row[13].g_col[7].u_pe  |     0.008 |
|       g_row[13].g_col[8].u_pe  |     0.007 |
|       g_row[13].g_col[9].u_pe  |     0.007 |
|       g_row[14].g_col[0].u_pe  |     0.009 |
|       g_row[14].g_col[10].u_pe |     0.009 |
|       g_row[14].g_col[11].u_pe |     0.010 |
|       g_row[14].g_col[12].u_pe |     0.009 |
|       g_row[14].g_col[13].u_pe |     0.010 |
|       g_row[14].g_col[14].u_pe |     0.009 |
|       g_row[14].g_col[15].u_pe |     0.009 |
|       g_row[14].g_col[16].u_pe |     0.008 |
|       g_row[14].g_col[17].u_pe |     0.007 |
|       g_row[14].g_col[18].u_pe |     0.008 |
|       g_row[14].g_col[19].u_pe |     0.008 |
|       g_row[14].g_col[1].u_pe  |     0.011 |
|       g_row[14].g_col[20].u_pe |     0.009 |
|       g_row[14].g_col[21].u_pe |     0.009 |
|       g_row[14].g_col[22].u_pe |     0.008 |
|       g_row[14].g_col[23].u_pe |     0.008 |
|       g_row[14].g_col[24].u_pe |     0.008 |
|       g_row[14].g_col[25].u_pe |     0.008 |
|       g_row[14].g_col[26].u_pe |     0.007 |
|       g_row[14].g_col[27].u_pe |     0.007 |
|       g_row[14].g_col[28].u_pe |     0.008 |
|       g_row[14].g_col[29].u_pe |     0.008 |
|       g_row[14].g_col[2].u_pe  |     0.008 |
|       g_row[14].g_col[30].u_pe |     0.008 |
|       g_row[14].g_col[31].u_pe |     0.008 |
|       g_row[14].g_col[32].u_pe |     0.007 |
|       g_row[14].g_col[33].u_pe |     0.010 |
|       g_row[14].g_col[34].u_pe |     0.008 |
|       g_row[14].g_col[35].u_pe |     0.008 |
|       g_row[14].g_col[36].u_pe |     0.007 |
|       g_row[14].g_col[37].u_pe |     0.009 |
|       g_row[14].g_col[38].u_pe |     0.007 |
|       g_row[14].g_col[39].u_pe |     0.007 |
|       g_row[14].g_col[3].u_pe  |     0.007 |
|       g_row[14].g_col[40].u_pe |     0.007 |
|       g_row[14].g_col[41].u_pe |     0.008 |
|       g_row[14].g_col[42].u_pe |     0.007 |
|       g_row[14].g_col[43].u_pe |     0.008 |
|       g_row[14].g_col[44].u_pe |     0.007 |
|       g_row[14].g_col[45].u_pe |     0.007 |
|       g_row[14].g_col[46].u_pe |     0.007 |
|       g_row[14].g_col[47].u_pe |     0.007 |
|       g_row[14].g_col[48].u_pe |     0.007 |
|       g_row[14].g_col[49].u_pe |     0.007 |
|       g_row[14].g_col[4].u_pe  |     0.008 |
|       g_row[14].g_col[50].u_pe |     0.007 |
|       g_row[14].g_col[51].u_pe |     0.008 |
|       g_row[14].g_col[52].u_pe |     0.008 |
|       g_row[14].g_col[53].u_pe |     0.008 |
|       g_row[14].g_col[54].u_pe |     0.008 |
|       g_row[14].g_col[55].u_pe |     0.008 |
|       g_row[14].g_col[56].u_pe |     0.008 |
|       g_row[14].g_col[57].u_pe |     0.008 |
|       g_row[14].g_col[58].u_pe |     0.007 |
|       g_row[14].g_col[59].u_pe |     0.008 |
|       g_row[14].g_col[5].u_pe  |     0.008 |
|       g_row[14].g_col[60].u_pe |     0.007 |
|       g_row[14].g_col[61].u_pe |     0.007 |
|       g_row[14].g_col[62].u_pe |     0.008 |
|       g_row[14].g_col[63].u_pe |     0.007 |
|       g_row[14].g_col[6].u_pe  |     0.008 |
|       g_row[14].g_col[7].u_pe  |     0.008 |
|       g_row[14].g_col[8].u_pe  |     0.007 |
|       g_row[14].g_col[9].u_pe  |     0.007 |
|       g_row[15].g_col[0].u_pe  |     0.008 |
|       g_row[15].g_col[10].u_pe |     0.008 |
|       g_row[15].g_col[11].u_pe |     0.010 |
|       g_row[15].g_col[12].u_pe |     0.008 |
|       g_row[15].g_col[13].u_pe |     0.010 |
|       g_row[15].g_col[14].u_pe |     0.008 |
|       g_row[15].g_col[15].u_pe |     0.008 |
|       g_row[15].g_col[16].u_pe |     0.007 |
|       g_row[15].g_col[17].u_pe |     0.007 |
|       g_row[15].g_col[18].u_pe |     0.008 |
|       g_row[15].g_col[19].u_pe |     0.007 |
|       g_row[15].g_col[1].u_pe  |     0.013 |
|       g_row[15].g_col[20].u_pe |     0.009 |
|       g_row[15].g_col[21].u_pe |     0.008 |
|       g_row[15].g_col[22].u_pe |     0.007 |
|       g_row[15].g_col[23].u_pe |     0.008 |
|       g_row[15].g_col[24].u_pe |     0.008 |
|       g_row[15].g_col[25].u_pe |     0.008 |
|       g_row[15].g_col[26].u_pe |     0.007 |
|       g_row[15].g_col[27].u_pe |     0.007 |
|       g_row[15].g_col[28].u_pe |     0.008 |
|       g_row[15].g_col[29].u_pe |     0.008 |
|       g_row[15].g_col[2].u_pe  |     0.008 |
|       g_row[15].g_col[30].u_pe |     0.008 |
|       g_row[15].g_col[31].u_pe |     0.008 |
|       g_row[15].g_col[32].u_pe |     0.007 |
|       g_row[15].g_col[33].u_pe |     0.008 |
|       g_row[15].g_col[34].u_pe |     0.008 |
|       g_row[15].g_col[35].u_pe |     0.008 |
|       g_row[15].g_col[36].u_pe |     0.007 |
|       g_row[15].g_col[37].u_pe |     0.008 |
|       g_row[15].g_col[38].u_pe |     0.008 |
|       g_row[15].g_col[39].u_pe |     0.007 |
|       g_row[15].g_col[3].u_pe  |     0.007 |
|       g_row[15].g_col[40].u_pe |     0.008 |
|       g_row[15].g_col[41].u_pe |     0.007 |
|       g_row[15].g_col[42].u_pe |     0.007 |
|       g_row[15].g_col[43].u_pe |     0.007 |
|       g_row[15].g_col[44].u_pe |     0.007 |
|       g_row[15].g_col[45].u_pe |     0.007 |
|       g_row[15].g_col[46].u_pe |     0.008 |
|       g_row[15].g_col[47].u_pe |     0.007 |
|       g_row[15].g_col[48].u_pe |     0.007 |
|       g_row[15].g_col[49].u_pe |     0.007 |
|       g_row[15].g_col[4].u_pe  |     0.008 |
|       g_row[15].g_col[50].u_pe |     0.008 |
|       g_row[15].g_col[51].u_pe |     0.008 |
|       g_row[15].g_col[52].u_pe |     0.009 |
|       g_row[15].g_col[53].u_pe |     0.009 |
|       g_row[15].g_col[54].u_pe |     0.008 |
|       g_row[15].g_col[55].u_pe |     0.008 |
|       g_row[15].g_col[56].u_pe |     0.007 |
|       g_row[15].g_col[57].u_pe |     0.008 |
|       g_row[15].g_col[58].u_pe |     0.007 |
|       g_row[15].g_col[59].u_pe |     0.007 |
|       g_row[15].g_col[5].u_pe  |     0.009 |
|       g_row[15].g_col[60].u_pe |     0.007 |
|       g_row[15].g_col[61].u_pe |     0.007 |
|       g_row[15].g_col[62].u_pe |     0.008 |
|       g_row[15].g_col[63].u_pe |     0.007 |
|       g_row[15].g_col[6].u_pe  |     0.008 |
|       g_row[15].g_col[7].u_pe  |     0.008 |
|       g_row[15].g_col[8].u_pe  |     0.008 |
|       g_row[15].g_col[9].u_pe  |     0.007 |
|       g_row[1].g_col[0].u_pe   |     0.009 |
|       g_row[1].g_col[10].u_pe  |     0.008 |
|       g_row[1].g_col[11].u_pe  |     0.008 |
|       g_row[1].g_col[12].u_pe  |     0.009 |
|       g_row[1].g_col[13].u_pe  |     0.009 |
|       g_row[1].g_col[14].u_pe  |     0.008 |
|       g_row[1].g_col[15].u_pe  |     0.009 |
|       g_row[1].g_col[16].u_pe  |     0.007 |
|       g_row[1].g_col[17].u_pe  |     0.008 |
|       g_row[1].g_col[18].u_pe  |     0.007 |
|       g_row[1].g_col[19].u_pe  |     0.008 |
|       g_row[1].g_col[1].u_pe   |     0.012 |
|       g_row[1].g_col[20].u_pe  |     0.008 |
|       g_row[1].g_col[21].u_pe  |     0.007 |
|       g_row[1].g_col[22].u_pe  |     0.009 |
|       g_row[1].g_col[23].u_pe  |     0.008 |
|       g_row[1].g_col[24].u_pe  |     0.008 |
|       g_row[1].g_col[25].u_pe  |     0.009 |
|       g_row[1].g_col[26].u_pe  |     0.007 |
|       g_row[1].g_col[27].u_pe  |     0.008 |
|       g_row[1].g_col[28].u_pe  |     0.008 |
|       g_row[1].g_col[29].u_pe  |     0.007 |
|       g_row[1].g_col[2].u_pe   |     0.007 |
|       g_row[1].g_col[30].u_pe  |     0.008 |
|       g_row[1].g_col[31].u_pe  |     0.007 |
|       g_row[1].g_col[32].u_pe  |     0.007 |
|       g_row[1].g_col[33].u_pe  |     0.009 |
|       g_row[1].g_col[34].u_pe  |     0.007 |
|       g_row[1].g_col[35].u_pe  |     0.007 |
|       g_row[1].g_col[36].u_pe  |     0.007 |
|       g_row[1].g_col[37].u_pe  |     0.007 |
|       g_row[1].g_col[38].u_pe  |     0.008 |
|       g_row[1].g_col[39].u_pe  |     0.008 |
|       g_row[1].g_col[3].u_pe   |     0.009 |
|       g_row[1].g_col[40].u_pe  |     0.008 |
|       g_row[1].g_col[41].u_pe  |     0.007 |
|       g_row[1].g_col[42].u_pe  |     0.007 |
|       g_row[1].g_col[43].u_pe  |     0.007 |
|       g_row[1].g_col[44].u_pe  |     0.007 |
|       g_row[1].g_col[45].u_pe  |     0.008 |
|       g_row[1].g_col[46].u_pe  |     0.007 |
|       g_row[1].g_col[47].u_pe  |     0.008 |
|       g_row[1].g_col[48].u_pe  |     0.007 |
|       g_row[1].g_col[49].u_pe  |     0.007 |
|       g_row[1].g_col[4].u_pe   |     0.007 |
|       g_row[1].g_col[50].u_pe  |     0.007 |
|       g_row[1].g_col[51].u_pe  |     0.008 |
|       g_row[1].g_col[52].u_pe  |     0.009 |
|       g_row[1].g_col[53].u_pe  |     0.008 |
|       g_row[1].g_col[54].u_pe  |     0.008 |
|       g_row[1].g_col[55].u_pe  |     0.008 |
|       g_row[1].g_col[56].u_pe  |     0.008 |
|       g_row[1].g_col[57].u_pe  |     0.008 |
|       g_row[1].g_col[58].u_pe  |     0.008 |
|       g_row[1].g_col[59].u_pe  |     0.007 |
|       g_row[1].g_col[5].u_pe   |     0.007 |
|       g_row[1].g_col[60].u_pe  |     0.008 |
|       g_row[1].g_col[61].u_pe  |     0.009 |
|       g_row[1].g_col[62].u_pe  |     0.007 |
|       g_row[1].g_col[63].u_pe  |     0.007 |
|       g_row[1].g_col[6].u_pe   |     0.009 |
|       g_row[1].g_col[7].u_pe   |     0.008 |
|       g_row[1].g_col[8].u_pe   |     0.007 |
|       g_row[1].g_col[9].u_pe   |     0.007 |
|       g_row[2].g_col[0].u_pe   |     0.010 |
|       g_row[2].g_col[10].u_pe  |     0.008 |
|       g_row[2].g_col[11].u_pe  |     0.008 |
|       g_row[2].g_col[12].u_pe  |     0.009 |
|       g_row[2].g_col[13].u_pe  |     0.010 |
|       g_row[2].g_col[14].u_pe  |     0.008 |
|       g_row[2].g_col[15].u_pe  |     0.009 |
|       g_row[2].g_col[16].u_pe  |     0.007 |
|       g_row[2].g_col[17].u_pe  |     0.007 |
|       g_row[2].g_col[18].u_pe  |     0.007 |
|       g_row[2].g_col[19].u_pe  |     0.007 |
|       g_row[2].g_col[1].u_pe   |     0.011 |
|       g_row[2].g_col[20].u_pe  |     0.008 |
|       g_row[2].g_col[21].u_pe  |     0.007 |
|       g_row[2].g_col[22].u_pe  |     0.007 |
|       g_row[2].g_col[23].u_pe  |     0.007 |
|       g_row[2].g_col[24].u_pe  |     0.008 |
|       g_row[2].g_col[25].u_pe  |     0.009 |
|       g_row[2].g_col[26].u_pe  |     0.008 |
|       g_row[2].g_col[27].u_pe  |     0.008 |
|       g_row[2].g_col[28].u_pe  |     0.007 |
|       g_row[2].g_col[29].u_pe  |     0.008 |
|       g_row[2].g_col[2].u_pe   |     0.008 |
|       g_row[2].g_col[30].u_pe  |     0.008 |
|       g_row[2].g_col[31].u_pe  |     0.008 |
|       g_row[2].g_col[32].u_pe  |     0.007 |
|       g_row[2].g_col[33].u_pe  |     0.007 |
|       g_row[2].g_col[34].u_pe  |     0.007 |
|       g_row[2].g_col[35].u_pe  |     0.008 |
|       g_row[2].g_col[36].u_pe  |     0.007 |
|       g_row[2].g_col[37].u_pe  |     0.007 |
|       g_row[2].g_col[38].u_pe  |     0.008 |
|       g_row[2].g_col[39].u_pe  |     0.007 |
|       g_row[2].g_col[3].u_pe   |     0.007 |
|       g_row[2].g_col[40].u_pe  |     0.007 |
|       g_row[2].g_col[41].u_pe  |     0.008 |
|       g_row[2].g_col[42].u_pe  |     0.007 |
|       g_row[2].g_col[43].u_pe  |     0.008 |
|       g_row[2].g_col[44].u_pe  |     0.007 |
|       g_row[2].g_col[45].u_pe  |     0.007 |
|       g_row[2].g_col[46].u_pe  |     0.008 |
|       g_row[2].g_col[47].u_pe  |     0.007 |
|       g_row[2].g_col[48].u_pe  |     0.008 |
|       g_row[2].g_col[49].u_pe  |     0.007 |
|       g_row[2].g_col[4].u_pe   |     0.008 |
|       g_row[2].g_col[50].u_pe  |     0.007 |
|       g_row[2].g_col[51].u_pe  |     0.008 |
|       g_row[2].g_col[52].u_pe  |     0.011 |
|       g_row[2].g_col[53].u_pe  |     0.009 |
|       g_row[2].g_col[54].u_pe  |     0.008 |
|       g_row[2].g_col[55].u_pe  |     0.009 |
|       g_row[2].g_col[56].u_pe  |     0.008 |
|       g_row[2].g_col[57].u_pe  |     0.008 |
|       g_row[2].g_col[58].u_pe  |     0.007 |
|       g_row[2].g_col[59].u_pe  |     0.007 |
|       g_row[2].g_col[5].u_pe   |     0.007 |
|       g_row[2].g_col[60].u_pe  |     0.007 |
|       g_row[2].g_col[61].u_pe  |     0.010 |
|       g_row[2].g_col[62].u_pe  |     0.008 |
|       g_row[2].g_col[63].u_pe  |     0.007 |
|       g_row[2].g_col[6].u_pe   |     0.007 |
|       g_row[2].g_col[7].u_pe   |     0.008 |
|       g_row[2].g_col[8].u_pe   |     0.007 |
|       g_row[2].g_col[9].u_pe   |     0.007 |
|       g_row[3].g_col[0].u_pe   |     0.010 |
|       g_row[3].g_col[10].u_pe  |     0.008 |
|       g_row[3].g_col[11].u_pe  |     0.008 |
|       g_row[3].g_col[12].u_pe  |     0.009 |
|       g_row[3].g_col[13].u_pe  |     0.009 |
|       g_row[3].g_col[14].u_pe  |     0.008 |
|       g_row[3].g_col[15].u_pe  |     0.010 |
|       g_row[3].g_col[16].u_pe  |     0.007 |
|       g_row[3].g_col[17].u_pe  |     0.009 |
|       g_row[3].g_col[18].u_pe  |     0.008 |
|       g_row[3].g_col[19].u_pe  |     0.007 |
|       g_row[3].g_col[1].u_pe   |     0.015 |
|       g_row[3].g_col[20].u_pe  |     0.008 |
|       g_row[3].g_col[21].u_pe  |     0.007 |
|       g_row[3].g_col[22].u_pe  |     0.008 |
|       g_row[3].g_col[23].u_pe  |     0.009 |
|       g_row[3].g_col[24].u_pe  |     0.008 |
|       g_row[3].g_col[25].u_pe  |     0.008 |
|       g_row[3].g_col[26].u_pe  |     0.008 |
|       g_row[3].g_col[27].u_pe  |     0.007 |
|       g_row[3].g_col[28].u_pe  |     0.007 |
|       g_row[3].g_col[29].u_pe  |     0.007 |
|       g_row[3].g_col[2].u_pe   |     0.010 |
|       g_row[3].g_col[30].u_pe  |     0.007 |
|       g_row[3].g_col[31].u_pe  |     0.007 |
|       g_row[3].g_col[32].u_pe  |     0.007 |
|       g_row[3].g_col[33].u_pe  |     0.008 |
|       g_row[3].g_col[34].u_pe  |     0.008 |
|       g_row[3].g_col[35].u_pe  |     0.008 |
|       g_row[3].g_col[36].u_pe  |     0.007 |
|       g_row[3].g_col[37].u_pe  |     0.009 |
|       g_row[3].g_col[38].u_pe  |     0.008 |
|       g_row[3].g_col[39].u_pe  |     0.007 |
|       g_row[3].g_col[3].u_pe   |     0.007 |
|       g_row[3].g_col[40].u_pe  |     0.007 |
|       g_row[3].g_col[41].u_pe  |     0.008 |
|       g_row[3].g_col[42].u_pe  |     0.008 |
|       g_row[3].g_col[43].u_pe  |     0.008 |
|       g_row[3].g_col[44].u_pe  |     0.007 |
|       g_row[3].g_col[45].u_pe  |     0.008 |
|       g_row[3].g_col[46].u_pe  |     0.007 |
|       g_row[3].g_col[47].u_pe  |     0.008 |
|       g_row[3].g_col[48].u_pe  |     0.008 |
|       g_row[3].g_col[49].u_pe  |     0.007 |
|       g_row[3].g_col[4].u_pe   |     0.008 |
|       g_row[3].g_col[50].u_pe  |     0.007 |
|       g_row[3].g_col[51].u_pe  |     0.008 |
|       g_row[3].g_col[52].u_pe  |     0.008 |
|       g_row[3].g_col[53].u_pe  |     0.007 |
|       g_row[3].g_col[54].u_pe  |     0.008 |
|       g_row[3].g_col[55].u_pe  |     0.008 |
|       g_row[3].g_col[56].u_pe  |     0.009 |
|       g_row[3].g_col[57].u_pe  |     0.007 |
|       g_row[3].g_col[58].u_pe  |     0.008 |
|       g_row[3].g_col[59].u_pe  |     0.007 |
|       g_row[3].g_col[5].u_pe   |     0.008 |
|       g_row[3].g_col[60].u_pe  |     0.008 |
|       g_row[3].g_col[61].u_pe  |     0.010 |
|       g_row[3].g_col[62].u_pe  |     0.007 |
|       g_row[3].g_col[63].u_pe  |     0.007 |
|       g_row[3].g_col[6].u_pe   |     0.007 |
|       g_row[3].g_col[7].u_pe   |     0.008 |
|       g_row[3].g_col[8].u_pe   |     0.007 |
|       g_row[3].g_col[9].u_pe   |     0.008 |
|       g_row[4].g_col[0].u_pe   |     0.010 |
|       g_row[4].g_col[10].u_pe  |     0.008 |
|       g_row[4].g_col[11].u_pe  |     0.008 |
|       g_row[4].g_col[12].u_pe  |     0.009 |
|       g_row[4].g_col[13].u_pe  |     0.010 |
|       g_row[4].g_col[14].u_pe  |     0.009 |
|       g_row[4].g_col[15].u_pe  |     0.009 |
|       g_row[4].g_col[16].u_pe  |     0.009 |
|       g_row[4].g_col[17].u_pe  |     0.010 |
|       g_row[4].g_col[18].u_pe  |     0.008 |
|       g_row[4].g_col[19].u_pe  |     0.008 |
|       g_row[4].g_col[1].u_pe   |     0.013 |
|       g_row[4].g_col[20].u_pe  |     0.008 |
|       g_row[4].g_col[21].u_pe  |     0.007 |
|       g_row[4].g_col[22].u_pe  |     0.008 |
|       g_row[4].g_col[23].u_pe  |     0.008 |
|       g_row[4].g_col[24].u_pe  |     0.008 |
|       g_row[4].g_col[25].u_pe  |     0.009 |
|       g_row[4].g_col[26].u_pe  |     0.008 |
|       g_row[4].g_col[27].u_pe  |     0.008 |
|       g_row[4].g_col[28].u_pe  |     0.007 |
|       g_row[4].g_col[29].u_pe  |     0.008 |
|       g_row[4].g_col[2].u_pe   |     0.010 |
|       g_row[4].g_col[30].u_pe  |     0.008 |
|       g_row[4].g_col[31].u_pe  |     0.008 |
|       g_row[4].g_col[32].u_pe  |     0.008 |
|       g_row[4].g_col[33].u_pe  |     0.009 |
|       g_row[4].g_col[34].u_pe  |     0.009 |
|       g_row[4].g_col[35].u_pe  |     0.007 |
|       g_row[4].g_col[36].u_pe  |     0.007 |
|       g_row[4].g_col[37].u_pe  |     0.007 |
|       g_row[4].g_col[38].u_pe  |     0.008 |
|       g_row[4].g_col[39].u_pe  |     0.007 |
|       g_row[4].g_col[3].u_pe   |     0.007 |
|       g_row[4].g_col[40].u_pe  |     0.007 |
|       g_row[4].g_col[41].u_pe  |     0.008 |
|       g_row[4].g_col[42].u_pe  |     0.007 |
|       g_row[4].g_col[43].u_pe  |     0.008 |
|       g_row[4].g_col[44].u_pe  |     0.007 |
|       g_row[4].g_col[45].u_pe  |     0.008 |
|       g_row[4].g_col[46].u_pe  |     0.007 |
|       g_row[4].g_col[47].u_pe  |     0.008 |
|       g_row[4].g_col[48].u_pe  |     0.008 |
|       g_row[4].g_col[49].u_pe  |     0.007 |
|       g_row[4].g_col[4].u_pe   |     0.008 |
|       g_row[4].g_col[50].u_pe  |     0.007 |
|       g_row[4].g_col[51].u_pe  |     0.008 |
|       g_row[4].g_col[52].u_pe  |     0.012 |
|       g_row[4].g_col[53].u_pe  |     0.008 |
|       g_row[4].g_col[54].u_pe  |     0.008 |
|       g_row[4].g_col[55].u_pe  |     0.008 |
|       g_row[4].g_col[56].u_pe  |     0.009 |
|       g_row[4].g_col[57].u_pe  |     0.008 |
|       g_row[4].g_col[58].u_pe  |     0.008 |
|       g_row[4].g_col[59].u_pe  |     0.007 |
|       g_row[4].g_col[5].u_pe   |     0.009 |
|       g_row[4].g_col[60].u_pe  |     0.007 |
|       g_row[4].g_col[61].u_pe  |     0.009 |
|       g_row[4].g_col[62].u_pe  |     0.008 |
|       g_row[4].g_col[63].u_pe  |     0.008 |
|       g_row[4].g_col[6].u_pe   |     0.007 |
|       g_row[4].g_col[7].u_pe   |     0.008 |
|       g_row[4].g_col[8].u_pe   |     0.007 |
|       g_row[4].g_col[9].u_pe   |     0.007 |
|       g_row[5].g_col[0].u_pe   |     0.009 |
|       g_row[5].g_col[10].u_pe  |     0.008 |
|       g_row[5].g_col[11].u_pe  |     0.008 |
|       g_row[5].g_col[12].u_pe  |     0.008 |
|       g_row[5].g_col[13].u_pe  |     0.009 |
|       g_row[5].g_col[14].u_pe  |     0.008 |
|       g_row[5].g_col[15].u_pe  |     0.010 |
|       g_row[5].g_col[16].u_pe  |     0.010 |
|       g_row[5].g_col[17].u_pe  |     0.009 |
|       g_row[5].g_col[18].u_pe  |     0.007 |
|       g_row[5].g_col[19].u_pe  |     0.008 |
|       g_row[5].g_col[1].u_pe   |     0.011 |
|       g_row[5].g_col[20].u_pe  |     0.008 |
|       g_row[5].g_col[21].u_pe  |     0.008 |
|       g_row[5].g_col[22].u_pe  |     0.007 |
|       g_row[5].g_col[23].u_pe  |     0.007 |
|       g_row[5].g_col[24].u_pe  |     0.008 |
|       g_row[5].g_col[25].u_pe  |     0.009 |
|       g_row[5].g_col[26].u_pe  |     0.008 |
|       g_row[5].g_col[27].u_pe  |     0.007 |
|       g_row[5].g_col[28].u_pe  |     0.007 |
|       g_row[5].g_col[29].u_pe  |     0.008 |
|       g_row[5].g_col[2].u_pe   |     0.009 |
|       g_row[5].g_col[30].u_pe  |     0.007 |
|       g_row[5].g_col[31].u_pe  |     0.008 |
|       g_row[5].g_col[32].u_pe  |     0.008 |
|       g_row[5].g_col[33].u_pe  |     0.008 |
|       g_row[5].g_col[34].u_pe  |     0.007 |
|       g_row[5].g_col[35].u_pe  |     0.008 |
|       g_row[5].g_col[36].u_pe  |     0.007 |
|       g_row[5].g_col[37].u_pe  |     0.007 |
|       g_row[5].g_col[38].u_pe  |     0.008 |
|       g_row[5].g_col[39].u_pe  |     0.007 |
|       g_row[5].g_col[3].u_pe   |     0.007 |
|       g_row[5].g_col[40].u_pe  |     0.009 |
|       g_row[5].g_col[41].u_pe  |     0.008 |
|       g_row[5].g_col[42].u_pe  |     0.007 |
|       g_row[5].g_col[43].u_pe  |     0.008 |
|       g_row[5].g_col[44].u_pe  |     0.007 |
|       g_row[5].g_col[45].u_pe  |     0.008 |
|       g_row[5].g_col[46].u_pe  |     0.007 |
|       g_row[5].g_col[47].u_pe  |     0.008 |
|       g_row[5].g_col[48].u_pe  |     0.008 |
|       g_row[5].g_col[49].u_pe  |     0.007 |
|       g_row[5].g_col[4].u_pe   |     0.008 |
|       g_row[5].g_col[50].u_pe  |     0.008 |
|       g_row[5].g_col[51].u_pe  |     0.008 |
|       g_row[5].g_col[52].u_pe  |     0.009 |
|       g_row[5].g_col[53].u_pe  |     0.008 |
|       g_row[5].g_col[54].u_pe  |     0.008 |
|       g_row[5].g_col[55].u_pe  |     0.008 |
|       g_row[5].g_col[56].u_pe  |     0.008 |
|       g_row[5].g_col[57].u_pe  |     0.008 |
|       g_row[5].g_col[58].u_pe  |     0.007 |
|       g_row[5].g_col[59].u_pe  |     0.007 |
|       g_row[5].g_col[5].u_pe   |     0.008 |
|       g_row[5].g_col[60].u_pe  |     0.008 |
|       g_row[5].g_col[61].u_pe  |     0.009 |
|       g_row[5].g_col[62].u_pe  |     0.008 |
|       g_row[5].g_col[63].u_pe  |     0.007 |
|       g_row[5].g_col[6].u_pe   |     0.008 |
|       g_row[5].g_col[7].u_pe   |     0.008 |
|       g_row[5].g_col[8].u_pe   |     0.007 |
|       g_row[5].g_col[9].u_pe   |     0.007 |
|       g_row[6].g_col[0].u_pe   |     0.009 |
|       g_row[6].g_col[10].u_pe  |     0.008 |
|       g_row[6].g_col[11].u_pe  |     0.008 |
|       g_row[6].g_col[12].u_pe  |     0.007 |
|       g_row[6].g_col[13].u_pe  |     0.009 |
|       g_row[6].g_col[14].u_pe  |     0.009 |
|       g_row[6].g_col[15].u_pe  |     0.010 |
|       g_row[6].g_col[16].u_pe  |     0.008 |
|       g_row[6].g_col[17].u_pe  |     0.008 |
|       g_row[6].g_col[18].u_pe  |     0.007 |
|       g_row[6].g_col[19].u_pe  |     0.008 |
|       g_row[6].g_col[1].u_pe   |     0.014 |
|       g_row[6].g_col[20].u_pe  |     0.008 |
|       g_row[6].g_col[21].u_pe  |     0.009 |
|       g_row[6].g_col[22].u_pe  |     0.008 |
|       g_row[6].g_col[23].u_pe  |     0.007 |
|       g_row[6].g_col[24].u_pe  |     0.008 |
|       g_row[6].g_col[25].u_pe  |     0.009 |
|       g_row[6].g_col[26].u_pe  |     0.008 |
|       g_row[6].g_col[27].u_pe  |     0.008 |
|       g_row[6].g_col[28].u_pe  |     0.007 |
|       g_row[6].g_col[29].u_pe  |     0.007 |
|       g_row[6].g_col[2].u_pe   |     0.010 |
|       g_row[6].g_col[30].u_pe  |     0.008 |
|       g_row[6].g_col[31].u_pe  |     0.008 |
|       g_row[6].g_col[32].u_pe  |     0.008 |
|       g_row[6].g_col[33].u_pe  |     0.009 |
|       g_row[6].g_col[34].u_pe  |     0.007 |
|       g_row[6].g_col[35].u_pe  |     0.008 |
|       g_row[6].g_col[36].u_pe  |     0.008 |
|       g_row[6].g_col[37].u_pe  |     0.007 |
|       g_row[6].g_col[38].u_pe  |     0.008 |
|       g_row[6].g_col[39].u_pe  |     0.008 |
|       g_row[6].g_col[3].u_pe   |     0.007 |
|       g_row[6].g_col[40].u_pe  |     0.008 |
|       g_row[6].g_col[41].u_pe  |     0.007 |
|       g_row[6].g_col[42].u_pe  |     0.008 |
|       g_row[6].g_col[43].u_pe  |     0.008 |
|       g_row[6].g_col[44].u_pe  |     0.007 |
|       g_row[6].g_col[45].u_pe  |     0.007 |
|       g_row[6].g_col[46].u_pe  |     0.008 |
|       g_row[6].g_col[47].u_pe  |     0.008 |
|       g_row[6].g_col[48].u_pe  |     0.008 |
|       g_row[6].g_col[49].u_pe  |     0.007 |
|       g_row[6].g_col[4].u_pe   |     0.008 |
|       g_row[6].g_col[50].u_pe  |     0.008 |
|       g_row[6].g_col[51].u_pe  |     0.007 |
|       g_row[6].g_col[52].u_pe  |     0.010 |
|       g_row[6].g_col[53].u_pe  |     0.008 |
|       g_row[6].g_col[54].u_pe  |     0.008 |
|       g_row[6].g_col[55].u_pe  |     0.008 |
|       g_row[6].g_col[56].u_pe  |     0.008 |
|       g_row[6].g_col[57].u_pe  |     0.008 |
|       g_row[6].g_col[58].u_pe  |     0.007 |
|       g_row[6].g_col[59].u_pe  |     0.008 |
|       g_row[6].g_col[5].u_pe   |     0.008 |
|       g_row[6].g_col[60].u_pe  |     0.008 |
|       g_row[6].g_col[61].u_pe  |     0.009 |
|       g_row[6].g_col[62].u_pe  |     0.007 |
|       g_row[6].g_col[63].u_pe  |     0.008 |
|       g_row[6].g_col[6].u_pe   |     0.008 |
|       g_row[6].g_col[7].u_pe   |     0.008 |
|       g_row[6].g_col[8].u_pe   |     0.007 |
|       g_row[6].g_col[9].u_pe   |     0.008 |
|       g_row[7].g_col[0].u_pe   |     0.010 |
|       g_row[7].g_col[10].u_pe  |     0.008 |
|       g_row[7].g_col[11].u_pe  |     0.008 |
|       g_row[7].g_col[12].u_pe  |     0.009 |
|       g_row[7].g_col[13].u_pe  |     0.009 |
|       g_row[7].g_col[14].u_pe  |     0.009 |
|       g_row[7].g_col[15].u_pe  |     0.009 |
|       g_row[7].g_col[16].u_pe  |     0.009 |
|       g_row[7].g_col[17].u_pe  |     0.008 |
|       g_row[7].g_col[18].u_pe  |     0.007 |
|       g_row[7].g_col[19].u_pe  |     0.007 |
|       g_row[7].g_col[1].u_pe   |     0.010 |
|       g_row[7].g_col[20].u_pe  |     0.008 |
|       g_row[7].g_col[21].u_pe  |     0.008 |
|       g_row[7].g_col[22].u_pe  |     0.008 |
|       g_row[7].g_col[23].u_pe  |     0.007 |
|       g_row[7].g_col[24].u_pe  |     0.008 |
|       g_row[7].g_col[25].u_pe  |     0.009 |
|       g_row[7].g_col[26].u_pe  |     0.008 |
|       g_row[7].g_col[27].u_pe  |     0.007 |
|       g_row[7].g_col[28].u_pe  |     0.008 |
|       g_row[7].g_col[29].u_pe  |     0.007 |
|       g_row[7].g_col[2].u_pe   |     0.008 |
|       g_row[7].g_col[30].u_pe  |     0.008 |
|       g_row[7].g_col[31].u_pe  |     0.008 |
|       g_row[7].g_col[32].u_pe  |     0.008 |
|       g_row[7].g_col[33].u_pe  |     0.009 |
|       g_row[7].g_col[34].u_pe  |     0.008 |
|       g_row[7].g_col[35].u_pe  |     0.008 |
|       g_row[7].g_col[36].u_pe  |     0.007 |
|       g_row[7].g_col[37].u_pe  |     0.008 |
|       g_row[7].g_col[38].u_pe  |     0.008 |
|       g_row[7].g_col[39].u_pe  |     0.008 |
|       g_row[7].g_col[3].u_pe   |     0.007 |
|       g_row[7].g_col[40].u_pe  |     0.007 |
|       g_row[7].g_col[41].u_pe  |     0.007 |
|       g_row[7].g_col[42].u_pe  |     0.008 |
|       g_row[7].g_col[43].u_pe  |     0.007 |
|       g_row[7].g_col[44].u_pe  |     0.007 |
|       g_row[7].g_col[45].u_pe  |     0.007 |
|       g_row[7].g_col[46].u_pe  |     0.007 |
|       g_row[7].g_col[47].u_pe  |     0.008 |
|       g_row[7].g_col[48].u_pe  |     0.007 |
|       g_row[7].g_col[49].u_pe  |     0.007 |
|       g_row[7].g_col[4].u_pe   |     0.008 |
|       g_row[7].g_col[50].u_pe  |     0.007 |
|       g_row[7].g_col[51].u_pe  |     0.008 |
|       g_row[7].g_col[52].u_pe  |     0.008 |
|       g_row[7].g_col[53].u_pe  |     0.009 |
|       g_row[7].g_col[54].u_pe  |     0.007 |
|       g_row[7].g_col[55].u_pe  |     0.008 |
|       g_row[7].g_col[56].u_pe  |     0.009 |
|       g_row[7].g_col[57].u_pe  |     0.008 |
|       g_row[7].g_col[58].u_pe  |     0.007 |
|       g_row[7].g_col[59].u_pe  |     0.007 |
|       g_row[7].g_col[5].u_pe   |     0.008 |
|       g_row[7].g_col[60].u_pe  |     0.007 |
|       g_row[7].g_col[61].u_pe  |     0.007 |
|       g_row[7].g_col[62].u_pe  |     0.007 |
|       g_row[7].g_col[63].u_pe  |     0.008 |
|       g_row[7].g_col[6].u_pe   |     0.008 |
|       g_row[7].g_col[7].u_pe   |     0.008 |
|       g_row[7].g_col[8].u_pe   |     0.007 |
|       g_row[7].g_col[9].u_pe   |     0.008 |
|       g_row[8].g_col[0].u_pe   |     0.011 |
|       g_row[8].g_col[10].u_pe  |     0.008 |
|       g_row[8].g_col[11].u_pe  |     0.008 |
|       g_row[8].g_col[12].u_pe  |     0.008 |
|       g_row[8].g_col[13].u_pe  |     0.009 |
|       g_row[8].g_col[14].u_pe  |     0.009 |
|       g_row[8].g_col[15].u_pe  |     0.010 |
|       g_row[8].g_col[16].u_pe  |     0.008 |
|       g_row[8].g_col[17].u_pe  |     0.008 |
|       g_row[8].g_col[18].u_pe  |     0.008 |
|       g_row[8].g_col[19].u_pe  |     0.007 |
|       g_row[8].g_col[1].u_pe   |     0.010 |
|       g_row[8].g_col[20].u_pe  |     0.008 |
|       g_row[8].g_col[21].u_pe  |     0.008 |
|       g_row[8].g_col[22].u_pe  |     0.008 |
|       g_row[8].g_col[23].u_pe  |     0.007 |
|       g_row[8].g_col[24].u_pe  |     0.008 |
|       g_row[8].g_col[25].u_pe  |     0.009 |
|       g_row[8].g_col[26].u_pe  |     0.007 |
|       g_row[8].g_col[27].u_pe  |     0.008 |
|       g_row[8].g_col[28].u_pe  |     0.007 |
|       g_row[8].g_col[29].u_pe  |     0.007 |
|       g_row[8].g_col[2].u_pe   |     0.010 |
|       g_row[8].g_col[30].u_pe  |     0.008 |
|       g_row[8].g_col[31].u_pe  |     0.008 |
|       g_row[8].g_col[32].u_pe  |     0.008 |
|       g_row[8].g_col[33].u_pe  |     0.009 |
|       g_row[8].g_col[34].u_pe  |     0.008 |
|       g_row[8].g_col[35].u_pe  |     0.008 |
|       g_row[8].g_col[36].u_pe  |     0.008 |
|       g_row[8].g_col[37].u_pe  |     0.008 |
|       g_row[8].g_col[38].u_pe  |     0.008 |
|       g_row[8].g_col[39].u_pe  |     0.007 |
|       g_row[8].g_col[3].u_pe   |     0.007 |
|       g_row[8].g_col[40].u_pe  |     0.007 |
|       g_row[8].g_col[41].u_pe  |     0.007 |
|       g_row[8].g_col[42].u_pe  |     0.007 |
|       g_row[8].g_col[43].u_pe  |     0.008 |
|       g_row[8].g_col[44].u_pe  |     0.008 |
|       g_row[8].g_col[45].u_pe  |     0.007 |
|       g_row[8].g_col[46].u_pe  |     0.008 |
|       g_row[8].g_col[47].u_pe  |     0.008 |
|       g_row[8].g_col[48].u_pe  |     0.008 |
|       g_row[8].g_col[49].u_pe  |     0.008 |
|       g_row[8].g_col[4].u_pe   |     0.008 |
|       g_row[8].g_col[50].u_pe  |     0.007 |
|       g_row[8].g_col[51].u_pe  |     0.008 |
|       g_row[8].g_col[52].u_pe  |     0.008 |
|       g_row[8].g_col[53].u_pe  |     0.009 |
|       g_row[8].g_col[54].u_pe  |     0.007 |
|       g_row[8].g_col[55].u_pe  |     0.008 |
|       g_row[8].g_col[56].u_pe  |     0.008 |
|       g_row[8].g_col[57].u_pe  |     0.010 |
|       g_row[8].g_col[58].u_pe  |     0.007 |
|       g_row[8].g_col[59].u_pe  |     0.008 |
|       g_row[8].g_col[5].u_pe   |     0.008 |
|       g_row[8].g_col[60].u_pe  |     0.007 |
|       g_row[8].g_col[61].u_pe  |     0.007 |
|       g_row[8].g_col[62].u_pe  |     0.008 |
|       g_row[8].g_col[63].u_pe  |     0.007 |
|       g_row[8].g_col[6].u_pe   |     0.008 |
|       g_row[8].g_col[7].u_pe   |     0.008 |
|       g_row[8].g_col[8].u_pe   |     0.008 |
|       g_row[8].g_col[9].u_pe   |     0.007 |
|       g_row[9].g_col[0].u_pe   |     0.010 |
|       g_row[9].g_col[10].u_pe  |     0.008 |
|       g_row[9].g_col[11].u_pe  |     0.009 |
|       g_row[9].g_col[12].u_pe  |     0.008 |
|       g_row[9].g_col[13].u_pe  |     0.009 |
|       g_row[9].g_col[14].u_pe  |     0.009 |
|       g_row[9].g_col[15].u_pe  |     0.009 |
|       g_row[9].g_col[16].u_pe  |     0.009 |
|       g_row[9].g_col[17].u_pe  |     0.009 |
|       g_row[9].g_col[18].u_pe  |     0.007 |
|       g_row[9].g_col[19].u_pe  |     0.008 |
|       g_row[9].g_col[1].u_pe   |     0.014 |
|       g_row[9].g_col[20].u_pe  |     0.008 |
|       g_row[9].g_col[21].u_pe  |     0.009 |
|       g_row[9].g_col[22].u_pe  |     0.009 |
|       g_row[9].g_col[23].u_pe  |     0.007 |
|       g_row[9].g_col[24].u_pe  |     0.008 |
|       g_row[9].g_col[25].u_pe  |     0.009 |
|       g_row[9].g_col[26].u_pe  |     0.008 |
|       g_row[9].g_col[27].u_pe  |     0.007 |
|       g_row[9].g_col[28].u_pe  |     0.007 |
|       g_row[9].g_col[29].u_pe  |     0.008 |
|       g_row[9].g_col[2].u_pe   |     0.009 |
|       g_row[9].g_col[30].u_pe  |     0.008 |
|       g_row[9].g_col[31].u_pe  |     0.008 |
|       g_row[9].g_col[32].u_pe  |     0.008 |
|       g_row[9].g_col[33].u_pe  |     0.009 |
|       g_row[9].g_col[34].u_pe  |     0.007 |
|       g_row[9].g_col[35].u_pe  |     0.007 |
|       g_row[9].g_col[36].u_pe  |     0.007 |
|       g_row[9].g_col[37].u_pe  |     0.008 |
|       g_row[9].g_col[38].u_pe  |     0.008 |
|       g_row[9].g_col[39].u_pe  |     0.007 |
|       g_row[9].g_col[3].u_pe   |     0.009 |
|       g_row[9].g_col[40].u_pe  |     0.007 |
|       g_row[9].g_col[41].u_pe  |     0.007 |
|       g_row[9].g_col[42].u_pe  |     0.007 |
|       g_row[9].g_col[43].u_pe  |     0.008 |
|       g_row[9].g_col[44].u_pe  |     0.007 |
|       g_row[9].g_col[45].u_pe  |     0.007 |
|       g_row[9].g_col[46].u_pe  |     0.007 |
|       g_row[9].g_col[47].u_pe  |     0.008 |
|       g_row[9].g_col[48].u_pe  |     0.007 |
|       g_row[9].g_col[49].u_pe  |     0.007 |
|       g_row[9].g_col[4].u_pe   |     0.008 |
|       g_row[9].g_col[50].u_pe  |     0.007 |
|       g_row[9].g_col[51].u_pe  |     0.008 |
|       g_row[9].g_col[52].u_pe  |     0.010 |
|       g_row[9].g_col[53].u_pe  |     0.008 |
|       g_row[9].g_col[54].u_pe  |     0.007 |
|       g_row[9].g_col[55].u_pe  |     0.008 |
|       g_row[9].g_col[56].u_pe  |     0.009 |
|       g_row[9].g_col[57].u_pe  |     0.008 |
|       g_row[9].g_col[58].u_pe  |     0.007 |
|       g_row[9].g_col[59].u_pe  |     0.007 |
|       g_row[9].g_col[5].u_pe   |     0.009 |
|       g_row[9].g_col[60].u_pe  |     0.007 |
|       g_row[9].g_col[61].u_pe  |     0.007 |
|       g_row[9].g_col[62].u_pe  |     0.007 |
|       g_row[9].g_col[63].u_pe  |     0.008 |
|       g_row[9].g_col[6].u_pe   |     0.009 |
|       g_row[9].g_col[7].u_pe   |     0.008 |
|       g_row[9].g_col[8].u_pe   |     0.007 |
|       g_row[9].g_col[9].u_pe   |     0.007 |
+--------------------------------+-----------+


