Copyright 1986-2021 Xilinx, Inc. All Rights Reserved.
-------------------------------------------------------------------------------------------------------
| Tool Version : Vivado v.2021.2 (win64) Build 3367213 Tue Oct 19 02:48:09 MDT 2021
| Date         : Tue Sep  8 15:29:56 2026
| Host         : nc23 running 64-bit major release  (build 9200)
| Command      : report_utilization -hierarchical -file E:/ae_syn/hb_h1/runs/s16x4/route/util_hier.rpt
| Design       : ae_sysarr_p2
| Device       : xczu7ev-ffvc1156-2-e
| Speed File   : -2
| Design State : Optimized
-------------------------------------------------------------------------------------------------------

Utilization Design Information

Table of Contents
-----------------
1. Utilization by Hierarchy

1. Utilization by Hierarchy
---------------------------

+-------------------------------+--------------------+------------+------------+---------+------+-------+--------+--------+------+------------+
|            Instance           |       Module       | Total LUTs | Logic LUTs | LUTRAMs | SRLs |  FFs  | RAMB36 | RAMB18 | URAM | DSP Blocks |
+-------------------------------+--------------------+------------+------------+---------+------+-------+--------+--------+------+------------+
| ae_sysarr_p2                  |              (top) |       7703 |       7519 |       0 |  184 | 13775 |      0 |      0 |    0 |         64 |
|   (ae_sysarr_p2)              |              (top) |        984 |        864 |       0 |  120 |   416 |      0 |      0 |    0 |          0 |
|   g_row[0].g_col[0].u_pe      |           ae_pe_p2 |        104 |        103 |       0 |    1 |   208 |      0 |      0 |    0 |          1 |
|     (g_row[0].g_col[0].u_pe)  |           ae_pe_p2 |        101 |        101 |       0 |    0 |   167 |      0 |      0 |    0 |          0 |
|     u_mul                     |     pack2_mult_dsp |          3 |          2 |       0 |    1 |    41 |      0 |      0 |    0 |          1 |
|   g_row[0].g_col[1].u_pe      |       ae_pe_p2__63 |        105 |        104 |       0 |    1 |   209 |      0 |      0 |    0 |          1 |
|     (g_row[0].g_col[1].u_pe)  |       ae_pe_p2__63 |        102 |        102 |       0 |    0 |   168 |      0 |      0 |    0 |          0 |
|     u_mul                     | pack2_mult_dsp__63 |          3 |          2 |       0 |    1 |    41 |      0 |      0 |    0 |          1 |
|   g_row[0].g_col[2].u_pe      |        ae_pe_p2__1 |        105 |        104 |       0 |    1 |   209 |      0 |      0 |    0 |          1 |
|     (g_row[0].g_col[2].u_pe)  |        ae_pe_p2__1 |        102 |        102 |       0 |    0 |   168 |      0 |      0 |    0 |          0 |
|     u_mul                     |  pack2_mult_dsp__1 |          3 |          2 |       0 |    1 |    41 |      0 |      0 |    0 |          1 |
|   g_row[0].g_col[3].u_pe      |        ae_pe_p2__2 |        105 |        104 |       0 |    1 |   208 |      0 |      0 |    0 |          1 |
|     (g_row[0].g_col[3].u_pe)  |        ae_pe_p2__2 |        102 |        102 |       0 |    0 |   167 |      0 |      0 |    0 |          0 |
|     u_mul                     |  pack2_mult_dsp__2 |          3 |          2 |       0 |    1 |    41 |      0 |      0 |    0 |          1 |
|   g_row[10].g_col[0].u_pe     |       ae_pe_p2__44 |        105 |        104 |       0 |    1 |   209 |      0 |      0 |    0 |          1 |
|     (g_row[10].g_col[0].u_pe) |       ae_pe_p2__44 |        102 |        102 |       0 |    0 |   168 |      0 |      0 |    0 |          0 |
|     u_mul                     | pack2_mult_dsp__44 |          3 |          2 |       0 |    1 |    41 |      0 |      0 |    0 |          1 |
|   g_row[10].g_col[1].u_pe     |       ae_pe_p2__43 |        105 |        104 |       0 |    1 |   209 |      0 |      0 |    0 |          1 |
|     (g_row[10].g_col[1].u_pe) |       ae_pe_p2__43 |        102 |        102 |       0 |    0 |   168 |      0 |      0 |    0 |          0 |
|     u_mul                     | pack2_mult_dsp__43 |          3 |          2 |       0 |    1 |    41 |      0 |      0 |    0 |          1 |
|   g_row[10].g_col[2].u_pe     |       ae_pe_p2__21 |        105 |        104 |       0 |    1 |   209 |      0 |      0 |    0 |          1 |
|     (g_row[10].g_col[2].u_pe) |       ae_pe_p2__21 |        102 |        102 |       0 |    0 |   168 |      0 |      0 |    0 |          0 |
|     u_mul                     | pack2_mult_dsp__21 |          3 |          2 |       0 |    1 |    41 |      0 |      0 |    0 |          1 |
|   g_row[10].g_col[3].u_pe     |       ae_pe_p2__22 |        105 |        104 |       0 |    1 |   208 |      0 |      0 |    0 |          1 |
|     (g_row[10].g_col[3].u_pe) |       ae_pe_p2__22 |        102 |        102 |       0 |    0 |   167 |      0 |      0 |    0 |          0 |
|     u_mul                     | pack2_mult_dsp__22 |          3 |          2 |       0 |    1 |    41 |      0 |      0 |    0 |          1 |
|   g_row[11].g_col[0].u_pe     |       ae_pe_p2__42 |        105 |        104 |       0 |    1 |   209 |      0 |      0 |    0 |          1 |
|     (g_row[11].g_col[0].u_pe) |       ae_pe_p2__42 |        102 |        102 |       0 |    0 |   168 |      0 |      0 |    0 |          0 |
|     u_mul                     | pack2_mult_dsp__42 |          3 |          2 |       0 |    1 |    41 |      0 |      0 |    0 |          1 |
|   g_row[11].g_col[1].u_pe     |       ae_pe_p2__41 |        105 |        104 |       0 |    1 |   209 |      0 |      0 |    0 |          1 |
|     (g_row[11].g_col[1].u_pe) |       ae_pe_p2__41 |        102 |        102 |       0 |    0 |   168 |      0 |      0 |    0 |          0 |
|     u_mul                     | pack2_mult_dsp__41 |          3 |          2 |       0 |    1 |    41 |      0 |      0 |    0 |          1 |
|   g_row[11].g_col[2].u_pe     |       ae_pe_p2__23 |        105 |        104 |       0 |    1 |   209 |      0 |      0 |    0 |          1 |
|     (g_row[11].g_col[2].u_pe) |       ae_pe_p2__23 |        102 |        102 |       0 |    0 |   168 |      0 |      0 |    0 |          0 |
|     u_mul                     | pack2_mult_dsp__23 |          3 |          2 |       0 |    1 |    41 |      0 |      0 |    0 |          1 |
|   g_row[11].g_col[3].u_pe     |       ae_pe_p2__24 |        105 |        104 |       0 |    1 |   208 |      0 |      0 |    0 |          1 |
|     (g_row[11].g_col[3].u_pe) |       ae_pe_p2__24 |        102 |        102 |       0 |    0 |   167 |      0 |      0 |    0 |          0 |
|     u_mul                     | pack2_mult_dsp__24 |          3 |          2 |       0 |    1 |    41 |      0 |      0 |    0 |          1 |
|   g_row[12].g_col[0].u_pe     |       ae_pe_p2__40 |        105 |        104 |       0 |    1 |   209 |      0 |      0 |    0 |          1 |
|     (g_row[12].g_col[0].u_pe) |       ae_pe_p2__40 |        102 |        102 |       0 |    0 |   168 |      0 |      0 |    0 |          0 |
|     u_mul                     | pack2_mult_dsp__40 |          3 |          2 |       0 |    1 |    41 |      0 |      0 |    0 |          1 |
|   g_row[12].g_col[1].u_pe     |       ae_pe_p2__39 |        105 |        104 |       0 |    1 |   209 |      0 |      0 |    0 |          1 |
|     (g_row[12].g_col[1].u_pe) |       ae_pe_p2__39 |        102 |        102 |       0 |    0 |   168 |      0 |      0 |    0 |          0 |
|     u_mul                     | pack2_mult_dsp__39 |          3 |          2 |       0 |    1 |    41 |      0 |      0 |    0 |          1 |
|   g_row[12].g_col[2].u_pe     |       ae_pe_p2__25 |        105 |        104 |       0 |    1 |   209 |      0 |      0 |    0 |          1 |
|     (g_row[12].g_col[2].u_pe) |       ae_pe_p2__25 |        102 |        102 |       0 |    0 |   168 |      0 |      0 |    0 |          0 |
|     u_mul                     | pack2_mult_dsp__25 |          3 |          2 |       0 |    1 |    41 |      0 |      0 |    0 |          1 |
|   g_row[12].g_col[3].u_pe     |       ae_pe_p2__26 |        105 |        104 |       0 |    1 |   208 |      0 |      0 |    0 |          1 |
|     (g_row[12].g_col[3].u_pe) |       ae_pe_p2__26 |        102 |        102 |       0 |    0 |   167 |      0 |      0 |    0 |          0 |
|     u_mul                     | pack2_mult_dsp__26 |          3 |          2 |       0 |    1 |    41 |      0 |      0 |    0 |          1 |
|   g_row[13].g_col[0].u_pe     |       ae_pe_p2__38 |        105 |        104 |       0 |    1 |   209 |      0 |      0 |    0 |          1 |
|     (g_row[13].g_col[0].u_pe) |       ae_pe_p2__38 |        102 |        102 |       0 |    0 |   168 |      0 |      0 |    0 |          0 |
|     u_mul                     | pack2_mult_dsp__38 |          3 |          2 |       0 |    1 |    41 |      0 |      0 |    0 |          1 |
|   g_row[13].g_col[1].u_pe     |       ae_pe_p2__37 |        105 |        104 |       0 |    1 |   209 |      0 |      0 |    0 |          1 |
|     (g_row[13].g_col[1].u_pe) |       ae_pe_p2__37 |        102 |        102 |       0 |    0 |   168 |      0 |      0 |    0 |          0 |
|     u_mul                     | pack2_mult_dsp__37 |          3 |          2 |       0 |    1 |    41 |      0 |      0 |    0 |          1 |
|   g_row[13].g_col[2].u_pe     |       ae_pe_p2__27 |        105 |        104 |       0 |    1 |   209 |      0 |      0 |    0 |          1 |
|     (g_row[13].g_col[2].u_pe) |       ae_pe_p2__27 |        102 |        102 |       0 |    0 |   168 |      0 |      0 |    0 |          0 |
|     u_mul                     | pack2_mult_dsp__27 |          3 |          2 |       0 |    1 |    41 |      0 |      0 |    0 |          1 |
|   g_row[13].g_col[3].u_pe     |       ae_pe_p2__28 |        105 |        104 |       0 |    1 |   208 |      0 |      0 |    0 |          1 |
|     (g_row[13].g_col[3].u_pe) |       ae_pe_p2__28 |        102 |        102 |       0 |    0 |   167 |      0 |      0 |    0 |          0 |
|     u_mul                     | pack2_mult_dsp__28 |          3 |          2 |       0 |    1 |    41 |      0 |      0 |    0 |          1 |
|   g_row[14].g_col[0].u_pe     |       ae_pe_p2__36 |        105 |        104 |       0 |    1 |   209 |      0 |      0 |    0 |          1 |
|     (g_row[14].g_col[0].u_pe) |       ae_pe_p2__36 |        102 |        102 |       0 |    0 |   168 |      0 |      0 |    0 |          0 |
|     u_mul                     | pack2_mult_dsp__36 |          3 |          2 |       0 |    1 |    41 |      0 |      0 |    0 |          1 |
|   g_row[14].g_col[1].u_pe     |       ae_pe_p2__35 |        105 |        104 |       0 |    1 |   209 |      0 |      0 |    0 |          1 |
|     (g_row[14].g_col[1].u_pe) |       ae_pe_p2__35 |        102 |        102 |       0 |    0 |   168 |      0 |      0 |    0 |          0 |
|     u_mul                     | pack2_mult_dsp__35 |          3 |          2 |       0 |    1 |    41 |      0 |      0 |    0 |          1 |
|   g_row[14].g_col[2].u_pe     |       ae_pe_p2__29 |        105 |        104 |       0 |    1 |   209 |      0 |      0 |    0 |          1 |
|     (g_row[14].g_col[2].u_pe) |       ae_pe_p2__29 |        102 |        102 |       0 |    0 |   168 |      0 |      0 |    0 |          0 |
|     u_mul                     | pack2_mult_dsp__29 |          3 |          2 |       0 |    1 |    41 |      0 |      0 |    0 |          1 |
|   g_row[14].g_col[3].u_pe     |       ae_pe_p2__30 |        105 |        104 |       0 |    1 |   208 |      0 |      0 |    0 |          1 |
|     (g_row[14].g_col[3].u_pe) |       ae_pe_p2__30 |        102 |        102 |       0 |    0 |   167 |      0 |      0 |    0 |          0 |
|     u_mul                     | pack2_mult_dsp__30 |          3 |          2 |       0 |    1 |    41 |      0 |      0 |    0 |          1 |
|   g_row[15].g_col[0].u_pe     |       ae_pe_p2__34 |        105 |        104 |       0 |    1 |   209 |      0 |      0 |    0 |          1 |
|     (g_row[15].g_col[0].u_pe) |       ae_pe_p2__34 |        102 |        102 |       0 |    0 |   168 |      0 |      0 |    0 |          0 |
|     u_mul                     | pack2_mult_dsp__34 |          3 |          2 |       0 |    1 |    41 |      0 |      0 |    0 |          1 |
|   g_row[15].g_col[1].u_pe     |       ae_pe_p2__33 |        105 |        104 |       0 |    1 |   209 |      0 |      0 |    0 |          1 |
|     (g_row[15].g_col[1].u_pe) |       ae_pe_p2__33 |        102 |        102 |       0 |    0 |   168 |      0 |      0 |    0 |          0 |
|     u_mul                     | pack2_mult_dsp__33 |          3 |          2 |       0 |    1 |    41 |      0 |      0 |    0 |          1 |
|   g_row[15].g_col[2].u_pe     |       ae_pe_p2__31 |        105 |        104 |       0 |    1 |   209 |      0 |      0 |    0 |          1 |
|     (g_row[15].g_col[2].u_pe) |       ae_pe_p2__31 |        102 |        102 |       0 |    0 |   168 |      0 |      0 |    0 |          0 |
|     u_mul                     | pack2_mult_dsp__31 |          3 |          2 |       0 |    1 |    41 |      0 |      0 |    0 |          1 |
|   g_row[15].g_col[3].u_pe     |       ae_pe_p2__32 |        105 |        104 |       0 |    1 |   208 |      0 |      0 |    0 |          1 |
|     (g_row[15].g_col[3].u_pe) |       ae_pe_p2__32 |        102 |        102 |       0 |    0 |   167 |      0 |      0 |    0 |          0 |
|     u_mul                     | pack2_mult_dsp__32 |          3 |          2 |       0 |    1 |    41 |      0 |      0 |    0 |          1 |
|   g_row[1].g_col[0].u_pe      |       ae_pe_p2__62 |        105 |        104 |       0 |    1 |   209 |      0 |      0 |    0 |          1 |
|     (g_row[1].g_col[0].u_pe)  |       ae_pe_p2__62 |        102 |        102 |       0 |    0 |   168 |      0 |      0 |    0 |          0 |
|     u_mul                     | pack2_mult_dsp__62 |          3 |          2 |       0 |    1 |    41 |      0 |      0 |    0 |          1 |
|   g_row[1].g_col[1].u_pe      |       ae_pe_p2__61 |        105 |        104 |       0 |    1 |   209 |      0 |      0 |    0 |          1 |
|     (g_row[1].g_col[1].u_pe)  |       ae_pe_p2__61 |        102 |        102 |       0 |    0 |   168 |      0 |      0 |    0 |          0 |
|     u_mul                     | pack2_mult_dsp__61 |          3 |          2 |       0 |    1 |    41 |      0 |      0 |    0 |          1 |
|   g_row[1].g_col[2].u_pe      |        ae_pe_p2__3 |        105 |        104 |       0 |    1 |   209 |      0 |      0 |    0 |          1 |
|     (g_row[1].g_col[2].u_pe)  |        ae_pe_p2__3 |        102 |        102 |       0 |    0 |   168 |      0 |      0 |    0 |          0 |
|     u_mul                     |  pack2_mult_dsp__3 |          3 |          2 |       0 |    1 |    41 |      0 |      0 |    0 |          1 |
|   g_row[1].g_col[3].u_pe      |        ae_pe_p2__4 |        105 |        104 |       0 |    1 |   208 |      0 |      0 |    0 |          1 |
|     (g_row[1].g_col[3].u_pe)  |        ae_pe_p2__4 |        102 |        102 |       0 |    0 |   167 |      0 |      0 |    0 |          0 |
|     u_mul                     |  pack2_mult_dsp__4 |          3 |          2 |       0 |    1 |    41 |      0 |      0 |    0 |          1 |
|   g_row[2].g_col[0].u_pe      |       ae_pe_p2__60 |        105 |        104 |       0 |    1 |   209 |      0 |      0 |    0 |          1 |
|     (g_row[2].g_col[0].u_pe)  |       ae_pe_p2__60 |        102 |        102 |       0 |    0 |   168 |      0 |      0 |    0 |          0 |
|     u_mul                     | pack2_mult_dsp__60 |          3 |          2 |       0 |    1 |    41 |      0 |      0 |    0 |          1 |
|   g_row[2].g_col[1].u_pe      |       ae_pe_p2__59 |        105 |        104 |       0 |    1 |   209 |      0 |      0 |    0 |          1 |
|     (g_row[2].g_col[1].u_pe)  |       ae_pe_p2__59 |        102 |        102 |       0 |    0 |   168 |      0 |      0 |    0 |          0 |
|     u_mul                     | pack2_mult_dsp__59 |          3 |          2 |       0 |    1 |    41 |      0 |      0 |    0 |          1 |
|   g_row[2].g_col[2].u_pe      |        ae_pe_p2__5 |        105 |        104 |       0 |    1 |   209 |      0 |      0 |    0 |          1 |
|     (g_row[2].g_col[2].u_pe)  |        ae_pe_p2__5 |        102 |        102 |       0 |    0 |   168 |      0 |      0 |    0 |          0 |
|     u_mul                     |  pack2_mult_dsp__5 |          3 |          2 |       0 |    1 |    41 |      0 |      0 |    0 |          1 |
|   g_row[2].g_col[3].u_pe      |        ae_pe_p2__6 |        105 |        104 |       0 |    1 |   208 |      0 |      0 |    0 |          1 |
|     (g_row[2].g_col[3].u_pe)  |        ae_pe_p2__6 |        102 |        102 |       0 |    0 |   167 |      0 |      0 |    0 |          0 |
|     u_mul                     |  pack2_mult_dsp__6 |          3 |          2 |       0 |    1 |    41 |      0 |      0 |    0 |          1 |
|   g_row[3].g_col[0].u_pe      |       ae_pe_p2__58 |        105 |        104 |       0 |    1 |   209 |      0 |      0 |    0 |          1 |
|     (g_row[3].g_col[0].u_pe)  |       ae_pe_p2__58 |        102 |        102 |       0 |    0 |   168 |      0 |      0 |    0 |          0 |
|     u_mul                     | pack2_mult_dsp__58 |          3 |          2 |       0 |    1 |    41 |      0 |      0 |    0 |          1 |
|   g_row[3].g_col[1].u_pe      |       ae_pe_p2__57 |        105 |        104 |       0 |    1 |   209 |      0 |      0 |    0 |          1 |
|     (g_row[3].g_col[1].u_pe)  |       ae_pe_p2__57 |        102 |        102 |       0 |    0 |   168 |      0 |      0 |    0 |          0 |
|     u_mul                     | pack2_mult_dsp__57 |          3 |          2 |       0 |    1 |    41 |      0 |      0 |    0 |          1 |
|   g_row[3].g_col[2].u_pe      |        ae_pe_p2__7 |        105 |        104 |       0 |    1 |   209 |      0 |      0 |    0 |          1 |
|     (g_row[3].g_col[2].u_pe)  |        ae_pe_p2__7 |        102 |        102 |       0 |    0 |   168 |      0 |      0 |    0 |          0 |
|     u_mul                     |  pack2_mult_dsp__7 |          3 |          2 |       0 |    1 |    41 |      0 |      0 |    0 |          1 |
|   g_row[3].g_col[3].u_pe      |        ae_pe_p2__8 |        105 |        104 |       0 |    1 |   208 |      0 |      0 |    0 |          1 |
|     (g_row[3].g_col[3].u_pe)  |        ae_pe_p2__8 |        102 |        102 |       0 |    0 |   167 |      0 |      0 |    0 |          0 |
|     u_mul                     |  pack2_mult_dsp__8 |          3 |          2 |       0 |    1 |    41 |      0 |      0 |    0 |          1 |
|   g_row[4].g_col[0].u_pe      |       ae_pe_p2__56 |        105 |        104 |       0 |    1 |   209 |      0 |      0 |    0 |          1 |
|     (g_row[4].g_col[0].u_pe)  |       ae_pe_p2__56 |        102 |        102 |       0 |    0 |   168 |      0 |      0 |    0 |          0 |
|     u_mul                     | pack2_mult_dsp__56 |          3 |          2 |       0 |    1 |    41 |      0 |      0 |    0 |          1 |
|   g_row[4].g_col[1].u_pe      |       ae_pe_p2__55 |        105 |        104 |       0 |    1 |   209 |      0 |      0 |    0 |          1 |
|     (g_row[4].g_col[1].u_pe)  |       ae_pe_p2__55 |        102 |        102 |       0 |    0 |   168 |      0 |      0 |    0 |          0 |
|     u_mul                     | pack2_mult_dsp__55 |          3 |          2 |       0 |    1 |    41 |      0 |      0 |    0 |          1 |
|   g_row[4].g_col[2].u_pe      |        ae_pe_p2__9 |        105 |        104 |       0 |    1 |   209 |      0 |      0 |    0 |          1 |
|     (g_row[4].g_col[2].u_pe)  |        ae_pe_p2__9 |        102 |        102 |       0 |    0 |   168 |      0 |      0 |    0 |          0 |
|     u_mul                     |  pack2_mult_dsp__9 |          3 |          2 |       0 |    1 |    41 |      0 |      0 |    0 |          1 |
|   g_row[4].g_col[3].u_pe      |       ae_pe_p2__10 |        105 |        104 |       0 |    1 |   208 |      0 |      0 |    0 |          1 |
|     (g_row[4].g_col[3].u_pe)  |       ae_pe_p2__10 |        102 |        102 |       0 |    0 |   167 |      0 |      0 |    0 |          0 |
|     u_mul                     | pack2_mult_dsp__10 |          3 |          2 |       0 |    1 |    41 |      0 |      0 |    0 |          1 |
|   g_row[5].g_col[0].u_pe      |       ae_pe_p2__54 |        105 |        104 |       0 |    1 |   209 |      0 |      0 |    0 |          1 |
|     (g_row[5].g_col[0].u_pe)  |       ae_pe_p2__54 |        102 |        102 |       0 |    0 |   168 |      0 |      0 |    0 |          0 |
|     u_mul                     | pack2_mult_dsp__54 |          3 |          2 |       0 |    1 |    41 |      0 |      0 |    0 |          1 |
|   g_row[5].g_col[1].u_pe      |       ae_pe_p2__53 |        105 |        104 |       0 |    1 |   209 |      0 |      0 |    0 |          1 |
|     (g_row[5].g_col[1].u_pe)  |       ae_pe_p2__53 |        102 |        102 |       0 |    0 |   168 |      0 |      0 |    0 |          0 |
|     u_mul                     | pack2_mult_dsp__53 |          3 |          2 |       0 |    1 |    41 |      0 |      0 |    0 |          1 |
|   g_row[5].g_col[2].u_pe      |       ae_pe_p2__11 |        105 |        104 |       0 |    1 |   209 |      0 |      0 |    0 |          1 |
|     (g_row[5].g_col[2].u_pe)  |       ae_pe_p2__11 |        102 |        102 |       0 |    0 |   168 |      0 |      0 |    0 |          0 |
|     u_mul                     | pack2_mult_dsp__11 |          3 |          2 |       0 |    1 |    41 |      0 |      0 |    0 |          1 |
|   g_row[5].g_col[3].u_pe      |       ae_pe_p2__12 |        105 |        104 |       0 |    1 |   208 |      0 |      0 |    0 |          1 |
|     (g_row[5].g_col[3].u_pe)  |       ae_pe_p2__12 |        102 |        102 |       0 |    0 |   167 |      0 |      0 |    0 |          0 |
|     u_mul                     | pack2_mult_dsp__12 |          3 |          2 |       0 |    1 |    41 |      0 |      0 |    0 |          1 |
|   g_row[6].g_col[0].u_pe      |       ae_pe_p2__52 |        105 |        104 |       0 |    1 |   209 |      0 |      0 |    0 |          1 |
|     (g_row[6].g_col[0].u_pe)  |       ae_pe_p2__52 |        102 |        102 |       0 |    0 |   168 |      0 |      0 |    0 |          0 |
|     u_mul                     | pack2_mult_dsp__52 |          3 |          2 |       0 |    1 |    41 |      0 |      0 |    0 |          1 |
|   g_row[6].g_col[1].u_pe      |       ae_pe_p2__51 |        105 |        104 |       0 |    1 |   209 |      0 |      0 |    0 |          1 |
|     (g_row[6].g_col[1].u_pe)  |       ae_pe_p2__51 |        102 |        102 |       0 |    0 |   168 |      0 |      0 |    0 |          0 |
|     u_mul                     | pack2_mult_dsp__51 |          3 |          2 |       0 |    1 |    41 |      0 |      0 |    0 |          1 |
|   g_row[6].g_col[2].u_pe      |       ae_pe_p2__13 |        105 |        104 |       0 |    1 |   209 |      0 |      0 |    0 |          1 |
|     (g_row[6].g_col[2].u_pe)  |       ae_pe_p2__13 |        102 |        102 |       0 |    0 |   168 |      0 |      0 |    0 |          0 |
|     u_mul                     | pack2_mult_dsp__13 |          3 |          2 |       0 |    1 |    41 |      0 |      0 |    0 |          1 |
|   g_row[6].g_col[3].u_pe      |       ae_pe_p2__14 |        105 |        104 |       0 |    1 |   208 |      0 |      0 |    0 |          1 |
|     (g_row[6].g_col[3].u_pe)  |       ae_pe_p2__14 |        102 |        102 |       0 |    0 |   167 |      0 |      0 |    0 |          0 |
|     u_mul                     | pack2_mult_dsp__14 |          3 |          2 |       0 |    1 |    41 |      0 |      0 |    0 |          1 |
|   g_row[7].g_col[0].u_pe      |       ae_pe_p2__50 |        105 |        104 |       0 |    1 |   209 |      0 |      0 |    0 |          1 |
|     (g_row[7].g_col[0].u_pe)  |       ae_pe_p2__50 |        102 |        102 |       0 |    0 |   168 |      0 |      0 |    0 |          0 |
|     u_mul                     | pack2_mult_dsp__50 |          3 |          2 |       0 |    1 |    41 |      0 |      0 |    0 |          1 |
|   g_row[7].g_col[1].u_pe      |       ae_pe_p2__49 |        105 |        104 |       0 |    1 |   209 |      0 |      0 |    0 |          1 |
|     (g_row[7].g_col[1].u_pe)  |       ae_pe_p2__49 |        102 |        102 |       0 |    0 |   168 |      0 |      0 |    0 |          0 |
|     u_mul                     | pack2_mult_dsp__49 |          3 |          2 |       0 |    1 |    41 |      0 |      0 |    0 |          1 |
|   g_row[7].g_col[2].u_pe      |       ae_pe_p2__15 |        105 |        104 |       0 |    1 |   209 |      0 |      0 |    0 |          1 |
|     (g_row[7].g_col[2].u_pe)  |       ae_pe_p2__15 |        102 |        102 |       0 |    0 |   168 |      0 |      0 |    0 |          0 |
|     u_mul                     | pack2_mult_dsp__15 |          3 |          2 |       0 |    1 |    41 |      0 |      0 |    0 |          1 |
|   g_row[7].g_col[3].u_pe      |       ae_pe_p2__16 |        105 |        104 |       0 |    1 |   208 |      0 |      0 |    0 |          1 |
|     (g_row[7].g_col[3].u_pe)  |       ae_pe_p2__16 |        102 |        102 |       0 |    0 |   167 |      0 |      0 |    0 |          0 |
|     u_mul                     | pack2_mult_dsp__16 |          3 |          2 |       0 |    1 |    41 |      0 |      0 |    0 |          1 |
|   g_row[8].g_col[0].u_pe      |       ae_pe_p2__48 |        105 |        104 |       0 |    1 |   209 |      0 |      0 |    0 |          1 |
|     (g_row[8].g_col[0].u_pe)  |       ae_pe_p2__48 |        102 |        102 |       0 |    0 |   168 |      0 |      0 |    0 |          0 |
|     u_mul                     | pack2_mult_dsp__48 |          3 |          2 |       0 |    1 |    41 |      0 |      0 |    0 |          1 |
|   g_row[8].g_col[1].u_pe      |       ae_pe_p2__47 |        105 |        104 |       0 |    1 |   209 |      0 |      0 |    0 |          1 |
|     (g_row[8].g_col[1].u_pe)  |       ae_pe_p2__47 |        102 |        102 |       0 |    0 |   168 |      0 |      0 |    0 |          0 |
|     u_mul                     | pack2_mult_dsp__47 |          3 |          2 |       0 |    1 |    41 |      0 |      0 |    0 |          1 |
|   g_row[8].g_col[2].u_pe      |       ae_pe_p2__17 |        105 |        104 |       0 |    1 |   209 |      0 |      0 |    0 |          1 |
|     (g_row[8].g_col[2].u_pe)  |       ae_pe_p2__17 |        102 |        102 |       0 |    0 |   168 |      0 |      0 |    0 |          0 |
|     u_mul                     | pack2_mult_dsp__17 |          3 |          2 |       0 |    1 |    41 |      0 |      0 |    0 |          1 |
|   g_row[8].g_col[3].u_pe      |       ae_pe_p2__18 |        105 |        104 |       0 |    1 |   208 |      0 |      0 |    0 |          1 |
|     (g_row[8].g_col[3].u_pe)  |       ae_pe_p2__18 |        102 |        102 |       0 |    0 |   167 |      0 |      0 |    0 |          0 |
|     u_mul                     | pack2_mult_dsp__18 |          3 |          2 |       0 |    1 |    41 |      0 |      0 |    0 |          1 |
|   g_row[9].g_col[0].u_pe      |       ae_pe_p2__46 |        105 |        104 |       0 |    1 |   209 |      0 |      0 |    0 |          1 |
|     (g_row[9].g_col[0].u_pe)  |       ae_pe_p2__46 |        102 |        102 |       0 |    0 |   168 |      0 |      0 |    0 |          0 |
|     u_mul                     | pack2_mult_dsp__46 |          3 |          2 |       0 |    1 |    41 |      0 |      0 |    0 |          1 |
|   g_row[9].g_col[1].u_pe      |       ae_pe_p2__45 |        105 |        104 |       0 |    1 |   209 |      0 |      0 |    0 |          1 |
|     (g_row[9].g_col[1].u_pe)  |       ae_pe_p2__45 |        102 |        102 |       0 |    0 |   168 |      0 |      0 |    0 |          0 |
|     u_mul                     | pack2_mult_dsp__45 |          3 |          2 |       0 |    1 |    41 |      0 |      0 |    0 |          1 |
|   g_row[9].g_col[2].u_pe      |       ae_pe_p2__19 |        105 |        104 |       0 |    1 |   209 |      0 |      0 |    0 |          1 |
|     (g_row[9].g_col[2].u_pe)  |       ae_pe_p2__19 |        102 |        102 |       0 |    0 |   168 |      0 |      0 |    0 |          0 |
|     u_mul                     | pack2_mult_dsp__19 |          3 |          2 |       0 |    1 |    41 |      0 |      0 |    0 |          1 |
|   g_row[9].g_col[3].u_pe      |       ae_pe_p2__20 |        105 |        104 |       0 |    1 |   208 |      0 |      0 |    0 |          1 |
|     (g_row[9].g_col[3].u_pe)  |       ae_pe_p2__20 |        102 |        102 |       0 |    0 |   167 |      0 |      0 |    0 |          0 |
|     u_mul                     | pack2_mult_dsp__20 |          3 |          2 |       0 |    1 |    41 |      0 |      0 |    0 |          1 |
+-------------------------------+--------------------+------------+------------+---------+------+-------+--------+--------+------+------------+


