Copyright 1986-2021 Xilinx, Inc. All Rights Reserved.
------------------------------------------------------------------------------------------------------
| Tool Version      : Vivado v.2021.2 (win64) Build 3367213 Tue Oct 19 02:48:09 MDT 2021
| Date              : Tue Sep  8 17:11:59 2026
| Host              : nc23 running 64-bit major release  (build 9200)
| Command           : report_timing_summary -file E:/ae_syn/hb_h1/runs/eng48/synth/timing_summary.rpt
| Design            : top_eng48
| Device            : xczu7ev-ffvc1156
| Speed File        : -2  PRODUCTION 1.29 08-03-2020
| Temperature Grade : E
------------------------------------------------------------------------------------------------------

Timing Summary Report

------------------------------------------------------------------------------------------------
| Timer Settings
| --------------
------------------------------------------------------------------------------------------------

  Enable Multi Corner Analysis               :  Yes
  Enable Pessimism Removal                   :  Yes
  Pessimism Removal Resolution               :  Nearest Common Node
  Enable Input Delay Default Clock           :  No
  Enable Preset / Clear Arcs                 :  No
  Disable Flight Delays                      :  No
  Ignore I/O Paths                           :  No
  Timing Early Launch at Borrowing Latches   :  No
  Borrow Time for Max Delay Exceptions       :  Yes
  Merge Timing Exceptions                    :  Yes

  Corner  Analyze    Analyze    
  Name    Max Paths  Min Paths  
  ------  ---------  ---------  
  Slow    Yes        Yes        
  Fast    Yes        Yes        


------------------------------------------------------------------------------------------------
| Report Methodology
| ------------------
------------------------------------------------------------------------------------------------

No report available as report_methodology has not been run prior. Run report_methodology on the current design for the summary of methodology violations.



check_timing report

Table of Contents
-----------------
1. checking no_clock (0)
2. checking constant_clock (0)
3. checking pulse_width_clock (0)
4. checking unconstrained_internal_endpoints (0)
5. checking no_input_delay (1041)
6. checking no_output_delay (223)
7. checking multiple_clock (0)
8. checking generated_clocks (0)
9. checking loops (0)
10. checking partial_input_delay (0)
11. checking partial_output_delay (0)
12. checking latch_loops (0)

1. checking no_clock (0)
------------------------
 There are 0 register/latch pins with no clock.


2. checking constant_clock (0)
------------------------------
 There are 0 register/latch pins with constant_clock.


3. checking pulse_width_clock (0)
---------------------------------
 There are 0 register/latch pins which need pulse_width check


4. checking unconstrained_internal_endpoints (0)
------------------------------------------------
 There are 0 pins that are not constrained for maximum delay.

 There are 0 pins that are not constrained for maximum delay due to constant clock.


5. checking no_input_delay (1041)
---------------------------------
 There are 1041 input ports with no input delay specified. (HIGH)

 There are 0 input ports with no input delay but user has a false path constraint.


6. checking no_output_delay (223)
---------------------------------
 There are 223 ports with no output delay specified. (HIGH)

 There are 0 ports with no output delay but user has a false path constraint

 There are 0 ports with no output delay but with a timing clock defined on it or propagating through it


7. checking multiple_clock (0)
------------------------------
 There are 0 register/latch pins with multiple clocks.


8. checking generated_clocks (0)
--------------------------------
 There are 0 generated clocks that are not connected to a clock source.


9. checking loops (0)
---------------------
 There are 0 combinational loops in the design.


10. checking partial_input_delay (0)
------------------------------------
 There are 0 input ports with partial input delay specified.


11. checking partial_output_delay (0)
-------------------------------------
 There are 0 ports with partial output delay specified.


12. checking latch_loops (0)
----------------------------
 There are 0 combinational latch loops in the design through latch input



------------------------------------------------------------------------------------------------
| Design Timing Summary
| ---------------------
------------------------------------------------------------------------------------------------

    WNS(ns)      TNS(ns)  TNS Failing Endpoints  TNS Total Endpoints      WHS(ns)      THS(ns)  THS Failing Endpoints  THS Total Endpoints     WPWS(ns)     TPWS(ns)  TPWS Failing Endpoints  TPWS Total Endpoints  
    -------      -------  ---------------------  -------------------      -------      -------  ---------------------  -------------------     --------     --------  ----------------------  --------------------  
      0.071        0.000                      0               380668        0.068        0.000                      0               380668        1.117        0.000                       0                183917  


All user specified timing constraints are met.


------------------------------------------------------------------------------------------------
| Clock Summary
| -------------
------------------------------------------------------------------------------------------------

Clock  Waveform(ns)         Period(ns)      Frequency(MHz)
-----  ------------         ----------      --------------
clk    {0.000 1.649}        3.298           303.214         


------------------------------------------------------------------------------------------------
| Intra Clock Table
| -----------------
------------------------------------------------------------------------------------------------

Clock             WNS(ns)      TNS(ns)  TNS Failing Endpoints  TNS Total Endpoints      WHS(ns)      THS(ns)  THS Failing Endpoints  THS Total Endpoints     WPWS(ns)     TPWS(ns)  TPWS Failing Endpoints  TPWS Total Endpoints  
-----             -------      -------  ---------------------  -------------------      -------      -------  ---------------------  -------------------     --------     --------  ----------------------  --------------------  
clk                 0.071        0.000                      0               380668        0.068        0.000                      0               380668        1.117        0.000                       0                183917  


------------------------------------------------------------------------------------------------
| Inter Clock Table
| -----------------
------------------------------------------------------------------------------------------------

From Clock    To Clock          WNS(ns)      TNS(ns)  TNS Failing Endpoints  TNS Total Endpoints      WHS(ns)      THS(ns)  THS Failing Endpoints  THS Total Endpoints  
----------    --------          -------      -------  ---------------------  -------------------      -------      -------  ---------------------  -------------------  


------------------------------------------------------------------------------------------------
| Other Path Groups Table
| -----------------------
------------------------------------------------------------------------------------------------

Path Group    From Clock    To Clock          WNS(ns)      TNS(ns)  TNS Failing Endpoints  TNS Total Endpoints      WHS(ns)      THS(ns)  THS Failing Endpoints  THS Total Endpoints  
----------    ----------    --------          -------      -------  ---------------------  -------------------      -------      -------  ---------------------  -------------------  


------------------------------------------------------------------------------------------------
| Timing Details
| --------------
------------------------------------------------------------------------------------------------


---------------------------------------------------------------------------------------------------
From Clock:  clk
  To Clock:  clk

Setup :            0  Failing Endpoints,  Worst Slack        0.071ns,  Total Violation        0.000ns
Hold  :            0  Failing Endpoints,  Worst Slack        0.068ns,  Total Violation        0.000ns
PW    :            0  Failing Endpoints,  Worst Slack        1.117ns,  Total Violation        0.000ns
---------------------------------------------------------------------------------------------------


Max Delay Paths
--------------------------------------------------------------------------------------
Slack (MET) :             0.071ns  (required time - arrival time)
  Source:                 u_eng/cgr_lo_reg[0]/C
                            (rising edge-triggered cell FDRE clocked by clk  {rise@0.000ns fall@1.649ns period=3.298ns})
  Destination:            u_eng/wb_addr_r_reg[19]/D
                            (rising edge-triggered cell FDRE clocked by clk  {rise@0.000ns fall@1.649ns period=3.298ns})
  Path Group:             clk
  Path Type:              Setup (Max at Slow Process Corner)
  Requirement:            3.298ns  (clk rise@3.298ns - clk rise@0.000ns)
  Data Path Delay:        3.217ns  (logic 1.113ns (34.597%)  route 2.104ns (65.403%))
  Logic Levels:           14  (CARRY8=6 LUT2=1 LUT3=1 LUT4=1 LUT5=1 LUT6=4)
  Clock Uncertainty:      0.035ns  ((TSJ^2 + TIJ^2)^1/2 + DJ) / 2 + PE
    Total System Jitter     (TSJ):    0.071ns
    Total Input Jitter      (TIJ):    0.000ns
    Discrete Jitter          (DJ):    0.000ns
    Phase Error              (PE):    0.000ns

    Location             Delay type                Incr(ns)  Path(ns)    Netlist Resource(s)
  -------------------------------------------------------------------    -------------------
                         (clock clk rise edge)        0.000     0.000 r  
                                                      0.000     0.000 r  clk (IN)
                         net (fo=187756, unset)       0.000     0.000    u_eng/clk
                         FDRE                                         r  u_eng/cgr_lo_reg[0]/C
  -------------------------------------------------------------------    -------------------
                         FDRE (Prop_FDRE_C_Q)         0.077     0.077 r  u_eng/cgr_lo_reg[0]/Q
                         net (fo=7, unplaced)         0.162     0.239    u_eng/cgr_lo[0]
                         LUT2 (Prop_LUT2_I1_O)        0.038     0.277 r  u_eng/wb_addr_r[7]_i_40/O
                         net (fo=1, unplaced)         0.020     0.297    u_eng/wb_addr_r[7]_i_40_n_0
                         CARRY8 (Prop_CARRY8_S[0]_CO[7])
                                                      0.199     0.496 r  u_eng/wb_addr_r_reg[7]_i_35/CO[7]
                         net (fo=1, unplaced)         0.005     0.501    u_eng/wb_addr_r_reg[7]_i_35_n_0
                         CARRY8 (Prop_CARRY8_CI_O[1])
                                                      0.076     0.577 r  u_eng/wb_lanes_r_reg[15]_i_24/O[1]
                         net (fo=78, unplaced)        0.263     0.840    u_eng/wb_lanes_r4[9]
                         LUT4 (Prop_LUT4_I3_O)        0.070     0.910 r  u_eng/wb_addr_r[19]_i_99/O
                         net (fo=1, unplaced)         0.260     1.170    u_eng/wb_addr_r[19]_i_99_n_0
                         CARRY8 (Prop_CARRY8_DI[0]_O[2])
                                                      0.109     1.279 r  u_eng/wb_addr_r_reg[19]_i_54/O[2]
                         net (fo=4, unplaced)         0.197     1.476    u_eng/wb_addr_r_reg[19]_i_54_n_13
                         LUT3 (Prop_LUT3_I0_O)        0.068     1.544 r  u_eng/wb_addr_r[19]_i_110/O
                         net (fo=1, unplaced)         0.245     1.789    u_eng/wb_addr_r[19]_i_110_n_0
                         CARRY8 (Prop_CARRY8_DI[2]_O[4])
                                                      0.150     1.939 r  u_eng/wb_addr_r_reg[19]_i_59/O[4]
                         net (fo=1, unplaced)         0.183     2.122    u_eng/wb_addr_r_reg[19]_i_59_n_11
                         LUT6 (Prop_LUT6_I2_O)        0.038     2.160 r  u_eng/wb_addr_r[19]_i_108/O
                         net (fo=1, unplaced)         0.185     2.345    u_eng/wb_addr_r[19]_i_108_n_0
                         LUT6 (Prop_LUT6_I5_O)        0.038     2.383 r  u_eng/wb_addr_r[19]_i_58/O
                         net (fo=1, unplaced)         0.185     2.568    u_eng/wb_addr_r[19]_i_58_n_0
                         LUT6 (Prop_LUT6_I2_O)        0.037     2.605 r  u_eng/wb_addr_r[19]_i_26/O
                         net (fo=1, unplaced)         0.021     2.626    u_eng/wb_addr_r[19]_i_26_n_0
                         CARRY8 (Prop_CARRY8_S[4]_O[4])
                                                      0.063     2.689 r  u_eng/wb_addr_r_reg[19]_i_10/O[4]
                         net (fo=1, unplaced)         0.183     2.872    u_eng/cgrm16[19]
                         LUT5 (Prop_LUT5_I4_O)        0.038     2.910 r  u_eng/wb_addr_r[19]_i_16/O
                         net (fo=1, unplaced)         0.137     3.047    u_eng/wb_addr_r[19]_i_16_n_0
                         LUT6 (Prop_LUT6_I1_O)        0.051     3.098 r  u_eng/wb_addr_r[19]_i_6/O
                         net (fo=1, unplaced)         0.032     3.130    u_eng/wb_addr_r[19]_i_6_n_0
                         CARRY8 (Prop_CARRY8_S[3]_O[3])
                                                      0.061     3.191 r  u_eng/wb_addr_r_reg[19]_i_2/O[3]
                         net (fo=1, unplaced)         0.026     3.217    u_eng/wb_addr_r_reg[19]_i_2_n_12
                         FDRE                                         r  u_eng/wb_addr_r_reg[19]/D
  -------------------------------------------------------------------    -------------------

                         (clock clk rise edge)        3.298     3.298 r  
                                                      0.000     3.298 r  clk (IN)
                         net (fo=187756, unset)       0.000     3.298    u_eng/clk
                         FDRE                                         r  u_eng/wb_addr_r_reg[19]/C
                         clock pessimism              0.000     3.298    
                         clock uncertainty           -0.035     3.263    
                         FDRE (Setup_FDRE_C_D)        0.025     3.288    u_eng/wb_addr_r_reg[19]
  -------------------------------------------------------------------
                         required time                          3.288    
                         arrival time                          -3.217    
  -------------------------------------------------------------------
                         slack                                  0.071    





Min Delay Paths
--------------------------------------------------------------------------------------
Slack (MET) :             0.068ns  (arrival time - required time)
  Source:                 u_eng/u_arr/bdly_reg[0][27][0]/C
                            (rising edge-triggered cell FDRE clocked by clk  {rise@0.000ns fall@1.649ns period=3.298ns})
  Destination:            u_eng/u_arr/bdly_reg[10][27][0]_srl10_lopt_merged/D
                            (rising edge-triggered cell SRLC32E clocked by clk  {rise@0.000ns fall@1.649ns period=3.298ns})
  Path Group:             clk
  Path Type:              Hold (Min at Fast Process Corner)
  Requirement:            0.000ns  (clk rise@0.000ns - clk rise@0.000ns)
  Data Path Delay:        0.114ns  (logic 0.038ns (33.333%)  route 0.076ns (66.667%))
  Logic Levels:           0  

    Location             Delay type                Incr(ns)  Path(ns)    Netlist Resource(s)
  -------------------------------------------------------------------    -------------------
                         (clock clk rise edge)        0.000     0.000 r  
                                                      0.000     0.000 r  clk (IN)
                         net (fo=187756, unset)       0.000     0.000    u_eng/u_arr/clk
                         FDRE                                         r  u_eng/u_arr/bdly_reg[0][27][0]/C
  -------------------------------------------------------------------    -------------------
                         FDRE (Prop_FDRE_C_Q)         0.038     0.038 r  u_eng/u_arr/bdly_reg[0][27][0]/Q
                         net (fo=1, unplaced)         0.076     0.114    u_eng/u_arr/bdly_reg_n_0_[0][27][0]
                         SRLC32E                                      r  u_eng/u_arr/bdly_reg[10][27][0]_srl10_lopt_merged/D
  -------------------------------------------------------------------    -------------------

                         (clock clk rise edge)        0.000     0.000 r  
                                                      0.000     0.000 r  clk (IN)
                         net (fo=187756, unset)       0.000     0.000    u_eng/u_arr/clk
                         SRLC32E                                      r  u_eng/u_arr/bdly_reg[10][27][0]_srl10_lopt_merged/CLK
                         clock pessimism              0.000     0.000    
                         SRLC32E (Hold_SRLC32E_CLK_D)
                                                      0.046     0.046    u_eng/u_arr/bdly_reg[10][27][0]_srl10_lopt_merged
  -------------------------------------------------------------------
                         required time                         -0.046    
                         arrival time                           0.114    
  -------------------------------------------------------------------
                         slack                                  0.068    





Pulse Width Checks
--------------------------------------------------------------------------------------
Clock Name:         clk
Waveform(ns):       { 0.000 1.649 }
Period(ns):         3.298
Sources:            { clk }

Check Type        Corner  Lib Pin     Reference Pin  Required(ns)  Actual(ns)  Slack(ns)  Location  Pin
Min Period        n/a     SRL16E/CLK  n/a            1.064         3.298       2.234                u_eng/u_arr/adly_reg[10][11][0]_srl10/CLK
Low Pulse Width   Slow    SRL16E/CLK  n/a            0.532         1.649       1.117                u_eng/u_arr/adly_reg[10][11][0]_srl10/CLK
High Pulse Width  Slow    SRL16E/CLK  n/a            0.532         1.649       1.117                u_eng/u_arr/adly_reg[10][11][0]_srl10/CLK



