~/.conda/envs/holobrain/lib/python3.10/site-packages/datasets/utils/experimental.py:37: UserWarning: 'register_feature' is experimental and might be subject to breaking changes in the future.
  warnings.warn(
Use default teacher_forcing_mean_steps: 16
[load] model up on CPU (eager MHA x6)
[fix] kinematics chain 108 处 device→cpu
[data] s000 <- /tmp/ae_hostdrv/batch_s000.pt
[fix] kinematics chain 108 处 device→cpu
[data] s001 <- /tmp/ae_hostdrv/batch_s001.pt
~/.conda/envs/holobrain/lib/python3.10/site-packages/torch/functional.py:539: UserWarning: torch.meshgrid: in an upcoming release, it will be required to pass the indexing argument. (Triggered internally at /pytorch/aten/src/ATen/native/TensorShape.cpp:3637.)
  return _VF.meshgrid(tensors, **kwargs)  # type: ignore[attr-defined]
[cal ] sample 0 (instr 0) 2.8s
[cal ] sample 1 (instr 1) 3.6s
[cal ] sample 2 (instr 2) 3.2s
[cal ] sample 3 (instr 3) 3.0s
[cal ] sample 4 (instr 4) 3.1s
[cal ] sample 5 (instr 5) 2.8s
[cal ] sample 6 (instr 6) 2.6s
[cal ] sample 7 (instr 7) 2.6s
[cal] n_linear=420/421 n_conv=10/10 bias_fp=88 (28s)
[fp  ] 2x4 references (45s)
[v2  ] table params 430 layers, 9 条目非 module（保持 fp，如 in_proj_weight）
[acc_bias] s000 seed 1000: jpos=0.01847 max_jpos=0.1406 mae_all=0.01528
[acc_bias] s000 seed 1100: jpos=0.01906 max_jpos=0.1393 mae_all=0.01581
[acc_bias] s000 seed 1200: jpos=0.01835 max_jpos=0.1305 mae_all=0.01568
[acc_bias] s000 seed 20260830: jpos=0.01831 max_jpos=0.1333 mae_all=0.01574
[acc_bias] s000 MEAN jpos=0.01855 -> deploy GREEN (判据 0.045; 旧门限绿 0.03/黄 0.06)
[acc_bias] s001 seed 1000: jpos=0.02212 max_jpos=0.2114 mae_all=0.01793
[acc_bias] s001 seed 1100: jpos=0.02806 max_jpos=0.3899 mae_all=0.02090
[acc_bias] s001 seed 1200: jpos=0.02206 max_jpos=0.2312 mae_all=0.01853
[acc_bias] s001 seed 20260830: jpos=0.02869 max_jpos=0.3698 mae_all=0.02130
[acc_bias] s001 MEAN jpos=0.02523 -> deploy GREEN (判据 0.045; 旧门限绿 0.03/黄 0.06)
[host_bias] s000 seed 1000: jpos=0.02181 max_jpos=0.1767 mae_all=0.01627
[host_bias] s000 seed 1100: jpos=0.02194 max_jpos=0.1812 mae_all=0.01621
[host_bias] s000 seed 1200: jpos=0.02141 max_jpos=0.1723 mae_all=0.01608
[host_bias] s000 seed 20260830: jpos=0.02151 max_jpos=0.1730 mae_all=0.01623
[host_bias] s000 MEAN jpos=0.02167 -> deploy GREEN (判据 0.045; 旧门限绿 0.03/黄 0.06)
[host_bias] s001 seed 1000: jpos=0.02110 max_jpos=0.2334 mae_all=0.01828
[host_bias] s001 seed 1100: jpos=0.02798 max_jpos=0.4038 mae_all=0.02139
[host_bias] s001 seed 1200: jpos=0.02041 max_jpos=0.2521 mae_all=0.01895
[host_bias] s001 seed 20260830: jpos=0.02799 max_jpos=0.3837 mae_all=0.02141
[host_bias] s001 MEAN jpos=0.02437 -> deploy GREEN (判据 0.045; 旧门限绿 0.03/黄 0.06)
[tbl ] v2/fresh sa: n=430 p10=1.000 p50=1.000 p90=1.000 max=1.00
[tbl ] v2/fresh so: n=430 p10=1.000 p50=1.000 p90=1.000 max=1.00
[tbl ] v2/fresh sw: n=430 p10=1.000 p50=1.000 p90=1.000 max=1.00
[tbl ] v2/fresh m_v1: n=430 p10=1.000 p50=1.000 p90=1.000 max=1.00
[cache] fp outputs cached for 431 modules (1.9 GiB CPU)
[diff] s000 top: re_enhancer.text_attn_blocks.0.ffn.layers.0.0(159.21); re_enhancer.text_attn_blocks.2.ffn.layers.0.0(116.09); re_enhancer.text_attn_blocks.1.ffn.layers.0.0(102.53); re_enhancer.text_attn_blocks.3.ffn.layers.0.0(96.36); re_enhancer.text_attn_blocks.4.ffn.layers.0.0(50.17)
[cache] fp outputs cached for 431 modules (1.9 GiB CPU)
[diff] s001 top: re_enhancer.text_attn_blocks.0.ffn.layers.0.0(255.77); re_enhancer.text_attn_blocks.1.ffn.layers.0.0(168.62); re_enhancer.text_attn_blocks.2.ffn.layers.0.0(94.53); re_enhancer.text_attn_blocks.3.ffn.layers.0.0(75.46); ure_enhancer.img_attn_blocks.5.ffn.layers.0.0(42.19)
[cov ] s000 [fresh] input>calib*1.05 on 105/430 modules; sat_frac>1% on 1
[cov ] s000 [v2] input>calib*1.05 on 105/430 modules; sat_frac>1% on 1
[cov ] s001 [fresh] input>calib*1.05 on 115/430 modules; sat_frac>1% on 0
[cov ] s001 [v2] input>calib*1.05 on 115/430 modules; sat_frac>1% on 0
[save] /tmp/pcw_rtn/gate_real_results.json (33 kB)
[done] total 156s
