~/.conda/envs/holobrain/lib/python3.10/site-packages/datasets/utils/experimental.py:37: UserWarning: 'register_feature' is experimental and might be subject to breaking changes in the future.
  warnings.warn(
Use default teacher_forcing_mean_steps: 16
[fix] kinematics chain 108 处 device→cpu
[patch] gemm=319 attn=70 host=556 native=226
[bisect] #0 gemm backbone.patch_embed.projection
[bisect] #1 attn backbone.stages.0.blocks.0.attn.w_msa
[bisect] #2 gemm backbone.stages.0.blocks.0.ffn.layers.0.0
[bisect] #3 gemm backbone.stages.0.blocks.0.ffn.layers.1
[bisect] #4 attn backbone.stages.0.blocks.1.attn.w_msa
[bisect] #5 gemm backbone.stages.0.blocks.1.ffn.layers.0.0
[bisect] #6 gemm backbone.stages.0.blocks.1.ffn.layers.1
[bisect] #7 gemm backbone.stages.0.downsample.reduction
[bisect] #8 attn backbone.stages.1.blocks.0.attn.w_msa
[bisect] #9 gemm backbone.stages.1.blocks.0.ffn.layers.0.0
[bisect] #10 gemm backbone.stages.1.blocks.0.ffn.layers.1
[bisect] #11 attn backbone.stages.1.blocks.1.attn.w_msa
[bisect] #12 gemm backbone.stages.1.blocks.1.ffn.layers.0.0
[bisect] #13 gemm backbone.stages.1.blocks.1.ffn.layers.1
[bisect] #14 gemm backbone.stages.1.downsample.reduction
[bisect] #15 attn backbone.stages.2.blocks.0.attn.w_msa
[bisect] #16 gemm backbone.stages.2.blocks.0.ffn.layers.0.0
[bisect] #17 gemm backbone.stages.2.blocks.0.ffn.layers.1
[bisect] #18 attn backbone.stages.2.blocks.1.attn.w_msa
[bisect] #19 gemm backbone.stages.2.blocks.1.ffn.layers.0.0
[bisect] #20 gemm backbone.stages.2.blocks.1.ffn.layers.1
[bisect] #21 attn backbone.stages.2.blocks.2.attn.w_msa
[bisect] #22 gemm backbone.stages.2.blocks.2.ffn.layers.0.0
[bisect] #23 gemm backbone.stages.2.blocks.2.ffn.layers.1
[bisect] #24 attn backbone.stages.2.blocks.3.attn.w_msa
[bisect] #25 gemm backbone.stages.2.blocks.3.ffn.layers.0.0
[bisect] #26 gemm backbone.stages.2.blocks.3.ffn.layers.1
[bisect] #27 attn backbone.stages.2.blocks.4.attn.w_msa
[bisect] #28 gemm backbone.stages.2.blocks.4.ffn.layers.0.0
[bisect] #29 gemm backbone.stages.2.blocks.4.ffn.layers.1
[bisect] #30 attn backbone.stages.2.blocks.5.attn.w_msa
[bisect] #31 gemm backbone.stages.2.blocks.5.ffn.layers.0.0
[bisect] #32 gemm backbone.stages.2.blocks.5.ffn.layers.1
[bisect] #33 gemm backbone.stages.2.downsample.reduction
[bisect] #34 attn backbone.stages.3.blocks.0.attn.w_msa
[bisect] #35 gemm backbone.stages.3.blocks.0.ffn.layers.0.0
[bisect] #36 gemm backbone.stages.3.blocks.0.ffn.layers.1
[bisect] #37 attn backbone.stages.3.blocks.1.attn.w_msa
[bisect] #38 gemm backbone.stages.3.blocks.1.ffn.layers.0.0
[bisect] #39 gemm backbone.stages.3.blocks.1.ffn.layers.1
[bisect] #40 gemm neck.convs.0.0
[bisect] #41 gemm neck.convs.1.0
[bisect] #42 gemm neck.convs.2.0
[bisect] #43 gemm backbone_3d.patch_embed.projection
[bisect] #44 attn backbone_3d.stages.0.blocks.0.attn.w_msa
[bisect] #45 gemm backbone_3d.stages.0.blocks.0.ffn.layers.0.0
[bisect] #46 gemm backbone_3d.stages.0.blocks.0.ffn.layers.1
[bisect] #47 attn backbone_3d.stages.0.blocks.1.attn.w_msa
[bisect] #48 gemm backbone_3d.stages.0.blocks.1.ffn.layers.0.0
[bisect] #49 gemm backbone_3d.stages.0.blocks.1.ffn.layers.1
[bisect] #50 gemm backbone_3d.stages.0.downsample.reduction
[bisect] #51 attn backbone_3d.stages.1.blocks.0.attn.w_msa
[bisect] #52 gemm backbone_3d.stages.1.blocks.0.ffn.layers.0.0
[bisect] #53 gemm backbone_3d.stages.1.blocks.0.ffn.layers.1
[bisect] #54 attn backbone_3d.stages.1.blocks.1.attn.w_msa
[bisect] #55 gemm backbone_3d.stages.1.blocks.1.ffn.layers.0.0
[bisect] #56 gemm backbone_3d.stages.1.blocks.1.ffn.layers.1
[bisect] #57 gemm backbone_3d.stages.1.downsample.reduction
[bisect] #58 attn backbone_3d.stages.2.blocks.0.attn.w_msa
[bisect] #59 gemm backbone_3d.stages.2.blocks.0.ffn.layers.0.0
[bisect] #60 gemm backbone_3d.stages.2.blocks.0.ffn.layers.1
[bisect] #61 attn backbone_3d.stages.2.blocks.1.attn.w_msa
[bisect] #62 gemm backbone_3d.stages.2.blocks.1.ffn.layers.0.0
[bisect] #63 gemm backbone_3d.stages.2.blocks.1.ffn.layers.1
[bisect] #64 attn backbone_3d.stages.2.blocks.2.attn.w_msa
[bisect] #65 gemm backbone_3d.stages.2.blocks.2.ffn.layers.0.0
[bisect] #66 gemm backbone_3d.stages.2.blocks.2.ffn.layers.1
[bisect] #67 attn backbone_3d.stages.2.blocks.3.attn.w_msa
[bisect] #68 gemm backbone_3d.stages.2.blocks.3.ffn.layers.0.0
[bisect] #69 gemm backbone_3d.stages.2.blocks.3.ffn.layers.1
[bisect] #70 attn backbone_3d.stages.2.blocks.4.attn.w_msa
[bisect] #71 gemm backbone_3d.stages.2.blocks.4.ffn.layers.0.0
[bisect] #72 gemm backbone_3d.stages.2.blocks.4.ffn.layers.1
[bisect] #73 attn backbone_3d.stages.2.blocks.5.attn.w_msa
[bisect] #74 gemm backbone_3d.stages.2.blocks.5.ffn.layers.0.0
[bisect] #75 gemm backbone_3d.stages.2.blocks.5.ffn.layers.1
[bisect] #76 gemm backbone_3d.stages.2.downsample.reduction
[bisect] #77 attn backbone_3d.stages.3.blocks.0.attn.w_msa
[bisect] #78 gemm backbone_3d.stages.3.blocks.0.ffn.layers.0.0
[bisect] #79 gemm backbone_3d.stages.3.blocks.0.ffn.layers.1
[bisect] #80 attn backbone_3d.stages.3.blocks.1.attn.w_msa
[bisect] #81 gemm backbone_3d.stages.3.blocks.1.ffn.layers.0.0
[bisect] #82 gemm backbone_3d.stages.3.blocks.1.ffn.layers.1
[bisect] #83 gemm neck_3d.convs.0.0
[bisect] #84 gemm neck_3d.convs.1.0
[bisect] #85 gemm neck_3d.convs.2.0
[bisect] #86 gemm neck_3d.extra_convs.0.0
[bisect] #87 attn text_encoder.language_backbone.body.model.encoder.layer.0.attention
[warn] BERT attention_mask 非全通：PL softmax 无 mask，数值有偏差
[bisect] #88 gemm text_encoder.language_backbone.body.model.encoder.layer.0.intermediate.dense
[bisect] #89 gemm text_encoder.language_backbone.body.model.encoder.layer.0.output.dense
[bisect] #90 attn text_encoder.language_backbone.body.model.encoder.layer.1.attention
[bisect] #91 gemm text_encoder.language_backbone.body.model.encoder.layer.1.intermediate.dense
[bisect] #92 gemm text_encoder.language_backbone.body.model.encoder.layer.1.output.dense
[bisect] #93 attn text_encoder.language_backbone.body.model.encoder.layer.2.attention
[bisect] #94 gemm text_encoder.language_backbone.body.model.encoder.layer.2.intermediate.dense
[bisect] #95 gemm text_encoder.language_backbone.body.model.encoder.layer.2.output.dense
[bisect] #96 attn text_encoder.language_backbone.body.model.encoder.layer.3.attention
[bisect] #97 gemm text_encoder.language_backbone.body.model.encoder.layer.3.intermediate.dense
[bisect] #98 gemm text_encoder.language_backbone.body.model.encoder.layer.3.output.dense
[bisect] #99 attn text_encoder.language_backbone.body.model.encoder.layer.4.attention
[bisect] #100 gemm text_encoder.language_backbone.body.model.encoder.layer.4.intermediate.dense
[bisect] #101 gemm text_encoder.language_backbone.body.model.encoder.layer.4.output.dense
[bisect] #102 attn text_encoder.language_backbone.body.model.encoder.layer.5.attention
[bisect] #103 gemm text_encoder.language_backbone.body.model.encoder.layer.5.intermediate.dense
[bisect] #104 gemm text_encoder.language_backbone.body.model.encoder.layer.5.output.dense
[bisect] #105 attn text_encoder.language_backbone.body.model.encoder.layer.6.attention
[bisect] #106 gemm text_encoder.language_backbone.body.model.encoder.layer.6.intermediate.dense
[bisect] #107 gemm text_encoder.language_backbone.body.model.encoder.layer.6.output.dense
[bisect] #108 attn text_encoder.language_backbone.body.model.encoder.layer.7.attention
[bisect] #109 gemm text_encoder.language_backbone.body.model.encoder.layer.7.intermediate.dense
[bisect] #110 gemm text_encoder.language_backbone.body.model.encoder.layer.7.output.dense
[bisect] #111 attn text_encoder.language_backbone.body.model.encoder.layer.8.attention
[bisect] #112 gemm text_encoder.language_backbone.body.model.encoder.layer.8.intermediate.dense
[bisect] #113 gemm text_encoder.language_backbone.body.model.encoder.layer.8.output.dense
[bisect] #114 attn text_encoder.language_backbone.body.model.encoder.layer.9.attention
[bisect] #115 gemm text_encoder.language_backbone.body.model.encoder.layer.9.intermediate.dense
[bisect] #116 gemm text_encoder.language_backbone.body.model.encoder.layer.9.output.dense
[bisect] #117 attn text_encoder.language_backbone.body.model.encoder.layer.10.attention
[bisect] #118 gemm text_encoder.language_backbone.body.model.encoder.layer.10.intermediate.dense
[bisect] #119 gemm text_encoder.language_backbone.body.model.encoder.layer.10.output.dense
[bisect] #120 attn text_encoder.language_backbone.body.model.encoder.layer.11.attention
[bisect] #121 gemm text_encoder.language_backbone.body.model.encoder.layer.11.intermediate.dense
[bisect] #122 gemm text_encoder.language_backbone.body.model.encoder.layer.11.output.dense
[bisect] #123 gemm text_feat_map
~/.conda/envs/holobrain/lib/python3.10/site-packages/torch/functional.py:539: UserWarning: torch.meshgrid: in an upcoming release, it will be required to pass the indexing argument. (Triggered internally at /pytorch/aten/src/ATen/native/TensorShape.cpp:3637.)
  return _VF.meshgrid(tensors, **kwargs)  # type: ignore[attr-defined]
[bisect] #124 attn feature_enhancer.text_img_attn_blocks.0.attn
[bisect] #125 gemm feature_enhancer.img_attn_blocks.0.self_attn.value_proj
[bisect] #126 gemm feature_enhancer.img_attn_blocks.0.self_attn.sampling_offsets
[bisect] #127 gemm feature_enhancer.img_attn_blocks.0.self_attn.attention_weights
[bisect] #128 gemm feature_enhancer.img_attn_blocks.0.self_attn.output_proj
[bisect] #129 gemm feature_enhancer.img_attn_blocks.0.ffn.layers.0.0
[bisect] #130 gemm feature_enhancer.img_attn_blocks.0.ffn.layers.1
[bisect] #131 attn feature_enhancer.text_attn_blocks.0.self_attn.attn
[bisect] #132 gemm feature_enhancer.text_attn_blocks.0.ffn.layers.0.0
[bisect] #133 gemm feature_enhancer.text_attn_blocks.0.ffn.layers.1
[bisect] #134 attn feature_enhancer.text_img_attn_blocks.1.attn
[bisect] #135 gemm feature_enhancer.img_attn_blocks.1.self_attn.value_proj
[bisect] #136 gemm feature_enhancer.img_attn_blocks.1.self_attn.sampling_offsets
[bisect] #137 gemm feature_enhancer.img_attn_blocks.1.self_attn.attention_weights
[bisect] #138 gemm feature_enhancer.img_attn_blocks.1.self_attn.output_proj
[bisect] #139 gemm feature_enhancer.img_attn_blocks.1.ffn.layers.0.0
[bisect] #140 gemm feature_enhancer.img_attn_blocks.1.ffn.layers.1
[bisect] #141 attn feature_enhancer.text_attn_blocks.1.self_attn.attn
[bisect] #142 gemm feature_enhancer.text_attn_blocks.1.ffn.layers.0.0
[bisect] #143 gemm feature_enhancer.text_attn_blocks.1.ffn.layers.1
[bisect] #144 attn feature_enhancer.text_img_attn_blocks.2.attn
[bisect] #145 gemm feature_enhancer.img_attn_blocks.2.self_attn.value_proj
[bisect] #146 gemm feature_enhancer.img_attn_blocks.2.self_attn.sampling_offsets
[bisect] #147 gemm feature_enhancer.img_attn_blocks.2.self_attn.attention_weights
[bisect] #148 gemm feature_enhancer.img_attn_blocks.2.self_attn.output_proj
[bisect] #149 gemm feature_enhancer.img_attn_blocks.2.ffn.layers.0.0
[bisect] #150 gemm feature_enhancer.img_attn_blocks.2.ffn.layers.1
[bisect] #151 attn feature_enhancer.text_attn_blocks.2.self_attn.attn
[bisect] #152 gemm feature_enhancer.text_attn_blocks.2.ffn.layers.0.0
[bisect] #153 gemm feature_enhancer.text_attn_blocks.2.ffn.layers.1
[bisect] #154 attn feature_enhancer.text_img_attn_blocks.3.attn
[bisect] #155 gemm feature_enhancer.img_attn_blocks.3.self_attn.value_proj
[bisect] #156 gemm feature_enhancer.img_attn_blocks.3.self_attn.sampling_offsets
[bisect] #157 gemm feature_enhancer.img_attn_blocks.3.self_attn.attention_weights
[bisect] #158 gemm feature_enhancer.img_attn_blocks.3.self_attn.output_proj
[bisect] #159 gemm feature_enhancer.img_attn_blocks.3.ffn.layers.0.0
[bisect] #160 gemm feature_enhancer.img_attn_blocks.3.ffn.layers.1
[bisect] #161 attn feature_enhancer.text_attn_blocks.3.self_attn.attn
[bisect] #162 gemm feature_enhancer.text_attn_blocks.3.ffn.layers.0.0
[bisect] #163 gemm feature_enhancer.text_attn_blocks.3.ffn.layers.1
[bisect] #164 attn feature_enhancer.text_img_attn_blocks.4.attn
[bisect] #165 gemm feature_enhancer.img_attn_blocks.4.self_attn.value_proj
[bisect] #166 gemm feature_enhancer.img_attn_blocks.4.self_attn.sampling_offsets
[bisect] #167 gemm feature_enhancer.img_attn_blocks.4.self_attn.attention_weights
[bisect] #168 gemm feature_enhancer.img_attn_blocks.4.self_attn.output_proj
[bisect] #169 gemm feature_enhancer.img_attn_blocks.4.ffn.layers.0.0
[bisect] #170 gemm feature_enhancer.img_attn_blocks.4.ffn.layers.1
[bisect] #171 attn feature_enhancer.text_attn_blocks.4.self_attn.attn
[bisect] #172 gemm feature_enhancer.text_attn_blocks.4.ffn.layers.0.0
[bisect] #173 gemm feature_enhancer.text_attn_blocks.4.ffn.layers.1
[bisect] #174 attn feature_enhancer.text_img_attn_blocks.5.attn
[bisect] #175 gemm feature_enhancer.img_attn_blocks.5.self_attn.value_proj
[bisect] #176 gemm feature_enhancer.img_attn_blocks.5.self_attn.sampling_offsets
[bisect] #177 gemm feature_enhancer.img_attn_blocks.5.self_attn.attention_weights
[bisect] #178 gemm feature_enhancer.img_attn_blocks.5.self_attn.output_proj
[bisect] #179 gemm feature_enhancer.img_attn_blocks.5.ffn.layers.0.0
[bisect] #180 gemm feature_enhancer.img_attn_blocks.5.ffn.layers.1
[bisect] #181 attn feature_enhancer.text_attn_blocks.5.self_attn.attn
[bisect] #182 gemm feature_enhancer.text_attn_blocks.5.ffn.layers.0.0
[bisect] #183 gemm feature_enhancer.text_attn_blocks.5.ffn.layers.1
[bisect] #184 gemm spatial_enhancer.pts_prob_pre_fc
[fallback] spatial_enhancer.pts_prob_pre_fc#652: spatial_enhancer.pts_prob_pre_fc#652: 无法拼装（缺输入 ('seg_0960', ['t139836492601984'], 'spatial_enhancer.pts_prob_pre_fc#652')）
[bisect] #185 gemm spatial_enhancer.pts_prob_fc.layers.0
[bisect] #186 gemm spatial_enhancer.pts_fc
[bisect] #187 gemm spatial_enhancer.fusion_fc.0.layers.0.0
[bisect] #188 gemm spatial_enhancer.fusion_fc.0.layers.1
[bisect] #189 gemm spatial_enhancer.fusion_fc.1
[bisect] #190 gemm decoder.robot_encoder.input_fc.0
[bisect] #191 gemm decoder.robot_encoder.input_fc.2
[bisect] #192 gemm decoder.robot_encoder.input_fc.5
[bisect] #193 gemm decoder.robot_encoder.input_fc.7
[bisect] #194 gemm decoder.robot_encoder.input_fc.10
[bisect] #195 attn decoder.robot_encoder.layers.1
[bisect] #196 gemm decoder.robot_encoder.layers.1.position_encoder.mlp.0
[bisect] #197 gemm decoder.robot_encoder.layers.1.position_encoder.mlp.2
[bisect] #198 gemm decoder.robot_encoder.layers.5.layers.0.0
[bisect] #199 gemm decoder.robot_encoder.layers.5.layers.1
[bisect] #200 attn decoder.robot_encoder.layers.7
[bisect] #201 gemm decoder.robot_encoder.layers.7.position_encoder.mlp.0
[bisect] #202 gemm decoder.robot_encoder.layers.7.position_encoder.mlp.2
[bisect] #203 gemm decoder.robot_encoder.layers.11.layers.0.0
[bisect] #204 gemm decoder.robot_encoder.layers.11.layers.1
[bisect] #205 attn decoder.robot_encoder.layers.13
[bisect] #206 gemm decoder.robot_encoder.layers.13.position_encoder.mlp.0
[bisect] #207 gemm decoder.robot_encoder.layers.13.position_encoder.mlp.2
[bisect] #208 gemm decoder.robot_encoder.layers.17.layers.0.0
[bisect] #209 gemm decoder.robot_encoder.layers.17.layers.1
[bisect] #210 attn decoder.robot_encoder.layers.19
[bisect] #211 gemm decoder.robot_encoder.layers.19.position_encoder.mlp.0
[bisect] #212 gemm decoder.robot_encoder.layers.19.position_encoder.mlp.2
[bisect] #213 gemm decoder.robot_encoder.layers.23.layers.0.0
[bisect] #214 gemm decoder.robot_encoder.layers.23.layers.1
[bisect] #215 gemm decoder.t_embed.mlp.0
[bisect] #216 gemm decoder.t_embed.mlp.2
[bisect] #217 gemm decoder.input_layers.0
[fallback] decoder.input_layers.0#736: decoder.input_layers.0#736: 无法拼装（缺输入 ('seg_1040', ['t139836834144608'], 'decoder.input_layers.0#736')）
[bisect] #218 gemm decoder.input_layers.1
[bisect] #219 gemm decoder.input_layers.3
[bisect] #220 gemm decoder.input_layers.6
[bisect] #221 gemm decoder.input_layers.8
[bisect] #222 gemm decoder.layers.0.adaLN_modulation.1
[bisect] #223 attn decoder.layers.1
[bisect] #224 gemm decoder.layers.1.joint_pos_encoder.mlp.0
[bisect] #225 gemm decoder.layers.1.joint_pos_encoder.mlp.2
[bisect] #226 attn decoder.layers.4
[bisect] #227 attn decoder.layers.6
[bisect] #228 gemm decoder.layers.9.layers.0.0
[bisect] #229 gemm decoder.layers.9.layers.1
[bisect] #230 gemm decoder.layers.11.adaLN_modulation.1
[bisect] #231 attn decoder.layers.12
[bisect] #232 gemm decoder.layers.12.joint_pos_encoder.mlp.0
[bisect] #233 gemm decoder.layers.12.joint_pos_encoder.mlp.2
[bisect] #234 attn decoder.layers.15
[bisect] #235 attn decoder.layers.17
[bisect] #236 gemm decoder.layers.20.layers.0.0
[bisect] #237 gemm decoder.layers.20.layers.1
[bisect] #238 gemm decoder.layers.22.adaLN_modulation.1
[bisect] #239 attn decoder.layers.23
[bisect] #240 gemm decoder.layers.23.joint_pos_encoder.mlp.0
[bisect] #241 gemm decoder.layers.23.joint_pos_encoder.mlp.2
[bisect] #242 attn decoder.layers.26
[bisect] #243 attn decoder.layers.28
[bisect] #244 gemm decoder.layers.31.layers.0.0
[bisect] #245 gemm decoder.layers.31.layers.1
[bisect] #246 gemm decoder.layers.33.adaLN_modulation.1
[bisect] #247 attn decoder.layers.34
[bisect] #248 gemm decoder.layers.34.joint_pos_encoder.mlp.0
[bisect] #249 gemm decoder.layers.34.joint_pos_encoder.mlp.2
[bisect] #250 attn decoder.layers.37
[bisect] #251 attn decoder.layers.39
[bisect] #252 gemm decoder.layers.42.layers.0.0
[bisect] #253 gemm decoder.layers.42.layers.1
[bisect] #254 gemm decoder.layers.44.adaLN_modulation.1
[bisect] #255 attn decoder.layers.45
[bisect] #256 gemm decoder.layers.45.joint_pos_encoder.mlp.0
[bisect] #257 gemm decoder.layers.45.joint_pos_encoder.mlp.2
[bisect] #258 attn decoder.layers.48
[bisect] #259 attn decoder.layers.50
[bisect] #260 gemm decoder.layers.53.layers.0.0
[bisect] #261 gemm decoder.layers.53.layers.1
[bisect] #262 gemm decoder.layers.55.adaLN_modulation.1
[bisect] #263 attn decoder.layers.56
[bisect] #264 gemm decoder.layers.56.joint_pos_encoder.mlp.0
[bisect] #265 gemm decoder.layers.56.joint_pos_encoder.mlp.2
[bisect] #266 attn decoder.layers.59
[bisect] #267 attn decoder.layers.61
[bisect] #268 gemm decoder.layers.64.layers.0.0
[bisect] #269 gemm decoder.layers.64.layers.1
[bisect] #270 gemm decoder.head.convs.0
[bisect] #271 gemm decoder.head.convs.1
[bisect] #272 gemm decoder.head.output_layers.1
[bisect] #273 gemm decoder.head.output_layers.3
[bisect] #274 gemm decoder.head.output_layers.4
[bisect] #275 gemm decoder.t_embed.mlp.0
[bisect] #276 gemm decoder.t_embed.mlp.2
[bisect] #277 gemm decoder.input_layers.0
[fallback] decoder.input_layers.0#963: decoder.input_layers.0#963: 无法拼装（缺输入 ('seg_1248', ['t139836834142608'], 'decoder.input_layers.0#963')）
[bisect] #278 gemm decoder.input_layers.1
[bisect] #279 gemm decoder.input_layers.3
[bisect] #280 gemm decoder.input_layers.6
[bisect] #281 gemm decoder.input_layers.8
[bisect] #282 gemm decoder.layers.0.adaLN_modulation.1
[bisect] #283 attn decoder.layers.1
[bisect] #284 gemm decoder.layers.1.joint_pos_encoder.mlp.0
[bisect] #285 gemm decoder.layers.1.joint_pos_encoder.mlp.2
[bisect] #286 attn decoder.layers.4
[bisect] #287 attn decoder.layers.6
[bisect] #288 gemm decoder.layers.9.layers.0.0
[bisect] #289 gemm decoder.layers.9.layers.1
[bisect] #290 gemm decoder.layers.11.adaLN_modulation.1
[bisect] #291 attn decoder.layers.12
[bisect] #292 gemm decoder.layers.12.joint_pos_encoder.mlp.0
[bisect] #293 gemm decoder.layers.12.joint_pos_encoder.mlp.2
[bisect] #294 attn decoder.layers.15
[bisect] #295 attn decoder.layers.17
[bisect] #296 gemm decoder.layers.20.layers.0.0
[bisect] #297 gemm decoder.layers.20.layers.1
[bisect] #298 gemm decoder.layers.22.adaLN_modulation.1
[bisect] #299 attn decoder.layers.23
[bisect] #300 gemm decoder.layers.23.joint_pos_encoder.mlp.0
[bisect] #301 gemm decoder.layers.23.joint_pos_encoder.mlp.2
[bisect] #302 attn decoder.layers.26
[bisect] #303 attn decoder.layers.28
[bisect] #304 gemm decoder.layers.31.layers.0.0
[bisect] #305 gemm decoder.layers.31.layers.1
[bisect] #306 gemm decoder.layers.33.adaLN_modulation.1
[bisect] #307 attn decoder.layers.34
[bisect] #308 gemm decoder.layers.34.joint_pos_encoder.mlp.0
[bisect] #309 gemm decoder.layers.34.joint_pos_encoder.mlp.2
[bisect] #310 attn decoder.layers.37
[bisect] #311 attn decoder.layers.39
[bisect] #312 gemm decoder.layers.42.layers.0.0
[bisect] #313 gemm decoder.layers.42.layers.1
[bisect] #314 gemm decoder.layers.44.adaLN_modulation.1
[bisect] #315 attn decoder.layers.45
[bisect] #316 gemm decoder.layers.45.joint_pos_encoder.mlp.0
[bisect] #317 gemm decoder.layers.45.joint_pos_encoder.mlp.2
[bisect] #318 attn decoder.layers.48
[bisect] #319 attn decoder.layers.50
[bisect] #320 gemm decoder.layers.53.layers.0.0
[bisect] #321 gemm decoder.layers.53.layers.1
[bisect] #322 gemm decoder.layers.55.adaLN_modulation.1
[bisect] #323 attn decoder.layers.56
[bisect] #324 gemm decoder.layers.56.joint_pos_encoder.mlp.0
[bisect] #325 gemm decoder.layers.56.joint_pos_encoder.mlp.2
[bisect] #326 attn decoder.layers.59
[bisect] #327 attn decoder.layers.61
[bisect] #328 gemm decoder.layers.64.layers.0.0
[bisect] #329 gemm decoder.layers.64.layers.1
[bisect] #330 gemm decoder.head.convs.0
[bisect] #331 gemm decoder.head.convs.1
[bisect] #332 gemm decoder.head.output_layers.1
[bisect] #333 gemm decoder.head.output_layers.3
[bisect] #334 gemm decoder.head.output_layers.4
[bisect] #335 gemm decoder.t_embed.mlp.0
[bisect] #336 gemm decoder.t_embed.mlp.2
[bisect] #337 gemm decoder.input_layers.0
[bisect] #338 gemm decoder.input_layers.1
[bisect] #339 gemm decoder.input_layers.3
[bisect] #340 gemm decoder.input_layers.6
[bisect] #341 gemm decoder.input_layers.8
[bisect] #342 gemm decoder.layers.0.adaLN_modulation.1
[bisect] #343 attn decoder.layers.1
[bisect] #344 gemm decoder.layers.1.joint_pos_encoder.mlp.0
[bisect] #345 gemm decoder.layers.1.joint_pos_encoder.mlp.2
[bisect] #346 attn decoder.layers.4
[bisect] #347 attn decoder.layers.6
[bisect] #348 gemm decoder.layers.9.layers.0.0
[bisect] #349 gemm decoder.layers.9.layers.1
[bisect] #350 gemm decoder.layers.11.adaLN_modulation.1
[bisect] #351 attn decoder.layers.12
[bisect] #352 gemm decoder.layers.12.joint_pos_encoder.mlp.0
[bisect] #353 gemm decoder.layers.12.joint_pos_encoder.mlp.2
[bisect] #354 attn decoder.layers.15
[bisect] #355 attn decoder.layers.17
[bisect] #356 gemm decoder.layers.20.layers.0.0
[bisect] #357 gemm decoder.layers.20.layers.1
[bisect] #358 gemm decoder.layers.22.adaLN_modulation.1
[bisect] #359 attn decoder.layers.23
[bisect] #360 gemm decoder.layers.23.joint_pos_encoder.mlp.0
[bisect] #361 gemm decoder.layers.23.joint_pos_encoder.mlp.2
[bisect] #362 attn decoder.layers.26
[bisect] #363 attn decoder.layers.28
[bisect] #364 gemm decoder.layers.31.layers.0.0
[bisect] #365 gemm decoder.layers.31.layers.1
[bisect] #366 gemm decoder.layers.33.adaLN_modulation.1
[bisect] #367 attn decoder.layers.34
[bisect] #368 gemm decoder.layers.34.joint_pos_encoder.mlp.0
[bisect] #369 gemm decoder.layers.34.joint_pos_encoder.mlp.2
[bisect] #370 attn decoder.layers.37
[bisect] #371 attn decoder.layers.39
[bisect] #372 gemm decoder.layers.42.layers.0.0
[bisect] #373 gemm decoder.layers.42.layers.1
[bisect] #374 gemm decoder.layers.44.adaLN_modulation.1
[bisect] #375 attn decoder.layers.45
[bisect] #376 gemm decoder.layers.45.joint_pos_encoder.mlp.0
[bisect] #377 gemm decoder.layers.45.joint_pos_encoder.mlp.2
[bisect] #378 attn decoder.layers.48
[bisect] #379 attn decoder.layers.50
[bisect] #380 gemm decoder.layers.53.layers.0.0
[bisect] #381 gemm decoder.layers.53.layers.1
[bisect] #382 gemm decoder.layers.55.adaLN_modulation.1
[bisect] #383 attn decoder.layers.56
[bisect] #384 gemm decoder.layers.56.joint_pos_encoder.mlp.0
[bisect] #385 gemm decoder.layers.56.joint_pos_encoder.mlp.2
[bisect] #386 attn decoder.layers.59
[bisect] #387 attn decoder.layers.61
[bisect] #388 gemm decoder.layers.64.layers.0.0
[bisect] #389 gemm decoder.layers.64.layers.1
[bisect] #390 gemm decoder.head.convs.0
[bisect] #391 gemm decoder.head.convs.1
[bisect] #392 gemm decoder.head.output_layers.1
[bisect] #393 gemm decoder.head.output_layers.3
[bisect] #394 gemm decoder.head.output_layers.4
[bisect] #395 gemm decoder.t_embed.mlp.0
[bisect] #396 gemm decoder.t_embed.mlp.2
[bisect] #397 gemm decoder.input_layers.0
[bisect] #398 gemm decoder.input_layers.1
[bisect] #399 gemm decoder.input_layers.3
[bisect] #400 gemm decoder.input_layers.6
[bisect] #401 gemm decoder.input_layers.8
[bisect] #402 gemm decoder.layers.0.adaLN_modulation.1
[bisect] #403 attn decoder.layers.1
[bisect] #404 gemm decoder.layers.1.joint_pos_encoder.mlp.0
[bisect] #405 gemm decoder.layers.1.joint_pos_encoder.mlp.2
[bisect] #406 attn decoder.layers.4
[bisect] #407 attn decoder.layers.6
[bisect] #408 gemm decoder.layers.9.layers.0.0
[bisect] #409 gemm decoder.layers.9.layers.1
[bisect] #410 gemm decoder.layers.11.adaLN_modulation.1
[bisect] #411 attn decoder.layers.12
[bisect] #412 gemm decoder.layers.12.joint_pos_encoder.mlp.0
[bisect] #413 gemm decoder.layers.12.joint_pos_encoder.mlp.2
[bisect] #414 attn decoder.layers.15
[bisect] #415 attn decoder.layers.17
[bisect] #416 gemm decoder.layers.20.layers.0.0
[bisect] #417 gemm decoder.layers.20.layers.1
[bisect] #418 gemm decoder.layers.22.adaLN_modulation.1
[bisect] #419 attn decoder.layers.23
[bisect] #420 gemm decoder.layers.23.joint_pos_encoder.mlp.0
[bisect] #421 gemm decoder.layers.23.joint_pos_encoder.mlp.2
[bisect] #422 attn decoder.layers.26
[bisect] #423 attn decoder.layers.28
[bisect] #424 gemm decoder.layers.31.layers.0.0
[bisect] #425 gemm decoder.layers.31.layers.1
[bisect] #426 gemm decoder.layers.33.adaLN_modulation.1
[bisect] #427 attn decoder.layers.34
[bisect] #428 gemm decoder.layers.34.joint_pos_encoder.mlp.0
[bisect] #429 gemm decoder.layers.34.joint_pos_encoder.mlp.2
[bisect] #430 attn decoder.layers.37
[bisect] #431 attn decoder.layers.39
[bisect] #432 gemm decoder.layers.42.layers.0.0
[bisect] #433 gemm decoder.layers.42.layers.1
[bisect] #434 gemm decoder.layers.44.adaLN_modulation.1
[bisect] #435 attn decoder.layers.45
[bisect] #436 gemm decoder.layers.45.joint_pos_encoder.mlp.0
[bisect] #437 gemm decoder.layers.45.joint_pos_encoder.mlp.2
[bisect] #438 attn decoder.layers.48
[bisect] #439 attn decoder.layers.50
[bisect] #440 gemm decoder.layers.53.layers.0.0
[bisect] #441 gemm decoder.layers.53.layers.1
[bisect] #442 gemm decoder.layers.55.adaLN_modulation.1
[bisect] #443 attn decoder.layers.56
[bisect] #444 gemm decoder.layers.56.joint_pos_encoder.mlp.0
[bisect] #445 gemm decoder.layers.56.joint_pos_encoder.mlp.2
[bisect] #446 attn decoder.layers.59
[bisect] #447 attn decoder.layers.61
[bisect] #448 gemm decoder.layers.64.layers.0.0
[bisect] #449 gemm decoder.layers.64.layers.1
[bisect] #450 gemm decoder.head.convs.0
[bisect] #451 gemm decoder.head.convs.1
[bisect] #452 gemm decoder.head.output_layers.1
[bisect] #453 gemm decoder.head.output_layers.3
[bisect] #454 gemm decoder.head.output_layers.4
[bisect] #455 gemm decoder.t_embed.mlp.0
[bisect] #456 gemm decoder.t_embed.mlp.2
[bisect] #457 gemm decoder.input_layers.0
[bisect] #458 gemm decoder.input_layers.1
[bisect] #459 gemm decoder.input_layers.3
[bisect] #460 gemm decoder.input_layers.6
[bisect] #461 gemm decoder.input_layers.8
[bisect] #462 gemm decoder.layers.0.adaLN_modulation.1
[bisect] #463 attn decoder.layers.1
[bisect] #464 gemm decoder.layers.1.joint_pos_encoder.mlp.0
[bisect] #465 gemm decoder.layers.1.joint_pos_encoder.mlp.2
[bisect] #466 attn decoder.layers.4
[bisect] #467 attn decoder.layers.6
[bisect] #468 gemm decoder.layers.9.layers.0.0
[bisect] #469 gemm decoder.layers.9.layers.1
[bisect] #470 gemm decoder.layers.11.adaLN_modulation.1
[bisect] #471 attn decoder.layers.12
[bisect] #472 gemm decoder.layers.12.joint_pos_encoder.mlp.0
[bisect] #473 gemm decoder.layers.12.joint_pos_encoder.mlp.2
[bisect] #474 attn decoder.layers.15
[bisect] #475 attn decoder.layers.17
[bisect] #476 gemm decoder.layers.20.layers.0.0
[bisect] #477 gemm decoder.layers.20.layers.1
[bisect] #478 gemm decoder.layers.22.adaLN_modulation.1
[bisect] #479 attn decoder.layers.23
[bisect] #480 gemm decoder.layers.23.joint_pos_encoder.mlp.0
[bisect] #481 gemm decoder.layers.23.joint_pos_encoder.mlp.2
[bisect] #482 attn decoder.layers.26
[bisect] #483 attn decoder.layers.28
[bisect] #484 gemm decoder.layers.31.layers.0.0
[bisect] #485 gemm decoder.layers.31.layers.1
[bisect] #486 gemm decoder.layers.33.adaLN_modulation.1
[bisect] #487 attn decoder.layers.34
[bisect] #488 gemm decoder.layers.34.joint_pos_encoder.mlp.0
[bisect] #489 gemm decoder.layers.34.joint_pos_encoder.mlp.2
[bisect] #490 attn decoder.layers.37
[bisect] #491 attn decoder.layers.39
[bisect] #492 gemm decoder.layers.42.layers.0.0
[bisect] #493 gemm decoder.layers.42.layers.1
[bisect] #494 gemm decoder.layers.44.adaLN_modulation.1
[bisect] #495 attn decoder.layers.45
[bisect] #496 gemm decoder.layers.45.joint_pos_encoder.mlp.0
[bisect] #497 gemm decoder.layers.45.joint_pos_encoder.mlp.2
[bisect] #498 attn decoder.layers.48
[bisect] #499 attn decoder.layers.50
[bisect] #500 gemm decoder.layers.53.layers.0.0
[bisect] #501 gemm decoder.layers.53.layers.1
[bisect] #502 gemm decoder.layers.55.adaLN_modulation.1
[bisect] #503 attn decoder.layers.56
[bisect] #504 gemm decoder.layers.56.joint_pos_encoder.mlp.0
[bisect] #505 gemm decoder.layers.56.joint_pos_encoder.mlp.2
[bisect] #506 attn decoder.layers.59
[bisect] #507 attn decoder.layers.61
[bisect] #508 gemm decoder.layers.64.layers.0.0
[bisect] #509 gemm decoder.layers.64.layers.1
[bisect] #510 gemm decoder.head.convs.0
[bisect] #511 gemm decoder.head.convs.1
[bisect] #512 gemm decoder.head.output_layers.1
[bisect] #513 gemm decoder.head.output_layers.3
[bisect] #514 gemm decoder.head.output_layers.4
[bisect] #515 gemm decoder.t_embed.mlp.0
[bisect] #516 gemm decoder.t_embed.mlp.2
[bisect] #517 gemm decoder.input_layers.0
[bisect] #518 gemm decoder.input_layers.1
[bisect] #519 gemm decoder.input_layers.3
[bisect] #520 gemm decoder.input_layers.6
[bisect] #521 gemm decoder.input_layers.8
[bisect] #522 gemm decoder.layers.0.adaLN_modulation.1
[bisect] #523 attn decoder.layers.1
[bisect] #524 gemm decoder.layers.1.joint_pos_encoder.mlp.0
[bisect] #525 gemm decoder.layers.1.joint_pos_encoder.mlp.2
[bisect] #526 attn decoder.layers.4
[bisect] #527 attn decoder.layers.6
[bisect] #528 gemm decoder.layers.9.layers.0.0
[bisect] #529 gemm decoder.layers.9.layers.1
[bisect] #530 gemm decoder.layers.11.adaLN_modulation.1
[bisect] #531 attn decoder.layers.12
[bisect] #532 gemm decoder.layers.12.joint_pos_encoder.mlp.0
[bisect] #533 gemm decoder.layers.12.joint_pos_encoder.mlp.2
[bisect] #534 attn decoder.layers.15
[bisect] #535 attn decoder.layers.17
[bisect] #536 gemm decoder.layers.20.layers.0.0
[bisect] #537 gemm decoder.layers.20.layers.1
[bisect] #538 gemm decoder.layers.22.adaLN_modulation.1
[bisect] #539 attn decoder.layers.23
[bisect] #540 gemm decoder.layers.23.joint_pos_encoder.mlp.0
[bisect] #541 gemm decoder.layers.23.joint_pos_encoder.mlp.2
[bisect] #542 attn decoder.layers.26
[bisect] #543 attn decoder.layers.28
[bisect] #544 gemm decoder.layers.31.layers.0.0
[bisect] #545 gemm decoder.layers.31.layers.1
[bisect] #546 gemm decoder.layers.33.adaLN_modulation.1
[bisect] #547 attn decoder.layers.34
[bisect] #548 gemm decoder.layers.34.joint_pos_encoder.mlp.0
[bisect] #549 gemm decoder.layers.34.joint_pos_encoder.mlp.2
[bisect] #550 attn decoder.layers.37
[bisect] #551 attn decoder.layers.39
[bisect] #552 gemm decoder.layers.42.layers.0.0
[bisect] #553 gemm decoder.layers.42.layers.1
[bisect] #554 gemm decoder.layers.44.adaLN_modulation.1
[bisect] #555 attn decoder.layers.45
[bisect] #556 gemm decoder.layers.45.joint_pos_encoder.mlp.0
[bisect] #557 gemm decoder.layers.45.joint_pos_encoder.mlp.2
[bisect] #558 attn decoder.layers.48
[bisect] #559 attn decoder.layers.50
[bisect] #560 gemm decoder.layers.53.layers.0.0
[bisect] #561 gemm decoder.layers.53.layers.1
[bisect] #562 gemm decoder.layers.55.adaLN_modulation.1
[bisect] #563 attn decoder.layers.56
[bisect] #564 gemm decoder.layers.56.joint_pos_encoder.mlp.0
[bisect] #565 gemm decoder.layers.56.joint_pos_encoder.mlp.2
[bisect] #566 attn decoder.layers.59
[bisect] #567 attn decoder.layers.61
[bisect] #568 gemm decoder.layers.64.layers.0.0
[bisect] #569 gemm decoder.layers.64.layers.1
[bisect] #570 gemm decoder.head.convs.0
[bisect] #571 gemm decoder.head.convs.1
[bisect] #572 gemm decoder.head.output_layers.1
[bisect] #573 gemm decoder.head.output_layers.3
[bisect] #574 gemm decoder.head.output_layers.4
[bisect] #575 gemm decoder.t_embed.mlp.0
[bisect] #576 gemm decoder.t_embed.mlp.2
[bisect] #577 gemm decoder.input_layers.0
[fallback] decoder.input_layers.0#2098: decoder.input_layers.0#2098: 无法拼装（缺输入 ('seg_2288', ['t139836492322736'], 'decoder.input_layers.0#2098')）
[bisect] #578 gemm decoder.input_layers.1
[bisect] #579 gemm decoder.input_layers.3
[bisect] #580 gemm decoder.input_layers.6
[bisect] #581 gemm decoder.input_layers.8
[bisect] #582 gemm decoder.layers.0.adaLN_modulation.1
[bisect] #583 attn decoder.layers.1
[bisect] #584 gemm decoder.layers.1.joint_pos_encoder.mlp.0
[bisect] #585 gemm decoder.layers.1.joint_pos_encoder.mlp.2
[bisect] #586 attn decoder.layers.4
[bisect] #587 attn decoder.layers.6
[bisect] #588 gemm decoder.layers.9.layers.0.0
[bisect] #589 gemm decoder.layers.9.layers.1
[bisect] #590 gemm decoder.layers.11.adaLN_modulation.1
[bisect] #591 attn decoder.layers.12
[bisect] #592 gemm decoder.layers.12.joint_pos_encoder.mlp.0
[bisect] #593 gemm decoder.layers.12.joint_pos_encoder.mlp.2
[bisect] #594 attn decoder.layers.15
[bisect] #595 attn decoder.layers.17
[bisect] #596 gemm decoder.layers.20.layers.0.0
[bisect] #597 gemm decoder.layers.20.layers.1
[bisect] #598 gemm decoder.layers.22.adaLN_modulation.1
[bisect] #599 attn decoder.layers.23
[bisect] #600 gemm decoder.layers.23.joint_pos_encoder.mlp.0
[bisect] #601 gemm decoder.layers.23.joint_pos_encoder.mlp.2
[bisect] #602 attn decoder.layers.26
[bisect] #603 attn decoder.layers.28
[bisect] #604 gemm decoder.layers.31.layers.0.0
[bisect] #605 gemm decoder.layers.31.layers.1
[bisect] #606 gemm decoder.layers.33.adaLN_modulation.1
[bisect] #607 attn decoder.layers.34
[bisect] #608 gemm decoder.layers.34.joint_pos_encoder.mlp.0
[bisect] #609 gemm decoder.layers.34.joint_pos_encoder.mlp.2
[bisect] #610 attn decoder.layers.37
[bisect] #611 attn decoder.layers.39
[bisect] #612 gemm decoder.layers.42.layers.0.0
[bisect] #613 gemm decoder.layers.42.layers.1
[bisect] #614 gemm decoder.layers.44.adaLN_modulation.1
[bisect] #615 attn decoder.layers.45
[bisect] #616 gemm decoder.layers.45.joint_pos_encoder.mlp.0
[bisect] #617 gemm decoder.layers.45.joint_pos_encoder.mlp.2
[bisect] #618 attn decoder.layers.48
[bisect] #619 attn decoder.layers.50
[bisect] #620 gemm decoder.layers.53.layers.0.0
[bisect] #621 gemm decoder.layers.53.layers.1
[bisect] #622 gemm decoder.layers.55.adaLN_modulation.1
[bisect] #623 attn decoder.layers.56
[bisect] #624 gemm decoder.layers.56.joint_pos_encoder.mlp.0
[bisect] #625 gemm decoder.layers.56.joint_pos_encoder.mlp.2
[bisect] #626 attn decoder.layers.59
[bisect] #627 attn decoder.layers.61
[bisect] #628 gemm decoder.layers.64.layers.0.0
[bisect] #629 gemm decoder.layers.64.layers.1
[bisect] #630 gemm decoder.head.convs.0
[bisect] #631 gemm decoder.head.convs.1
[bisect] #632 gemm decoder.head.output_layers.1
[bisect] #633 gemm decoder.head.output_layers.3
[bisect] #634 gemm decoder.head.output_layers.4
[bisect] #635 gemm decoder.t_embed.mlp.0
[bisect] #636 gemm decoder.t_embed.mlp.2
[bisect] #637 gemm decoder.input_layers.0
[bisect] #638 gemm decoder.input_layers.1
[bisect] #639 gemm decoder.input_layers.3
[bisect] #640 gemm decoder.input_layers.6
[bisect] #641 gemm decoder.input_layers.8
[bisect] #642 gemm decoder.layers.0.adaLN_modulation.1
[bisect] #643 attn decoder.layers.1
[bisect] #644 gemm decoder.layers.1.joint_pos_encoder.mlp.0
[bisect] #645 gemm decoder.layers.1.joint_pos_encoder.mlp.2
[bisect] #646 attn decoder.layers.4
[bisect] #647 attn decoder.layers.6
[bisect] #648 gemm decoder.layers.9.layers.0.0
[bisect] #649 gemm decoder.layers.9.layers.1
[bisect] #650 gemm decoder.layers.11.adaLN_modulation.1
[bisect] #651 attn decoder.layers.12
[bisect] #652 gemm decoder.layers.12.joint_pos_encoder.mlp.0
[bisect] #653 gemm decoder.layers.12.joint_pos_encoder.mlp.2
[bisect] #654 attn decoder.layers.15
[bisect] #655 attn decoder.layers.17
[bisect] #656 gemm decoder.layers.20.layers.0.0
[bisect] #657 gemm decoder.layers.20.layers.1
[bisect] #658 gemm decoder.layers.22.adaLN_modulation.1
[bisect] #659 attn decoder.layers.23
[bisect] #660 gemm decoder.layers.23.joint_pos_encoder.mlp.0
[bisect] #661 gemm decoder.layers.23.joint_pos_encoder.mlp.2
[bisect] #662 attn decoder.layers.26
[bisect] #663 attn decoder.layers.28
[bisect] #664 gemm decoder.layers.31.layers.0.0
[bisect] #665 gemm decoder.layers.31.layers.1
[bisect] #666 gemm decoder.layers.33.adaLN_modulation.1
[bisect] #667 attn decoder.layers.34
[bisect] #668 gemm decoder.layers.34.joint_pos_encoder.mlp.0
[bisect] #669 gemm decoder.layers.34.joint_pos_encoder.mlp.2
[bisect] #670 attn decoder.layers.37
[bisect] #671 attn decoder.layers.39
[bisect] #672 gemm decoder.layers.42.layers.0.0
[bisect] #673 gemm decoder.layers.42.layers.1
[bisect] #674 gemm decoder.layers.44.adaLN_modulation.1
[bisect] #675 attn decoder.layers.45
[bisect] #676 gemm decoder.layers.45.joint_pos_encoder.mlp.0
[bisect] #677 gemm decoder.layers.45.joint_pos_encoder.mlp.2
[bisect] #678 attn decoder.layers.48
[bisect] #679 attn decoder.layers.50
[bisect] #680 gemm decoder.layers.53.layers.0.0
[bisect] #681 gemm decoder.layers.53.layers.1
[bisect] #682 gemm decoder.layers.55.adaLN_modulation.1
[bisect] #683 attn decoder.layers.56
[bisect] #684 gemm decoder.layers.56.joint_pos_encoder.mlp.0
[bisect] #685 gemm decoder.layers.56.joint_pos_encoder.mlp.2
[bisect] #686 attn decoder.layers.59
[bisect] #687 attn decoder.layers.61
[bisect] #688 gemm decoder.layers.64.layers.0.0
[bisect] #689 gemm decoder.layers.64.layers.1
[bisect] #690 gemm decoder.head.convs.0
[bisect] #691 gemm decoder.head.convs.1
[bisect] #692 gemm decoder.head.output_layers.1
[bisect] #693 gemm decoder.head.output_layers.3
[bisect] #694 gemm decoder.head.output_layers.4
[bisect] #695 gemm decoder.t_embed.mlp.0
[bisect] #696 gemm decoder.t_embed.mlp.2
[bisect] #697 gemm decoder.input_layers.0
[bisect] #698 gemm decoder.input_layers.1
[bisect] #699 gemm decoder.input_layers.3
[bisect] #700 gemm decoder.input_layers.6
[bisect] #701 gemm decoder.input_layers.8
[bisect] #702 gemm decoder.layers.0.adaLN_modulation.1
[bisect] #703 attn decoder.layers.1
[bisect] #704 gemm decoder.layers.1.joint_pos_encoder.mlp.0
[bisect] #705 gemm decoder.layers.1.joint_pos_encoder.mlp.2
[bisect] #706 attn decoder.layers.4
[bisect] #707 attn decoder.layers.6
[bisect] #708 gemm decoder.layers.9.layers.0.0
[bisect] #709 gemm decoder.layers.9.layers.1
[bisect] #710 gemm decoder.layers.11.adaLN_modulation.1
[bisect] #711 attn decoder.layers.12
[bisect] #712 gemm decoder.layers.12.joint_pos_encoder.mlp.0
[bisect] #713 gemm decoder.layers.12.joint_pos_encoder.mlp.2
[bisect] #714 attn decoder.layers.15
[bisect] #715 attn decoder.layers.17
[bisect] #716 gemm decoder.layers.20.layers.0.0
[bisect] #717 gemm decoder.layers.20.layers.1
[bisect] #718 gemm decoder.layers.22.adaLN_modulation.1
[bisect] #719 attn decoder.layers.23
[bisect] #720 gemm decoder.layers.23.joint_pos_encoder.mlp.0
[bisect] #721 gemm decoder.layers.23.joint_pos_encoder.mlp.2
[bisect] #722 attn decoder.layers.26
[bisect] #723 attn decoder.layers.28
[bisect] #724 gemm decoder.layers.31.layers.0.0
[bisect] #725 gemm decoder.layers.31.layers.1
[bisect] #726 gemm decoder.layers.33.adaLN_modulation.1
[bisect] #727 attn decoder.layers.34
[bisect] #728 gemm decoder.layers.34.joint_pos_encoder.mlp.0
[bisect] #729 gemm decoder.layers.34.joint_pos_encoder.mlp.2
[bisect] #730 attn decoder.layers.37
[bisect] #731 attn decoder.layers.39
[bisect] #732 gemm decoder.layers.42.layers.0.0
[bisect] #733 gemm decoder.layers.42.layers.1
[bisect] #734 gemm decoder.layers.44.adaLN_modulation.1
[bisect] #735 attn decoder.layers.45
[bisect] #736 gemm decoder.layers.45.joint_pos_encoder.mlp.0
[bisect] #737 gemm decoder.layers.45.joint_pos_encoder.mlp.2
[bisect] #738 attn decoder.layers.48
[bisect] #739 attn decoder.layers.50
[bisect] #740 gemm decoder.layers.53.layers.0.0
[bisect] #741 gemm decoder.layers.53.layers.1
[bisect] #742 gemm decoder.layers.55.adaLN_modulation.1
[bisect] #743 attn decoder.layers.56
[bisect] #744 gemm decoder.layers.56.joint_pos_encoder.mlp.0
[bisect] #745 gemm decoder.layers.56.joint_pos_encoder.mlp.2
[bisect] #746 attn decoder.layers.59
[bisect] #747 attn decoder.layers.61
[bisect] #748 gemm decoder.layers.64.layers.0.0
[bisect] #749 gemm decoder.layers.64.layers.1
[bisect] #750 gemm decoder.head.convs.0
[bisect] #751 gemm decoder.head.convs.1
[bisect] #752 gemm decoder.head.output_layers.1
[bisect] #753 gemm decoder.head.output_layers.3
[bisect] #754 gemm decoder.head.output_layers.4
[bisect] #755 gemm decoder.t_embed.mlp.0
[bisect] #756 gemm decoder.t_embed.mlp.2
[bisect] #757 gemm decoder.input_layers.0
[bisect] #758 gemm decoder.input_layers.1
[bisect] #759 gemm decoder.input_layers.3
[bisect] #760 gemm decoder.input_layers.6
[bisect] #761 gemm decoder.input_layers.8
[bisect] #762 gemm decoder.layers.0.adaLN_modulation.1
[bisect] #763 attn decoder.layers.1
[bisect] #764 gemm decoder.layers.1.joint_pos_encoder.mlp.0
[bisect] #765 gemm decoder.layers.1.joint_pos_encoder.mlp.2
[bisect] #766 attn decoder.layers.4
[bisect] #767 attn decoder.layers.6
[bisect] #768 gemm decoder.layers.9.layers.0.0
[bisect] #769 gemm decoder.layers.9.layers.1
[bisect] #770 gemm decoder.layers.11.adaLN_modulation.1
[bisect] #771 attn decoder.layers.12
[bisect] #772 gemm decoder.layers.12.joint_pos_encoder.mlp.0
[bisect] #773 gemm decoder.layers.12.joint_pos_encoder.mlp.2
[bisect] #774 attn decoder.layers.15
[bisect] #775 attn decoder.layers.17
[bisect] #776 gemm decoder.layers.20.layers.0.0
[bisect] #777 gemm decoder.layers.20.layers.1
[bisect] #778 gemm decoder.layers.22.adaLN_modulation.1
[bisect] #779 attn decoder.layers.23
[bisect] #780 gemm decoder.layers.23.joint_pos_encoder.mlp.0
[bisect] #781 gemm decoder.layers.23.joint_pos_encoder.mlp.2
[bisect] #782 attn decoder.layers.26
[bisect] #783 attn decoder.layers.28
[bisect] #784 gemm decoder.layers.31.layers.0.0
[bisect] #785 gemm decoder.layers.31.layers.1
[bisect] #786 gemm decoder.layers.33.adaLN_modulation.1
[bisect] #787 attn decoder.layers.34
[bisect] #788 gemm decoder.layers.34.joint_pos_encoder.mlp.0
[bisect] #789 gemm decoder.layers.34.joint_pos_encoder.mlp.2
[bisect] #790 attn decoder.layers.37
[bisect] #791 attn decoder.layers.39
[bisect] #792 gemm decoder.layers.42.layers.0.0
[bisect] #793 gemm decoder.layers.42.layers.1
[bisect] #794 gemm decoder.layers.44.adaLN_modulation.1
[bisect] #795 attn decoder.layers.45
[bisect] #796 gemm decoder.layers.45.joint_pos_encoder.mlp.0
[bisect] #797 gemm decoder.layers.45.joint_pos_encoder.mlp.2
[bisect] #798 attn decoder.layers.48
[bisect] #799 attn decoder.layers.50
[bisect] #800 gemm decoder.layers.53.layers.0.0
[bisect] #801 gemm decoder.layers.53.layers.1
[bisect] #802 gemm decoder.layers.55.adaLN_modulation.1
[bisect] #803 attn decoder.layers.56
[bisect] #804 gemm decoder.layers.56.joint_pos_encoder.mlp.0
[bisect] #805 gemm decoder.layers.56.joint_pos_encoder.mlp.2
[bisect] #806 attn decoder.layers.59
[bisect] #807 attn decoder.layers.61
[bisect] #808 gemm decoder.layers.64.layers.0.0
[bisect] #809 gemm decoder.layers.64.layers.1
[bisect] #810 gemm decoder.head.convs.0
[bisect] #811 gemm decoder.head.convs.1
[bisect] #812 gemm decoder.head.output_layers.1
[bisect] #813 gemm decoder.head.output_layers.3
[bisect] #814 gemm decoder.head.output_layers.4
[run] patch=0.0s forward=478.6s segments=3118/3118 gemm_calls=583
[warn] 缺输入 4: [('seg_0960', ['t139836492601984'], 'spatial_enhancer.pts_prob_pre_fc#652'), ('seg_1040', ['t139836834144608'], 'decoder.input_layers.0#736'), ('seg_1248', ['t139836834142608'], 'decoder.input_layers.0#963'), ('seg_2288', ['t139836492322736'], 'decoder.input_layers.0#2098')]
[vs-ref] jpos MAE=0.2383 max=0.9341 arm12=0.2431 gripper(6,13)=0.4476
[done] result_000_bisect815.npz + result_000_bisect815_vs_fp32.json
