Copyright 1986-2021 Xilinx, Inc. All Rights Reserved.
------------------------------------------------------------------------------------------------
| Tool Version     : Vivado v.2021.2 (win64) Build 3367213 Tue Oct 19 02:48:09 MDT 2021
| Date             : Mon Aug 31 00:01:08 2026
| Host             : nc23 running 64-bit major release  (build 9200)
| Command          : report_power -file ./power_impl_vectorless.rpt -name impl_ooc_250M
| Design           : ae_top
| Device           : xczu7ev-ffvc1156-2-e
| Design State     : routed
| Grade            : extended
| Process          : typical
| Characterization : Production
------------------------------------------------------------------------------------------------

Power Report

Table of Contents
-----------------
1. Summary
1.1 On-Chip Components
1.2 Power Supply Summary
1.3 Confidence Level
2. Settings
2.1 Environment
2.2 Clock Constraints
3. Detailed Reports
3.1 By Hierarchy

1. Summary
----------

+--------------------------+--------------+
| Total On-Chip Power (W)  | 4.465        |
| Design Power Budget (W)  | Unspecified* |
| Power Budget Margin (W)  | NA           |
| Dynamic (W)              | 3.845        |
| Device Static (W)        | 0.620        |
| Effective TJA (C/W)      | 1.0          |
| Max Ambient (C)          | 95.6         |
| Junction Temperature (C) | 29.4         |
| Confidence Level         | Medium       |
| Setting File             | ---          |
| Simulation Activity File | ---          |
| Design Nets Matched      | NA           |
+--------------------------+--------------+
* Specify Design Power Budget using, set_operating_conditions -design_power_budget <value in Watts>


1.1 On-Chip Components
----------------------

+-------------------------+-----------+----------+-----------+-----------------+
| On-Chip                 | Power (W) | Used     | Available | Utilization (%) |
+-------------------------+-----------+----------+-----------+-----------------+
| Clocks                  |     0.557 |        3 |       --- |             --- |
| CLB Logic               |     0.806 |   281538 |       --- |             --- |
|   LUT as Logic          |     0.757 |   102006 |    230400 |           44.27 |
|   Register              |     0.024 |   112245 |    460800 |           24.36 |
|   LUT as Shift Register |     0.022 |     1952 |    101760 |            1.92 |
|   CARRY8                |     0.003 |     2296 |     28800 |            7.97 |
|   BUFG                  |    <0.001 |        1 |        64 |            1.56 |
|   Others                |     0.000 |     5667 |       --- |             --- |
|   F7/F8 Muxes           |     0.000 |    15104 |    230400 |            6.56 |
| Signals                 |     0.956 |   251167 |       --- |             --- |
| Block RAM               |     0.599 |    122.5 |       312 |           39.26 |
| URAM                    |     0.118 |       64 |        96 |           66.67 |
| DSPs                    |     0.808 |     1728 |      1728 |          100.00 |
| Static Power            |     0.620 |          |           |                 |
| Total                   |     4.465 |          |           |                 |
+-------------------------+-----------+----------+-----------+-----------------+


1.2 Power Supply Summary
------------------------

+-----------------+-------------+-----------+-------------+------------+-------------+-------------+------------+
| Source          | Voltage (V) | Total (A) | Dynamic (A) | Static (A) | Powerup (A) | Budget (A)  | Margin (A) |
+-----------------+-------------+-----------+-------------+------------+-------------+-------------+------------+
| Vccint          |       0.850 |     4.653 |       4.487 |      0.166 |       NA    | Unspecified | NA         |
| Vccint_io       |       0.850 |     0.071 |       0.000 |      0.071 |       NA    | Unspecified | NA         |
| Vccbram         |       0.850 |     0.039 |       0.036 |      0.003 |       NA    | Unspecified | NA         |
| Vccaux          |       1.800 |     0.147 |       0.000 |      0.147 |       NA    | Unspecified | NA         |
| Vccaux_io       |       1.800 |     0.055 |       0.000 |      0.055 |       NA    | Unspecified | NA         |
| Vcco33          |       3.300 |     0.000 |       0.000 |      0.000 |       NA    | Unspecified | NA         |
| Vcco25          |       2.500 |     0.000 |       0.000 |      0.000 |       NA    | Unspecified | NA         |
| Vcco18          |       1.800 |     0.000 |       0.000 |      0.000 |       NA    | Unspecified | NA         |
| Vcco15          |       1.500 |     0.000 |       0.000 |      0.000 |       NA    | Unspecified | NA         |
| Vcco135         |       1.350 |     0.000 |       0.000 |      0.000 |       NA    | Unspecified | NA         |
| Vcco12          |       1.200 |     0.000 |       0.000 |      0.000 |       NA    | Unspecified | NA         |
| Vcco10          |       1.000 |     0.000 |       0.000 |      0.000 |       NA    | Unspecified | NA         |
| Vccadc          |       1.800 |     0.008 |       0.000 |      0.008 |       NA    | Unspecified | NA         |
| VCC_PSINTFP     |       0.850 |     0.000 |       0.000 |      0.000 |       NA    | Unspecified | NA         |
| VCC_PSINTLP     |       0.850 |     0.005 |       0.000 |      0.005 |       NA    | Unspecified | NA         |
| VPS_MGTRAVCC    |       0.850 |     0.000 |       0.000 |      0.000 |       NA    | Unspecified | NA         |
| VCC_PSINTFP_DDR |       0.850 |     0.000 |       0.000 |      0.000 |       NA    | Unspecified | NA         |
| VCC_PSPLL       |       1.200 |     0.002 |       0.000 |      0.002 |       NA    | Unspecified | NA         |
| VPS_MGTRAVTT    |       1.800 |     0.000 |       0.000 |      0.000 |       NA    | Unspecified | NA         |
| VCCO_PSDDR_504  |       1.200 |     0.000 |       0.000 |      0.000 |       NA    | Unspecified | NA         |
| VCC_PSAUX       |       1.800 |     0.002 |       0.000 |      0.002 |       NA    | Unspecified | NA         |
| VCC_PSBATT      |       1.200 |     0.000 |       0.000 |      0.000 |       NA    | Unspecified | NA         |
| VCC_PSDDR_PLL   |       1.800 |     0.000 |       0.000 |      0.000 |       NA    | Unspecified | NA         |
| VCCO_PSIO0_500  |       3.300 |     0.000 |       0.000 |      0.000 |       NA    | Unspecified | NA         |
| VCCO_PSIO1_501  |       3.300 |     0.000 |       0.000 |      0.000 |       NA    | Unspecified | NA         |
| VCCO_PSIO2_502  |       3.300 |     0.000 |       0.000 |      0.000 |       NA    | Unspecified | NA         |
| VCCO_PSIO3_503  |       3.300 |     0.000 |       0.000 |      0.000 |       NA    | Unspecified | NA         |
| VCC_PSADC       |       1.800 |     0.002 |       0.000 |      0.002 |       NA    | Unspecified | NA         |
| VCCINT_VCU      |       0.900 |     0.028 |       0.000 |      0.028 |       NA    | Unspecified | NA         |
| MGTAVcc         |       0.900 |     0.000 |       0.000 |      0.000 |       NA    | Unspecified | NA         |
| MGTAVtt         |       1.200 |     0.000 |       0.000 |      0.000 |       NA    | Unspecified | NA         |
| MGTVccaux       |       1.800 |     0.000 |       0.000 |      0.000 |       NA    | Unspecified | NA         |
+-----------------+-------------+-----------+-------------+------------+-------------+-------------+------------+


1.3 Confidence Level
--------------------

+-----------------------------+------------+------------------------------------------------+------------------------------------------------------------------------------------------------------------+
| User Input Data             | Confidence | Details                                        | Action                                                                                                     |
+-----------------------------+------------+------------------------------------------------+------------------------------------------------------------------------------------------------------------+
| Design implementation state | High       | Design is routed                               |                                                                                                            |
| Clock nodes activity        | High       | User specified more than 95% of clocks         |                                                                                                            |
| I/O nodes activity          | High       | User specified more than 95% of inputs         |                                                                                                            |
| Internal nodes activity     | Medium     | User specified less than 25% of internal nodes | Provide missing internal nodes activity with simulation results or by editing the "By Resource Type" views |
| Device models               | High       | Device models are Production                   |                                                                                                            |
|                             |            |                                                |                                                                                                            |
| Overall confidence level    | Medium     |                                                |                                                                                                            |
+-----------------------------+------------+------------------------------------------------+------------------------------------------------------------------------------------------------------------+


2. Settings
-----------

2.1 Environment
---------------

+-----------------------+--------------------------+
| Ambient Temp (C)      | 25.0                     |
| ThetaJA (C/W)         | 1.0                      |
| Airflow (LFM)         | 250                      |
| Heat Sink             | medium (Medium Profile)  |
| ThetaSA (C/W)         | 1.5                      |
| Board Selection       | medium (10"x10")         |
| # of Board Layers     | 12to15 (12 to 15 Layers) |
| Board Temperature (C) | 25.0                     |
+-----------------------+--------------------------+


2.2 Clock Constraints
---------------------

+-------+--------+-----------------+
| Clock | Domain | Constraint (ns) |
+-------+--------+-----------------+
| clk   | clk    |             4.0 |
+-------+--------+-----------------+


3. Detailed Reports
-------------------

3.1 By Hierarchy
----------------

+---------------------+-----------+
| Name                | Power (W) |
+---------------------+-----------+
| ae_top              |     3.845 |
|   u_core            |     3.841 |
|     g_w[0].u_bank   |     0.005 |
|     g_w[100].u_bank |     0.005 |
|     g_w[101].u_bank |     0.005 |
|     g_w[102].u_bank |     0.005 |
|     g_w[103].u_bank |     0.005 |
|     g_w[104].u_bank |     0.005 |
|     g_w[105].u_bank |     0.005 |
|     g_w[106].u_bank |     0.005 |
|     g_w[107].u_bank |     0.005 |
|     g_w[10].u_bank  |     0.005 |
|     g_w[11].u_bank  |     0.005 |
|     g_w[12].u_bank  |     0.005 |
|     g_w[13].u_bank  |     0.005 |
|     g_w[14].u_bank  |     0.005 |
|     g_w[15].u_bank  |     0.005 |
|     g_w[16].u_bank  |     0.005 |
|     g_w[17].u_bank  |     0.005 |
|     g_w[18].u_bank  |     0.005 |
|     g_w[19].u_bank  |     0.005 |
|     g_w[1].u_bank   |     0.005 |
|     g_w[20].u_bank  |     0.005 |
|     g_w[21].u_bank  |     0.005 |
|     g_w[22].u_bank  |     0.005 |
|     g_w[23].u_bank  |     0.005 |
|     g_w[24].u_bank  |     0.005 |
|     g_w[25].u_bank  |     0.005 |
|     g_w[26].u_bank  |     0.005 |
|     g_w[27].u_bank  |     0.005 |
|     g_w[28].u_bank  |     0.005 |
|     g_w[29].u_bank  |     0.005 |
|     g_w[2].u_bank   |     0.005 |
|     g_w[30].u_bank  |     0.005 |
|     g_w[31].u_bank  |     0.005 |
|     g_w[32].u_bank  |     0.005 |
|     g_w[33].u_bank  |     0.005 |
|     g_w[34].u_bank  |     0.005 |
|     g_w[35].u_bank  |     0.005 |
|     g_w[36].u_bank  |     0.005 |
|     g_w[37].u_bank  |     0.005 |
|     g_w[38].u_bank  |     0.005 |
|     g_w[39].u_bank  |     0.005 |
|     g_w[3].u_bank   |     0.005 |
|     g_w[40].u_bank  |     0.005 |
|     g_w[41].u_bank  |     0.005 |
|     g_w[42].u_bank  |     0.005 |
|     g_w[43].u_bank  |     0.005 |
|     g_w[44].u_bank  |     0.005 |
|     g_w[45].u_bank  |     0.005 |
|     g_w[46].u_bank  |     0.005 |
|     g_w[47].u_bank  |     0.005 |
|     g_w[48].u_bank  |     0.005 |
|     g_w[49].u_bank  |     0.005 |
|     g_w[4].u_bank   |     0.005 |
|     g_w[50].u_bank  |     0.005 |
|     g_w[51].u_bank  |     0.005 |
|     g_w[52].u_bank  |     0.005 |
|     g_w[53].u_bank  |     0.005 |
|     g_w[54].u_bank  |     0.005 |
|     g_w[55].u_bank  |     0.005 |
|     g_w[56].u_bank  |     0.005 |
|     g_w[57].u_bank  |     0.005 |
|     g_w[58].u_bank  |     0.005 |
|     g_w[59].u_bank  |     0.005 |
|     g_w[5].u_bank   |     0.005 |
|     g_w[60].u_bank  |     0.005 |
|     g_w[61].u_bank  |     0.005 |
|     g_w[62].u_bank  |     0.005 |
|     g_w[63].u_bank  |     0.005 |
|     g_w[64].u_bank  |     0.005 |
|     g_w[65].u_bank  |     0.005 |
|     g_w[66].u_bank  |     0.005 |
|     g_w[67].u_bank  |     0.005 |
|     g_w[68].u_bank  |     0.005 |
|     g_w[69].u_bank  |     0.005 |
|     g_w[6].u_bank   |     0.005 |
|     g_w[70].u_bank  |     0.005 |
|     g_w[71].u_bank  |     0.005 |
|     g_w[72].u_bank  |     0.005 |
|     g_w[73].u_bank  |     0.005 |
|     g_w[74].u_bank  |     0.005 |
|     g_w[75].u_bank  |     0.005 |
|     g_w[76].u_bank  |     0.005 |
|     g_w[77].u_bank  |     0.005 |
|     g_w[78].u_bank  |     0.005 |
|     g_w[79].u_bank  |     0.005 |
|     g_w[7].u_bank   |     0.005 |
|     g_w[80].u_bank  |     0.005 |
|     g_w[81].u_bank  |     0.005 |
|     g_w[82].u_bank  |     0.005 |
|     g_w[83].u_bank  |     0.005 |
|     g_w[84].u_bank  |     0.005 |
|     g_w[85].u_bank  |     0.005 |
|     g_w[86].u_bank  |     0.005 |
|     g_w[87].u_bank  |     0.005 |
|     g_w[88].u_bank  |     0.005 |
|     g_w[89].u_bank  |     0.005 |
|     g_w[8].u_bank   |     0.005 |
|     g_w[90].u_bank  |     0.005 |
|     g_w[91].u_bank  |     0.005 |
|     g_w[92].u_bank  |     0.005 |
|     g_w[93].u_bank  |     0.005 |
|     g_w[94].u_bank  |     0.005 |
|     g_w[95].u_bank  |     0.005 |
|     g_w[96].u_bank  |     0.005 |
|     g_w[97].u_bank  |     0.005 |
|     g_w[98].u_bank  |     0.005 |
|     g_w[99].u_bank  |     0.005 |
|     g_w[9].u_bank   |     0.005 |
|     u_cp            |     0.101 |
|     u_ctx           |     0.123 |
|     u_dma           |     0.023 |
|     u_gemm          |     2.924 |
|       g_rq[0].u_ms  |     0.012 |
|       g_rq[10].u_ms |     0.012 |
|       g_rq[11].u_ms |     0.010 |
|       g_rq[12].u_ms |     0.009 |
|       g_rq[13].u_ms |     0.010 |
|       g_rq[14].u_ms |     0.011 |
|       g_rq[15].u_ms |     0.012 |
|       g_rq[16].u_ms |     0.011 |
|       g_rq[17].u_ms |     0.011 |
|       g_rq[18].u_ms |     0.010 |
|       g_rq[19].u_ms |     0.010 |
|       g_rq[1].u_ms  |     0.009 |
|       g_rq[20].u_ms |     0.011 |
|       g_rq[21].u_ms |     0.011 |
|       g_rq[22].u_ms |     0.011 |
|       g_rq[23].u_ms |     0.011 |
|       g_rq[24].u_ms |     0.010 |
|       g_rq[25].u_ms |     0.012 |
|       g_rq[26].u_ms |     0.013 |
|       g_rq[2].u_ms  |     0.010 |
|       g_rq[3].u_ms  |     0.011 |
|       g_rq[4].u_ms  |     0.012 |
|       g_rq[5].u_ms  |     0.010 |
|       g_rq[6].u_ms  |     0.010 |
|       g_rq[7].u_ms  |     0.011 |
|       g_rq[8].u_ms  |     0.012 |
|       g_rq[9].u_ms  |     0.013 |
|       u_arr         |     2.473 |
|     u_sched         |     0.009 |
|     u_sm            |     0.049 |
+---------------------+-----------+


