Copyright 1986-2021 Xilinx, Inc. All Rights Reserved.
------------------------------------------------------------------------------------------------------
| Tool Version      : Vivado v.2021.2 (win64) Build 3367213 Tue Oct 19 02:48:09 MDT 2021
| Date              : Tue Sep  8 20:43:24 2026
| Host              : nc23 running 64-bit major release  (build 9200)
| Command           : report_timing_summary -file E:/ae_syn/hb_h1/runs/eng48/route/timing_summary.rpt
| Design            : top_eng48
| Device            : xczu7ev-ffvc1156
| Speed File        : -2  PRODUCTION 1.29 08-03-2020
| Temperature Grade : E
------------------------------------------------------------------------------------------------------

Timing Summary Report

------------------------------------------------------------------------------------------------
| Timer Settings
| --------------
------------------------------------------------------------------------------------------------

  Enable Multi Corner Analysis               :  Yes
  Enable Pessimism Removal                   :  Yes
  Pessimism Removal Resolution               :  Nearest Common Node
  Enable Input Delay Default Clock           :  No
  Enable Preset / Clear Arcs                 :  No
  Disable Flight Delays                      :  No
  Ignore I/O Paths                           :  No
  Timing Early Launch at Borrowing Latches   :  No
  Borrow Time for Max Delay Exceptions       :  Yes
  Merge Timing Exceptions                    :  Yes

  Corner  Analyze    Analyze    
  Name    Max Paths  Min Paths  
  ------  ---------  ---------  
  Slow    Yes        Yes        
  Fast    Yes        Yes        


------------------------------------------------------------------------------------------------
| Report Methodology
| ------------------
------------------------------------------------------------------------------------------------

No report available as report_methodology has not been run prior. Run report_methodology on the current design for the summary of methodology violations.



check_timing report

Table of Contents
-----------------
1. checking no_clock (0)
2. checking constant_clock (0)
3. checking pulse_width_clock (0)
4. checking unconstrained_internal_endpoints (0)
5. checking no_input_delay (1041)
6. checking no_output_delay (223)
7. checking multiple_clock (0)
8. checking generated_clocks (0)
9. checking loops (0)
10. checking partial_input_delay (0)
11. checking partial_output_delay (0)
12. checking latch_loops (0)

1. checking no_clock (0)
------------------------
 There are 0 register/latch pins with no clock.


2. checking constant_clock (0)
------------------------------
 There are 0 register/latch pins with constant_clock.


3. checking pulse_width_clock (0)
---------------------------------
 There are 0 register/latch pins which need pulse_width check


4. checking unconstrained_internal_endpoints (0)
------------------------------------------------
 There are 0 pins that are not constrained for maximum delay.

 There are 0 pins that are not constrained for maximum delay due to constant clock.


5. checking no_input_delay (1041)
---------------------------------
 There are 1041 input ports with no input delay specified. (HIGH)

 There are 0 input ports with no input delay but user has a false path constraint.


6. checking no_output_delay (223)
---------------------------------
 There are 223 ports with no output delay specified. (HIGH)

 There are 0 ports with no output delay but user has a false path constraint

 There are 0 ports with no output delay but with a timing clock defined on it or propagating through it


7. checking multiple_clock (0)
------------------------------
 There are 0 register/latch pins with multiple clocks.


8. checking generated_clocks (0)
--------------------------------
 There are 0 generated clocks that are not connected to a clock source.


9. checking loops (0)
---------------------
 There are 0 combinational loops in the design.


10. checking partial_input_delay (0)
------------------------------------
 There are 0 input ports with partial input delay specified.


11. checking partial_output_delay (0)
-------------------------------------
 There are 0 ports with partial output delay specified.


12. checking latch_loops (0)
----------------------------
 There are 0 combinational latch loops in the design through latch input



------------------------------------------------------------------------------------------------
| Design Timing Summary
| ---------------------
------------------------------------------------------------------------------------------------

    WNS(ns)      TNS(ns)  TNS Failing Endpoints  TNS Total Endpoints      WHS(ns)      THS(ns)  THS Failing Endpoints  THS Total Endpoints     WPWS(ns)     TPWS(ns)  TPWS Failing Endpoints  TPWS Total Endpoints  
    -------      -------  ---------------------  -------------------      -------      -------  ---------------------  -------------------     --------     --------  ----------------------  --------------------  
      0.009        0.000                      0               381656        0.023        0.000                      0               381656        1.117        0.000                       0                184917  


All user specified timing constraints are met.


------------------------------------------------------------------------------------------------
| Clock Summary
| -------------
------------------------------------------------------------------------------------------------

Clock  Waveform(ns)         Period(ns)      Frequency(MHz)
-----  ------------         ----------      --------------
clk    {0.000 1.649}        3.298           303.214         


------------------------------------------------------------------------------------------------
| Intra Clock Table
| -----------------
------------------------------------------------------------------------------------------------

Clock             WNS(ns)      TNS(ns)  TNS Failing Endpoints  TNS Total Endpoints      WHS(ns)      THS(ns)  THS Failing Endpoints  THS Total Endpoints     WPWS(ns)     TPWS(ns)  TPWS Failing Endpoints  TPWS Total Endpoints  
-----             -------      -------  ---------------------  -------------------      -------      -------  ---------------------  -------------------     --------     --------  ----------------------  --------------------  
clk                 0.009        0.000                      0               381656        0.023        0.000                      0               381656        1.117        0.000                       0                184917  


------------------------------------------------------------------------------------------------
| Inter Clock Table
| -----------------
------------------------------------------------------------------------------------------------

From Clock    To Clock          WNS(ns)      TNS(ns)  TNS Failing Endpoints  TNS Total Endpoints      WHS(ns)      THS(ns)  THS Failing Endpoints  THS Total Endpoints  
----------    --------          -------      -------  ---------------------  -------------------      -------      -------  ---------------------  -------------------  


------------------------------------------------------------------------------------------------
| Other Path Groups Table
| -----------------------
------------------------------------------------------------------------------------------------

Path Group    From Clock    To Clock          WNS(ns)      TNS(ns)  TNS Failing Endpoints  TNS Total Endpoints      WHS(ns)      THS(ns)  THS Failing Endpoints  THS Total Endpoints  
----------    ----------    --------          -------      -------  ---------------------  -------------------      -------      -------  ---------------------  -------------------  


------------------------------------------------------------------------------------------------
| Timing Details
| --------------
------------------------------------------------------------------------------------------------


---------------------------------------------------------------------------------------------------
From Clock:  clk
  To Clock:  clk

Setup :            0  Failing Endpoints,  Worst Slack        0.009ns,  Total Violation        0.000ns
Hold  :            0  Failing Endpoints,  Worst Slack        0.023ns,  Total Violation        0.000ns
PW    :            0  Failing Endpoints,  Worst Slack        1.117ns,  Total Violation        0.000ns
---------------------------------------------------------------------------------------------------


Max Delay Paths
--------------------------------------------------------------------------------------
Slack (MET) :             0.009ns  (required time - arrival time)
  Source:                 u_eng/wb_row8_reg[3]/C
                            (rising edge-triggered cell FDCE clocked by clk  {rise@0.000ns fall@1.649ns period=3.298ns})
  Destination:            u_eng/wb_data_r_reg[32]/D
                            (rising edge-triggered cell FDRE clocked by clk  {rise@0.000ns fall@1.649ns period=3.298ns})
  Path Group:             clk
  Path Type:              Setup (Max at Slow Process Corner)
  Requirement:            3.298ns  (clk rise@3.298ns - clk rise@0.000ns)
  Data Path Delay:        3.269ns  (logic 0.508ns (15.540%)  route 2.761ns (84.460%))
  Logic Levels:           7  (LUT3=2 LUT5=1 LUT6=1 MUXF7=1 MUXF8=2)
  Clock Path Skew:        -0.010ns (DCD - SCD + CPR)
    Destination Clock Delay (DCD):    0.020ns = ( 3.318 - 3.298 ) 
    Source Clock Delay      (SCD):    0.030ns
    Clock Pessimism Removal (CPR):    0.000ns
  Clock Uncertainty:      0.035ns  ((TSJ^2 + TIJ^2)^1/2 + DJ) / 2 + PE
    Total System Jitter     (TSJ):    0.071ns
    Total Input Jitter      (TIJ):    0.000ns
    Discrete Jitter          (DJ):    0.000ns
    Phase Error              (PE):    0.000ns

    Location             Delay type                Incr(ns)  Path(ns)    Netlist Resource(s)
  -------------------------------------------------------------------    -------------------
                         (clock clk rise edge)        0.000     0.000 r  
                                                      0.000     0.000 r  clk (IN)
                         net (fo=188756, unset)       0.030     0.030    u_eng/clk
    SLICE_X74Y229        FDCE                                         r  u_eng/wb_row8_reg[3]/C
  -------------------------------------------------------------------    -------------------
    SLICE_X74Y229        FDCE (Prop_AFF2_SLICEM_C_Q)
                                                      0.080     0.110 r  u_eng/wb_row8_reg[3]/Q
                         net (fo=774, routed)         1.000     1.110    u_eng/wb_row8[3]
    SLICE_X90Y178        MUXF8 (Prop_F8MUX_BOT_SLICEL_S_O)
                                                      0.069     1.179 r  u_eng/wb_data_r_reg[104]_i_124/O
                         net (fo=9, routed)           0.735     1.914    u_eng/wb_data_r_reg[104]_i_124_n_0
    SLICE_X88Y228        LUT3 (Prop_C6LUT_SLICEM_I1_O)
                                                      0.051     1.965 r  u_eng/wb_data_r[32]_i_97/O
                         net (fo=3, routed)           0.475     2.440    u_eng/wb_data_r[32]_i_97_n_0
    SLICE_X87Y254        LUT6 (Prop_A6LUT_SLICEL_I3_O)
                                                      0.050     2.490 r  u_eng/wb_data_r[32]_i_34/O
                         net (fo=1, routed)           0.009     2.499    u_eng/wb_data_r[32]_i_34_n_0
    SLICE_X87Y254        MUXF7 (Prop_F7MUX_AB_SLICEL_I1_O)
                                                      0.057     2.556 r  u_eng/wb_data_r_reg[32]_i_14/O
                         net (fo=1, routed)           0.000     2.556    u_eng/wb_data_r_reg[32]_i_14_n_0
    SLICE_X87Y254        MUXF8 (Prop_F8MUX_BOT_SLICEL_I1_O)
                                                      0.026     2.582 r  u_eng/wb_data_r_reg[32]_i_6/O
                         net (fo=1, routed)           0.410     2.992    u_eng/wb_data_r_reg[32]_i_6_n_0
    SLICE_X79Y260        LUT5 (Prop_H6LUT_SLICEM_I4_O)
                                                      0.125     3.117 r  u_eng/wb_data_r[32]_i_2/O
                         net (fo=1, routed)           0.084     3.201    u_eng/wb_data_r[32]_i_2_n_0
    SLICE_X80Y260        LUT3 (Prop_G6LUT_SLICEL_I1_O)
                                                      0.050     3.251 r  u_eng/wb_data_r[32]_i_1/O
                         net (fo=1, routed)           0.048     3.299    u_eng/wb_data_r[32]_i_1_n_0
    SLICE_X80Y260        FDRE                                         r  u_eng/wb_data_r_reg[32]/D
  -------------------------------------------------------------------    -------------------

                         (clock clk rise edge)        3.298     3.298 r  
                                                      0.000     3.298 r  clk (IN)
                         net (fo=188756, unset)       0.020     3.318    u_eng/clk
    SLICE_X80Y260        FDRE                                         r  u_eng/wb_data_r_reg[32]/C
                         clock pessimism              0.000     3.318    
                         clock uncertainty           -0.035     3.283    
    SLICE_X80Y260        FDRE (Setup_GFF_SLICEL_C_D)
                                                      0.025     3.308    u_eng/wb_data_r_reg[32]
  -------------------------------------------------------------------
                         required time                          3.308    
                         arrival time                          -3.299    
  -------------------------------------------------------------------
                         slack                                  0.009    





Min Delay Paths
--------------------------------------------------------------------------------------
Slack (MET) :             0.023ns  (arrival time - required time)
  Source:                 u_eng/u_arr/g_row[15].g_col[24].u_pe/acc0_r_reg[11]/C
                            (rising edge-triggered cell FDCE clocked by clk  {rise@0.000ns fall@1.649ns period=3.298ns})
  Destination:            u_eng/u_arr/g_row[15].g_col[24].u_pe/snap0_r_reg[11]/D
                            (rising edge-triggered cell FDCE clocked by clk  {rise@0.000ns fall@1.649ns period=3.298ns})
  Path Group:             clk
  Path Type:              Hold (Min at Fast Process Corner)
  Requirement:            0.000ns  (clk rise@0.000ns - clk rise@0.000ns)
  Data Path Delay:        0.077ns  (logic 0.039ns (50.649%)  route 0.038ns (49.351%))
  Logic Levels:           0  
  Clock Path Skew:        0.007ns (DCD - SCD - CPR)
    Destination Clock Delay (DCD):    0.019ns
    Source Clock Delay      (SCD):    0.012ns
    Clock Pessimism Removal (CPR):    -0.000ns

    Location             Delay type                Incr(ns)  Path(ns)    Netlist Resource(s)
  -------------------------------------------------------------------    -------------------
                         (clock clk rise edge)        0.000     0.000 r  
                                                      0.000     0.000 r  clk (IN)
                         net (fo=188756, unset)       0.012     0.012    u_eng/u_arr/g_row[15].g_col[24].u_pe/clk
    SLICE_X22Y242        FDCE                                         r  u_eng/u_arr/g_row[15].g_col[24].u_pe/acc0_r_reg[11]/C
  -------------------------------------------------------------------    -------------------
    SLICE_X22Y242        FDCE (Prop_CFF_SLICEL_C_Q)
                                                      0.039     0.051 r  u_eng/u_arr/g_row[15].g_col[24].u_pe/acc0_r_reg[11]/Q
                         net (fo=3, routed)           0.038     0.089    u_eng/u_arr/g_row[15].g_col[24].u_pe/acc0_r_reg_n_0_[11]
    SLICE_X22Y241        FDCE                                         r  u_eng/u_arr/g_row[15].g_col[24].u_pe/snap0_r_reg[11]/D
  -------------------------------------------------------------------    -------------------

                         (clock clk rise edge)        0.000     0.000 r  
                                                      0.000     0.000 r  clk (IN)
                         net (fo=188756, unset)       0.019     0.019    u_eng/u_arr/g_row[15].g_col[24].u_pe/clk
    SLICE_X22Y241        FDCE                                         r  u_eng/u_arr/g_row[15].g_col[24].u_pe/snap0_r_reg[11]/C
                         clock pessimism              0.000     0.019    
    SLICE_X22Y241        FDCE (Hold_HFF2_SLICEL_C_D)
                                                      0.047     0.066    u_eng/u_arr/g_row[15].g_col[24].u_pe/snap0_r_reg[11]
  -------------------------------------------------------------------
                         required time                         -0.066    
                         arrival time                           0.089    
  -------------------------------------------------------------------
                         slack                                  0.023    





Pulse Width Checks
--------------------------------------------------------------------------------------
Clock Name:         clk
Waveform(ns):       { 0.000 1.649 }
Period(ns):         3.298
Sources:            { clk }

Check Type        Corner  Lib Pin     Reference Pin  Required(ns)  Actual(ns)  Slack(ns)  Location     Pin
Min Period        n/a     SRL16E/CLK  n/a            1.064         3.298       2.234      SLICE_X96Y1  u_eng/u_arr/adly_reg[10][11][0]_srl10/CLK
Low Pulse Width   Slow    SRL16E/CLK  n/a            0.532         1.649       1.117      SLICE_X96Y1  u_eng/u_arr/adly_reg[10][11][0]_srl10/CLK
High Pulse Width  Slow    SRL16E/CLK  n/a            0.532         1.649       1.117      SLICE_X96Y1  u_eng/u_arr/adly_reg[10][11][0]_srl10/CLK



