Copyright 1986-2021 Xilinx, Inc. All Rights Reserved.
----------------------------------------------------------------------------------------------------
| Tool Version      : Vivado v.2021.2 (win64) Build 3367213 Tue Oct 19 02:48:09 MDT 2021
| Date              : Tue Sep  8 20:43:19 2026
| Host              : nc23 running 64-bit major release  (build 9200)
| Command           : report_timing -max_paths 20 -file E:/ae_syn/hb_h1/runs/eng48/route/timing.rpt
| Design            : top_eng48
| Device            : xczu7ev-ffvc1156
| Speed File        : -2  PRODUCTION 1.29 08-03-2020
| Temperature Grade : E
----------------------------------------------------------------------------------------------------

Timing Report

Slack (MET) :             0.009ns  (required time - arrival time)
  Source:                 u_eng/wb_row8_reg[3]/C
                            (rising edge-triggered cell FDCE clocked by clk  {rise@0.000ns fall@1.649ns period=3.298ns})
  Destination:            u_eng/wb_data_r_reg[32]/D
                            (rising edge-triggered cell FDRE clocked by clk  {rise@0.000ns fall@1.649ns period=3.298ns})
  Path Group:             clk
  Path Type:              Setup (Max at Slow Process Corner)
  Requirement:            3.298ns  (clk rise@3.298ns - clk rise@0.000ns)
  Data Path Delay:        3.269ns  (logic 0.508ns (15.540%)  route 2.761ns (84.460%))
  Logic Levels:           7  (LUT3=2 LUT5=1 LUT6=1 MUXF7=1 MUXF8=2)
  Clock Path Skew:        -0.010ns (DCD - SCD + CPR)
    Destination Clock Delay (DCD):    0.020ns = ( 3.318 - 3.298 ) 
    Source Clock Delay      (SCD):    0.030ns
    Clock Pessimism Removal (CPR):    0.000ns
  Clock Uncertainty:      0.035ns  ((TSJ^2 + TIJ^2)^1/2 + DJ) / 2 + PE
    Total System Jitter     (TSJ):    0.071ns
    Total Input Jitter      (TIJ):    0.000ns
    Discrete Jitter          (DJ):    0.000ns
    Phase Error              (PE):    0.000ns

    Location             Delay type                Incr(ns)  Path(ns)    Netlist Resource(s)
  -------------------------------------------------------------------    -------------------
                         (clock clk rise edge)        0.000     0.000 r  
                                                      0.000     0.000 r  clk (IN)
                         net (fo=188756, unset)       0.030     0.030    u_eng/clk
    SLICE_X74Y229        FDCE                                         r  u_eng/wb_row8_reg[3]/C
  -------------------------------------------------------------------    -------------------
    SLICE_X74Y229        FDCE (Prop_AFF2_SLICEM_C_Q)
                                                      0.080     0.110 r  u_eng/wb_row8_reg[3]/Q
                         net (fo=774, routed)         1.000     1.110    u_eng/wb_row8[3]
    SLICE_X90Y178        MUXF8 (Prop_F8MUX_BOT_SLICEL_S_O)
                                                      0.069     1.179 r  u_eng/wb_data_r_reg[104]_i_124/O
                         net (fo=9, routed)           0.735     1.914    u_eng/wb_data_r_reg[104]_i_124_n_0
    SLICE_X88Y228        LUT3 (Prop_C6LUT_SLICEM_I1_O)
                                                      0.051     1.965 r  u_eng/wb_data_r[32]_i_97/O
                         net (fo=3, routed)           0.475     2.440    u_eng/wb_data_r[32]_i_97_n_0
    SLICE_X87Y254        LUT6 (Prop_A6LUT_SLICEL_I3_O)
                                                      0.050     2.490 r  u_eng/wb_data_r[32]_i_34/O
                         net (fo=1, routed)           0.009     2.499    u_eng/wb_data_r[32]_i_34_n_0
    SLICE_X87Y254        MUXF7 (Prop_F7MUX_AB_SLICEL_I1_O)
                                                      0.057     2.556 r  u_eng/wb_data_r_reg[32]_i_14/O
                         net (fo=1, routed)           0.000     2.556    u_eng/wb_data_r_reg[32]_i_14_n_0
    SLICE_X87Y254        MUXF8 (Prop_F8MUX_BOT_SLICEL_I1_O)
                                                      0.026     2.582 r  u_eng/wb_data_r_reg[32]_i_6/O
                         net (fo=1, routed)           0.410     2.992    u_eng/wb_data_r_reg[32]_i_6_n_0
    SLICE_X79Y260        LUT5 (Prop_H6LUT_SLICEM_I4_O)
                                                      0.125     3.117 r  u_eng/wb_data_r[32]_i_2/O
                         net (fo=1, routed)           0.084     3.201    u_eng/wb_data_r[32]_i_2_n_0
    SLICE_X80Y260        LUT3 (Prop_G6LUT_SLICEL_I1_O)
                                                      0.050     3.251 r  u_eng/wb_data_r[32]_i_1/O
                         net (fo=1, routed)           0.048     3.299    u_eng/wb_data_r[32]_i_1_n_0
    SLICE_X80Y260        FDRE                                         r  u_eng/wb_data_r_reg[32]/D
  -------------------------------------------------------------------    -------------------

                         (clock clk rise edge)        3.298     3.298 r  
                                                      0.000     3.298 r  clk (IN)
                         net (fo=188756, unset)       0.020     3.318    u_eng/clk
    SLICE_X80Y260        FDRE                                         r  u_eng/wb_data_r_reg[32]/C
                         clock pessimism              0.000     3.318    
                         clock uncertainty           -0.035     3.283    
    SLICE_X80Y260        FDRE (Setup_GFF_SLICEL_C_D)
                                                      0.025     3.308    u_eng/wb_data_r_reg[32]
  -------------------------------------------------------------------
                         required time                          3.308    
                         arrival time                          -3.299    
  -------------------------------------------------------------------
                         slack                                  0.009    

Slack (MET) :             0.019ns  (required time - arrival time)
  Source:                 u_eng/u_arr/g_row[5].g_col[23].u_pe/pulse_r_reg/C
                            (rising edge-triggered cell FDCE clocked by clk  {rise@0.000ns fall@1.649ns period=3.298ns})
  Destination:            u_eng/u_arr/g_row[5].g_col[24].u_pe/acc0_r_reg[0]/D
                            (rising edge-triggered cell FDCE clocked by clk  {rise@0.000ns fall@1.649ns period=3.298ns})
  Path Group:             clk
  Path Type:              Setup (Max at Slow Process Corner)
  Requirement:            3.298ns  (clk rise@3.298ns - clk rise@0.000ns)
  Data Path Delay:        3.261ns  (logic 0.203ns (6.225%)  route 3.058ns (93.775%))
  Logic Levels:           1  (LUT3=1)
  Clock Path Skew:        -0.008ns (DCD - SCD + CPR)
    Destination Clock Delay (DCD):    0.021ns = ( 3.319 - 3.298 ) 
    Source Clock Delay      (SCD):    0.029ns
    Clock Pessimism Removal (CPR):    0.000ns
  Clock Uncertainty:      0.035ns  ((TSJ^2 + TIJ^2)^1/2 + DJ) / 2 + PE
    Total System Jitter     (TSJ):    0.071ns
    Total Input Jitter      (TIJ):    0.000ns
    Discrete Jitter          (DJ):    0.000ns
    Phase Error              (PE):    0.000ns

    Location             Delay type                Incr(ns)  Path(ns)    Netlist Resource(s)
  -------------------------------------------------------------------    -------------------
                         (clock clk rise edge)        0.000     0.000 r  
                                                      0.000     0.000 r  clk (IN)
                         net (fo=188756, unset)       0.029     0.029    u_eng/u_arr/g_row[5].g_col[23].u_pe/clk
    SLICE_X59Y126        FDCE                                         r  u_eng/u_arr/g_row[5].g_col[23].u_pe/pulse_r_reg/C
  -------------------------------------------------------------------    -------------------
    SLICE_X59Y126        FDCE (Prop_EFF2_SLICEL_C_Q)
                                                      0.081     0.110 f  u_eng/u_arr/g_row[5].g_col[23].u_pe/pulse_r_reg/Q
                         net (fo=110, routed)         2.986     3.096    u_eng/u_arr/g_row[5].g_col[24].u_pe/pulse_in
    SLICE_X50Y235        LUT3 (Prop_D6LUT_SLICEM_I2_O)
                                                      0.122     3.218 r  u_eng/u_arr/g_row[5].g_col[24].u_pe/acc0_r[0]_i_1/O
                         net (fo=1, routed)           0.072     3.290    u_eng/u_arr/g_row[5].g_col[24].u_pe/acc0_r[0]_i_1_n_0
    SLICE_X50Y235        FDCE                                         r  u_eng/u_arr/g_row[5].g_col[24].u_pe/acc0_r_reg[0]/D
  -------------------------------------------------------------------    -------------------

                         (clock clk rise edge)        3.298     3.298 r  
                                                      0.000     3.298 r  clk (IN)
                         net (fo=188756, unset)       0.021     3.319    u_eng/u_arr/g_row[5].g_col[24].u_pe/clk
    SLICE_X50Y235        FDCE                                         r  u_eng/u_arr/g_row[5].g_col[24].u_pe/acc0_r_reg[0]/C
                         clock pessimism              0.000     3.319    
                         clock uncertainty           -0.035     3.284    
    SLICE_X50Y235        FDCE (Setup_DFF_SLICEM_C_D)
                                                      0.025     3.309    u_eng/u_arr/g_row[5].g_col[24].u_pe/acc0_r_reg[0]
  -------------------------------------------------------------------
                         required time                          3.309    
                         arrival time                          -3.290    
  -------------------------------------------------------------------
                         slack                                  0.019    

Slack (MET) :             0.020ns  (required time - arrival time)
  Source:                 u_eng/drain_row_rep_reg[44]/C
                            (rising edge-triggered cell FDCE clocked by clk  {rise@0.000ns fall@1.649ns period=3.298ns})
  Destination:            u_eng/acc_rq_r_reg[359]/D
                            (rising edge-triggered cell FDCE clocked by clk  {rise@0.000ns fall@1.649ns period=3.298ns})
  Path Group:             clk
  Path Type:              Setup (Max at Slow Process Corner)
  Requirement:            3.298ns  (clk rise@3.298ns - clk rise@0.000ns)
  Data Path Delay:        3.259ns  (logic 0.309ns (9.481%)  route 2.950ns (90.519%))
  Logic Levels:           3  (LUT6=1 MUXF7=1 MUXF8=1)
  Clock Path Skew:        -0.009ns (DCD - SCD + CPR)
    Destination Clock Delay (DCD):    0.020ns = ( 3.318 - 3.298 ) 
    Source Clock Delay      (SCD):    0.029ns
    Clock Pessimism Removal (CPR):    0.000ns
  Clock Uncertainty:      0.035ns  ((TSJ^2 + TIJ^2)^1/2 + DJ) / 2 + PE
    Total System Jitter     (TSJ):    0.071ns
    Total Input Jitter      (TIJ):    0.000ns
    Discrete Jitter          (DJ):    0.000ns
    Phase Error              (PE):    0.000ns

    Location             Delay type                Incr(ns)  Path(ns)    Netlist Resource(s)
  -------------------------------------------------------------------    -------------------
                         (clock clk rise edge)        0.000     0.000 r  
                                                      0.000     0.000 r  clk (IN)
                         net (fo=188756, unset)       0.029     0.029    u_eng/clk
    SLICE_X65Y182        FDCE                                         r  u_eng/drain_row_rep_reg[44]/C
  -------------------------------------------------------------------    -------------------
    SLICE_X65Y182        FDCE (Prop_HFF2_SLICEL_C_Q)
                                                      0.080     0.109 r  u_eng/drain_row_rep_reg[44]/Q
                         net (fo=9472, routed)        2.906     3.015    u_eng/u_arr/drain_row_rep[44]
    SLICE_X69Y43         LUT6 (Prop_C6LUT_SLICEL_I4_O)
                                                      0.146     3.161 r  u_eng/u_arr/acc_row[424]_INST_0_i_4/O
                         net (fo=1, routed)           0.010     3.171    u_eng/u_arr/acc_row[424]_INST_0_i_4_n_0
    SLICE_X69Y43         MUXF7 (Prop_F7MUX_CD_SLICEL_I1_O)
                                                      0.057     3.228 r  u_eng/u_arr/acc_row[424]_INST_0_i_1/O
                         net (fo=1, routed)           0.000     3.228    u_eng/u_arr/acc_row[424]_INST_0_i_1_n_0
    SLICE_X69Y43         MUXF8 (Prop_F8MUX_BOT_SLICEL_I0_O)
                                                      0.026     3.254 r  u_eng/u_arr/acc_row[424]_INST_0/O
                         net (fo=1, routed)           0.034     3.288    u_eng/acc_row[424]
    SLICE_X69Y43         FDCE                                         r  u_eng/acc_rq_r_reg[359]/D
  -------------------------------------------------------------------    -------------------

                         (clock clk rise edge)        3.298     3.298 r  
                                                      0.000     3.298 r  clk (IN)
                         net (fo=188756, unset)       0.020     3.318    u_eng/clk
    SLICE_X69Y43         FDCE                                         r  u_eng/acc_rq_r_reg[359]/C
                         clock pessimism              0.000     3.318    
                         clock uncertainty           -0.035     3.283    
    SLICE_X69Y43         FDCE (Setup_CFF_SLICEL_C_D)
                                                      0.025     3.308    u_eng/acc_rq_r_reg[359]
  -------------------------------------------------------------------
                         required time                          3.308    
                         arrival time                          -3.288    
  -------------------------------------------------------------------
                         slack                                  0.020    

Slack (MET) :             0.022ns  (required time - arrival time)
  Source:                 u_eng/wb_row8_reg[3]/C
                            (rising edge-triggered cell FDCE clocked by clk  {rise@0.000ns fall@1.649ns period=3.298ns})
  Destination:            u_eng/wb_data_r_reg[92]/D
                            (rising edge-triggered cell FDRE clocked by clk  {rise@0.000ns fall@1.649ns period=3.298ns})
  Path Group:             clk
  Path Type:              Setup (Max at Slow Process Corner)
  Requirement:            3.298ns  (clk rise@3.298ns - clk rise@0.000ns)
  Data Path Delay:        3.257ns  (logic 0.637ns (19.558%)  route 2.620ns (80.442%))
  Logic Levels:           6  (LUT3=1 LUT5=1 LUT6=2 MUXF7=1 MUXF8=1)
  Clock Path Skew:        -0.009ns (DCD - SCD + CPR)
    Destination Clock Delay (DCD):    0.021ns = ( 3.319 - 3.298 ) 
    Source Clock Delay      (SCD):    0.030ns
    Clock Pessimism Removal (CPR):    0.000ns
  Clock Uncertainty:      0.035ns  ((TSJ^2 + TIJ^2)^1/2 + DJ) / 2 + PE
    Total System Jitter     (TSJ):    0.071ns
    Total Input Jitter      (TIJ):    0.000ns
    Discrete Jitter          (DJ):    0.000ns
    Phase Error              (PE):    0.000ns

    Location             Delay type                Incr(ns)  Path(ns)    Netlist Resource(s)
  -------------------------------------------------------------------    -------------------
                         (clock clk rise edge)        0.000     0.000 r  
                                                      0.000     0.000 r  clk (IN)
                         net (fo=188756, unset)       0.030     0.030    u_eng/clk
    SLICE_X74Y229        FDCE                                         r  u_eng/wb_row8_reg[3]/C
  -------------------------------------------------------------------    -------------------
    SLICE_X74Y229        FDCE (Prop_AFF2_SLICEM_C_Q)
                                                      0.080     0.110 r  u_eng/wb_row8_reg[3]/Q
                         net (fo=774, routed)         0.871     0.981    u_eng/wb_row8[3]
    SLICE_X65Y218        MUXF8 (Prop_F8MUX_TOP_SLICEL_S_O)
                                                      0.069     1.050 r  u_eng/wb_data_r_reg[108]_i_94/O
                         net (fo=9, routed)           0.768     1.818    u_eng/wb_data_r_reg[108]_i_94_n_0
    SLICE_X77Y219        LUT6 (Prop_F6LUT_SLICEL_I1_O)
                                                      0.123     1.941 r  u_eng/wb_data_r[92]_i_37/O
                         net (fo=2, routed)           0.323     2.264    u_eng/wb_data_r[92]_i_37_n_0
    SLICE_X86Y221        LUT6 (Prop_A6LUT_SLICEM_I4_O)
                                                      0.125     2.389 r  u_eng/wb_data_r[92]_i_12/O
                         net (fo=1, routed)           0.011     2.400    u_eng/wb_data_r[92]_i_12_n_0
    SLICE_X86Y221        MUXF7 (Prop_F7MUX_AB_SLICEM_I1_O)
                                                      0.065     2.465 r  u_eng/wb_data_r_reg[92]_i_5/O
                         net (fo=1, routed)           0.181     2.646    u_eng/wb_data_r_reg[92]_i_5_n_0
    SLICE_X86Y224        LUT5 (Prop_H6LUT_SLICEM_I2_O)
                                                      0.053     2.699 r  u_eng/wb_data_r[92]_i_2/O
                         net (fo=1, routed)           0.394     3.093    u_eng/wb_data_r[92]_i_2_n_0
    SLICE_X86Y252        LUT3 (Prop_D6LUT_SLICEM_I1_O)
                                                      0.122     3.215 r  u_eng/wb_data_r[92]_i_1/O
                         net (fo=1, routed)           0.072     3.287    u_eng/wb_data_r[92]_i_1_n_0
    SLICE_X86Y252        FDRE                                         r  u_eng/wb_data_r_reg[92]/D
  -------------------------------------------------------------------    -------------------

                         (clock clk rise edge)        3.298     3.298 r  
                                                      0.000     3.298 r  clk (IN)
                         net (fo=188756, unset)       0.021     3.319    u_eng/clk
    SLICE_X86Y252        FDRE                                         r  u_eng/wb_data_r_reg[92]/C
                         clock pessimism              0.000     3.319    
                         clock uncertainty           -0.035     3.284    
    SLICE_X86Y252        FDRE (Setup_DFF_SLICEM_C_D)
                                                      0.025     3.309    u_eng/wb_data_r_reg[92]
  -------------------------------------------------------------------
                         required time                          3.309    
                         arrival time                          -3.287    
  -------------------------------------------------------------------
                         slack                                  0.022    

Slack (MET) :             0.022ns  (required time - arrival time)
  Source:                 u_eng/drain_row_rep_reg[46]/C
                            (rising edge-triggered cell FDCE clocked by clk  {rise@0.000ns fall@1.649ns period=3.298ns})
  Destination:            u_eng/acc_rq_r_reg[1686]/D
                            (rising edge-triggered cell FDCE clocked by clk  {rise@0.000ns fall@1.649ns period=3.298ns})
  Path Group:             clk
  Path Type:              Setup (Max at Slow Process Corner)
  Requirement:            3.298ns  (clk rise@3.298ns - clk rise@0.000ns)
  Data Path Delay:        3.258ns  (logic 0.179ns (5.494%)  route 3.079ns (94.506%))
  Logic Levels:           2  (MUXF7=1 MUXF8=1)
  Clock Path Skew:        -0.008ns (DCD - SCD + CPR)
    Destination Clock Delay (DCD):    0.021ns = ( 3.319 - 3.298 ) 
    Source Clock Delay      (SCD):    0.029ns
    Clock Pessimism Removal (CPR):    0.000ns
  Clock Uncertainty:      0.035ns  ((TSJ^2 + TIJ^2)^1/2 + DJ) / 2 + PE
    Total System Jitter     (TSJ):    0.071ns
    Total Input Jitter      (TIJ):    0.000ns
    Discrete Jitter          (DJ):    0.000ns
    Phase Error              (PE):    0.000ns

    Location             Delay type                Incr(ns)  Path(ns)    Netlist Resource(s)
  -------------------------------------------------------------------    -------------------
                         (clock clk rise edge)        0.000     0.000 r  
                                                      0.000     0.000 r  clk (IN)
                         net (fo=188756, unset)       0.029     0.029    u_eng/clk
    SLICE_X69Y203        FDCE                                         r  u_eng/drain_row_rep_reg[46]/C
  -------------------------------------------------------------------    -------------------
    SLICE_X69Y203        FDCE (Prop_EFF_SLICEL_C_Q)
                                                      0.079     0.108 r  u_eng/drain_row_rep_reg[46]/Q
                         net (fo=3088, routed)        3.040     3.148    u_eng/u_arr/drain_row_rep[46]
    SLICE_X94Y342        MUXF7 (Prop_F7MUX_CD_SLICEM_S_O)
                                                      0.070     3.218 r  u_eng/u_arr/acc_row[1996]_INST_0_i_1/O
                         net (fo=1, routed)           0.000     3.218    u_eng/u_arr/acc_row[1996]_INST_0_i_1_n_0
    SLICE_X94Y342        MUXF8 (Prop_F8MUX_BOT_SLICEM_I0_O)
                                                      0.030     3.248 r  u_eng/u_arr/acc_row[1996]_INST_0/O
                         net (fo=1, routed)           0.039     3.287    u_eng/acc_row[1996]
    SLICE_X94Y342        FDCE                                         r  u_eng/acc_rq_r_reg[1686]/D
  -------------------------------------------------------------------    -------------------

                         (clock clk rise edge)        3.298     3.298 r  
                                                      0.000     3.298 r  clk (IN)
                         net (fo=188756, unset)       0.021     3.319    u_eng/clk
    SLICE_X94Y342        FDCE                                         r  u_eng/acc_rq_r_reg[1686]/C
                         clock pessimism              0.000     3.319    
                         clock uncertainty           -0.035     3.284    
    SLICE_X94Y342        FDCE (Setup_CFF_SLICEM_C_D)
                                                      0.025     3.309    u_eng/acc_rq_r_reg[1686]
  -------------------------------------------------------------------
                         required time                          3.309    
                         arrival time                          -3.287    
  -------------------------------------------------------------------
                         slack                                  0.022    

Slack (MET) :             0.023ns  (required time - arrival time)
  Source:                 u_eng/drain_row_rep_reg[46]/C
                            (rising edge-triggered cell FDCE clocked by clk  {rise@0.000ns fall@1.649ns period=3.298ns})
  Destination:            u_eng/acc_rq_r_reg[1815]/D
                            (rising edge-triggered cell FDCE clocked by clk  {rise@0.000ns fall@1.649ns period=3.298ns})
  Path Group:             clk
  Path Type:              Setup (Max at Slow Process Corner)
  Requirement:            3.298ns  (clk rise@3.298ns - clk rise@0.000ns)
  Data Path Delay:        3.256ns  (logic 0.170ns (5.221%)  route 3.086ns (94.779%))
  Logic Levels:           2  (MUXF7=1 MUXF8=1)
  Clock Path Skew:        -0.009ns (DCD - SCD + CPR)
    Destination Clock Delay (DCD):    0.020ns = ( 3.318 - 3.298 ) 
    Source Clock Delay      (SCD):    0.029ns
    Clock Pessimism Removal (CPR):    0.000ns
  Clock Uncertainty:      0.035ns  ((TSJ^2 + TIJ^2)^1/2 + DJ) / 2 + PE
    Total System Jitter     (TSJ):    0.071ns
    Total Input Jitter      (TIJ):    0.000ns
    Discrete Jitter          (DJ):    0.000ns
    Phase Error              (PE):    0.000ns

    Location             Delay type                Incr(ns)  Path(ns)    Netlist Resource(s)
  -------------------------------------------------------------------    -------------------
                         (clock clk rise edge)        0.000     0.000 r  
                                                      0.000     0.000 r  clk (IN)
                         net (fo=188756, unset)       0.029     0.029    u_eng/clk
    SLICE_X69Y203        FDCE                                         r  u_eng/drain_row_rep_reg[46]/C
  -------------------------------------------------------------------    -------------------
    SLICE_X69Y203        FDCE (Prop_EFF_SLICEL_C_Q)
                                                      0.079     0.108 r  u_eng/drain_row_rep_reg[46]/Q
                         net (fo=3088, routed)        3.052     3.160    u_eng/u_arr/drain_row_rep[46]
    SLICE_X101Y308       MUXF7 (Prop_F7MUX_AB_SLICEL_S_O)
                                                      0.065     3.225 r  u_eng/u_arr/acc_row[2150]_INST_0_i_2/O
                         net (fo=1, routed)           0.000     3.225    u_eng/u_arr/acc_row[2150]_INST_0_i_2_n_0
    SLICE_X101Y308       MUXF8 (Prop_F8MUX_BOT_SLICEL_I1_O)
                                                      0.026     3.251 r  u_eng/u_arr/acc_row[2150]_INST_0/O
                         net (fo=1, routed)           0.034     3.285    u_eng/acc_row[2150]
    SLICE_X101Y308       FDCE                                         r  u_eng/acc_rq_r_reg[1815]/D
  -------------------------------------------------------------------    -------------------

                         (clock clk rise edge)        3.298     3.298 r  
                                                      0.000     3.298 r  clk (IN)
                         net (fo=188756, unset)       0.020     3.318    u_eng/clk
    SLICE_X101Y308       FDCE                                         r  u_eng/acc_rq_r_reg[1815]/C
                         clock pessimism              0.000     3.318    
                         clock uncertainty           -0.035     3.283    
    SLICE_X101Y308       FDCE (Setup_CFF_SLICEL_C_D)
                                                      0.025     3.308    u_eng/acc_rq_r_reg[1815]
  -------------------------------------------------------------------
                         required time                          3.308    
                         arrival time                          -3.285    
  -------------------------------------------------------------------
                         slack                                  0.023    

Slack (MET) :             0.023ns  (required time - arrival time)
  Source:                 u_eng/drain_row_rep_reg[46]/C
                            (rising edge-triggered cell FDCE clocked by clk  {rise@0.000ns fall@1.649ns period=3.298ns})
  Destination:            u_eng/acc_rq_r_reg[1822]/D
                            (rising edge-triggered cell FDCE clocked by clk  {rise@0.000ns fall@1.649ns period=3.298ns})
  Path Group:             clk
  Path Type:              Setup (Max at Slow Process Corner)
  Requirement:            3.298ns  (clk rise@3.298ns - clk rise@0.000ns)
  Data Path Delay:        3.256ns  (logic 0.168ns (5.160%)  route 3.088ns (94.840%))
  Logic Levels:           2  (MUXF7=1 MUXF8=1)
  Clock Path Skew:        -0.009ns (DCD - SCD + CPR)
    Destination Clock Delay (DCD):    0.020ns = ( 3.318 - 3.298 ) 
    Source Clock Delay      (SCD):    0.029ns
    Clock Pessimism Removal (CPR):    0.000ns
  Clock Uncertainty:      0.035ns  ((TSJ^2 + TIJ^2)^1/2 + DJ) / 2 + PE
    Total System Jitter     (TSJ):    0.071ns
    Total Input Jitter      (TIJ):    0.000ns
    Discrete Jitter          (DJ):    0.000ns
    Phase Error              (PE):    0.000ns

    Location             Delay type                Incr(ns)  Path(ns)    Netlist Resource(s)
  -------------------------------------------------------------------    -------------------
                         (clock clk rise edge)        0.000     0.000 r  
                                                      0.000     0.000 r  clk (IN)
                         net (fo=188756, unset)       0.029     0.029    u_eng/clk
    SLICE_X69Y203        FDCE                                         r  u_eng/drain_row_rep_reg[46]/C
  -------------------------------------------------------------------    -------------------
    SLICE_X69Y203        FDCE (Prop_EFF_SLICEL_C_Q)
                                                      0.079     0.108 r  u_eng/drain_row_rep_reg[46]/Q
                         net (fo=3088, routed)        3.054     3.162    u_eng/u_arr/drain_row_rep[46]
    SLICE_X103Y313       MUXF7 (Prop_F7MUX_GH_SLICEL_S_O)
                                                      0.063     3.225 r  u_eng/u_arr/acc_row[2157]_INST_0_i_1/O
                         net (fo=1, routed)           0.000     3.225    u_eng/u_arr/acc_row[2157]_INST_0_i_1_n_0
    SLICE_X103Y313       MUXF8 (Prop_F8MUX_TOP_SLICEL_I0_O)
                                                      0.026     3.251 r  u_eng/u_arr/acc_row[2157]_INST_0/O
                         net (fo=1, routed)           0.034     3.285    u_eng/acc_row[2157]
    SLICE_X103Y313       FDCE                                         r  u_eng/acc_rq_r_reg[1822]/D
  -------------------------------------------------------------------    -------------------

                         (clock clk rise edge)        3.298     3.298 r  
                                                      0.000     3.298 r  clk (IN)
                         net (fo=188756, unset)       0.020     3.318    u_eng/clk
    SLICE_X103Y313       FDCE                                         r  u_eng/acc_rq_r_reg[1822]/C
                         clock pessimism              0.000     3.318    
                         clock uncertainty           -0.035     3.283    
    SLICE_X103Y313       FDCE (Setup_GFF_SLICEL_C_D)
                                                      0.025     3.308    u_eng/acc_rq_r_reg[1822]
  -------------------------------------------------------------------
                         required time                          3.308    
                         arrival time                          -3.285    
  -------------------------------------------------------------------
                         slack                                  0.023    

Slack (MET) :             0.024ns  (required time - arrival time)
  Source:                 u_eng/drain_row_rep_reg[46]/C
                            (rising edge-triggered cell FDCE clocked by clk  {rise@0.000ns fall@1.649ns period=3.298ns})
  Destination:            u_eng/acc_rq_r_reg[1832]/D
                            (rising edge-triggered cell FDCE clocked by clk  {rise@0.000ns fall@1.649ns period=3.298ns})
  Path Group:             clk
  Path Type:              Setup (Max at Slow Process Corner)
  Requirement:            3.298ns  (clk rise@3.298ns - clk rise@0.000ns)
  Data Path Delay:        3.255ns  (logic 0.168ns (5.161%)  route 3.087ns (94.839%))
  Logic Levels:           2  (MUXF7=1 MUXF8=1)
  Clock Path Skew:        -0.009ns (DCD - SCD + CPR)
    Destination Clock Delay (DCD):    0.020ns = ( 3.318 - 3.298 ) 
    Source Clock Delay      (SCD):    0.029ns
    Clock Pessimism Removal (CPR):    0.000ns
  Clock Uncertainty:      0.035ns  ((TSJ^2 + TIJ^2)^1/2 + DJ) / 2 + PE
    Total System Jitter     (TSJ):    0.071ns
    Total Input Jitter      (TIJ):    0.000ns
    Discrete Jitter          (DJ):    0.000ns
    Phase Error              (PE):    0.000ns

    Location             Delay type                Incr(ns)  Path(ns)    Netlist Resource(s)
  -------------------------------------------------------------------    -------------------
                         (clock clk rise edge)        0.000     0.000 r  
                                                      0.000     0.000 r  clk (IN)
                         net (fo=188756, unset)       0.029     0.029    u_eng/clk
    SLICE_X69Y203        FDCE                                         r  u_eng/drain_row_rep_reg[46]/C
  -------------------------------------------------------------------    -------------------
    SLICE_X69Y203        FDCE (Prop_EFF_SLICEL_C_Q)
                                                      0.079     0.108 r  u_eng/drain_row_rep_reg[46]/Q
                         net (fo=3088, routed)        3.053     3.161    u_eng/u_arr/drain_row_rep[46]
    SLICE_X103Y312       MUXF7 (Prop_F7MUX_GH_SLICEL_S_O)
                                                      0.063     3.224 r  u_eng/u_arr/acc_row[2167]_INST_0_i_1/O
                         net (fo=1, routed)           0.000     3.224    u_eng/u_arr/acc_row[2167]_INST_0_i_1_n_0
    SLICE_X103Y312       MUXF8 (Prop_F8MUX_TOP_SLICEL_I0_O)
                                                      0.026     3.250 r  u_eng/u_arr/acc_row[2167]_INST_0/O
                         net (fo=1, routed)           0.034     3.284    u_eng/acc_row[2167]
    SLICE_X103Y312       FDCE                                         r  u_eng/acc_rq_r_reg[1832]/D
  -------------------------------------------------------------------    -------------------

                         (clock clk rise edge)        3.298     3.298 r  
                                                      0.000     3.298 r  clk (IN)
                         net (fo=188756, unset)       0.020     3.318    u_eng/clk
    SLICE_X103Y312       FDCE                                         r  u_eng/acc_rq_r_reg[1832]/C
                         clock pessimism              0.000     3.318    
                         clock uncertainty           -0.035     3.283    
    SLICE_X103Y312       FDCE (Setup_GFF_SLICEL_C_D)
                                                      0.025     3.308    u_eng/acc_rq_r_reg[1832]
  -------------------------------------------------------------------
                         required time                          3.308    
                         arrival time                          -3.284    
  -------------------------------------------------------------------
                         slack                                  0.024    

Slack (MET) :             0.025ns  (required time - arrival time)
  Source:                 u_eng/drain_row_rep_reg[46]/C
                            (rising edge-triggered cell FDCE clocked by clk  {rise@0.000ns fall@1.649ns period=3.298ns})
  Destination:            u_eng/acc_rq_r_reg[1812]/D
                            (rising edge-triggered cell FDCE clocked by clk  {rise@0.000ns fall@1.649ns period=3.298ns})
  Path Group:             clk
  Path Type:              Setup (Max at Slow Process Corner)
  Requirement:            3.298ns  (clk rise@3.298ns - clk rise@0.000ns)
  Data Path Delay:        3.254ns  (logic 0.168ns (5.163%)  route 3.086ns (94.837%))
  Logic Levels:           2  (MUXF7=1 MUXF8=1)
  Clock Path Skew:        -0.009ns (DCD - SCD + CPR)
    Destination Clock Delay (DCD):    0.020ns = ( 3.318 - 3.298 ) 
    Source Clock Delay      (SCD):    0.029ns
    Clock Pessimism Removal (CPR):    0.000ns
  Clock Uncertainty:      0.035ns  ((TSJ^2 + TIJ^2)^1/2 + DJ) / 2 + PE
    Total System Jitter     (TSJ):    0.071ns
    Total Input Jitter      (TIJ):    0.000ns
    Discrete Jitter          (DJ):    0.000ns
    Phase Error              (PE):    0.000ns

    Location             Delay type                Incr(ns)  Path(ns)    Netlist Resource(s)
  -------------------------------------------------------------------    -------------------
                         (clock clk rise edge)        0.000     0.000 r  
                                                      0.000     0.000 r  clk (IN)
                         net (fo=188756, unset)       0.029     0.029    u_eng/clk
    SLICE_X69Y203        FDCE                                         r  u_eng/drain_row_rep_reg[46]/C
  -------------------------------------------------------------------    -------------------
    SLICE_X69Y203        FDCE (Prop_EFF_SLICEL_C_Q)
                                                      0.079     0.108 r  u_eng/drain_row_rep_reg[46]/Q
                         net (fo=3088, routed)        3.052     3.160    u_eng/u_arr/drain_row_rep[46]
    SLICE_X103Y311       MUXF7 (Prop_F7MUX_GH_SLICEL_S_O)
                                                      0.063     3.223 r  u_eng/u_arr/acc_row[2147]_INST_0_i_1/O
                         net (fo=1, routed)           0.000     3.223    u_eng/u_arr/acc_row[2147]_INST_0_i_1_n_0
    SLICE_X103Y311       MUXF8 (Prop_F8MUX_TOP_SLICEL_I0_O)
                                                      0.026     3.249 r  u_eng/u_arr/acc_row[2147]_INST_0/O
                         net (fo=1, routed)           0.034     3.283    u_eng/acc_row[2147]
    SLICE_X103Y311       FDCE                                         r  u_eng/acc_rq_r_reg[1812]/D
  -------------------------------------------------------------------    -------------------

                         (clock clk rise edge)        3.298     3.298 r  
                                                      0.000     3.298 r  clk (IN)
                         net (fo=188756, unset)       0.020     3.318    u_eng/clk
    SLICE_X103Y311       FDCE                                         r  u_eng/acc_rq_r_reg[1812]/C
                         clock pessimism              0.000     3.318    
                         clock uncertainty           -0.035     3.283    
    SLICE_X103Y311       FDCE (Setup_GFF_SLICEL_C_D)
                                                      0.025     3.308    u_eng/acc_rq_r_reg[1812]
  -------------------------------------------------------------------
                         required time                          3.308    
                         arrival time                          -3.283    
  -------------------------------------------------------------------
                         slack                                  0.025    

Slack (MET) :             0.025ns  (required time - arrival time)
  Source:                 u_eng/drain_row_rep_reg[46]/C
                            (rising edge-triggered cell FDCE clocked by clk  {rise@0.000ns fall@1.649ns period=3.298ns})
  Destination:            u_eng/acc_rq_r_reg[1834]/D
                            (rising edge-triggered cell FDCE clocked by clk  {rise@0.000ns fall@1.649ns period=3.298ns})
  Path Group:             clk
  Path Type:              Setup (Max at Slow Process Corner)
  Requirement:            3.298ns  (clk rise@3.298ns - clk rise@0.000ns)
  Data Path Delay:        3.254ns  (logic 0.168ns (5.163%)  route 3.086ns (94.837%))
  Logic Levels:           2  (MUXF7=1 MUXF8=1)
  Clock Path Skew:        -0.009ns (DCD - SCD + CPR)
    Destination Clock Delay (DCD):    0.020ns = ( 3.318 - 3.298 ) 
    Source Clock Delay      (SCD):    0.029ns
    Clock Pessimism Removal (CPR):    0.000ns
  Clock Uncertainty:      0.035ns  ((TSJ^2 + TIJ^2)^1/2 + DJ) / 2 + PE
    Total System Jitter     (TSJ):    0.071ns
    Total Input Jitter      (TIJ):    0.000ns
    Discrete Jitter          (DJ):    0.000ns
    Phase Error              (PE):    0.000ns

    Location             Delay type                Incr(ns)  Path(ns)    Netlist Resource(s)
  -------------------------------------------------------------------    -------------------
                         (clock clk rise edge)        0.000     0.000 r  
                                                      0.000     0.000 r  clk (IN)
                         net (fo=188756, unset)       0.029     0.029    u_eng/clk
    SLICE_X69Y203        FDCE                                         r  u_eng/drain_row_rep_reg[46]/C
  -------------------------------------------------------------------    -------------------
    SLICE_X69Y203        FDCE (Prop_EFF_SLICEL_C_Q)
                                                      0.079     0.108 r  u_eng/drain_row_rep_reg[46]/Q
                         net (fo=3088, routed)        3.052     3.160    u_eng/u_arr/drain_row_rep[46]
    SLICE_X103Y314       MUXF7 (Prop_F7MUX_CD_SLICEL_S_O)
                                                      0.063     3.223 r  u_eng/u_arr/acc_row[2169]_INST_0_i_1/O
                         net (fo=1, routed)           0.000     3.223    u_eng/u_arr/acc_row[2169]_INST_0_i_1_n_0
    SLICE_X103Y314       MUXF8 (Prop_F8MUX_BOT_SLICEL_I0_O)
                                                      0.026     3.249 r  u_eng/u_arr/acc_row[2169]_INST_0/O
                         net (fo=1, routed)           0.034     3.283    u_eng/acc_row[2169]
    SLICE_X103Y314       FDCE                                         r  u_eng/acc_rq_r_reg[1834]/D
  -------------------------------------------------------------------    -------------------

                         (clock clk rise edge)        3.298     3.298 r  
                                                      0.000     3.298 r  clk (IN)
                         net (fo=188756, unset)       0.020     3.318    u_eng/clk
    SLICE_X103Y314       FDCE                                         r  u_eng/acc_rq_r_reg[1834]/C
                         clock pessimism              0.000     3.318    
                         clock uncertainty           -0.035     3.283    
    SLICE_X103Y314       FDCE (Setup_CFF_SLICEL_C_D)
                                                      0.025     3.308    u_eng/acc_rq_r_reg[1834]
  -------------------------------------------------------------------
                         required time                          3.308    
                         arrival time                          -3.283    
  -------------------------------------------------------------------
                         slack                                  0.025    

Slack (MET) :             0.025ns  (required time - arrival time)
  Source:                 u_eng/drain_row_rep_reg[47]/C
                            (rising edge-triggered cell FDCE clocked by clk  {rise@0.000ns fall@1.649ns period=3.298ns})
  Destination:            u_eng/acc_rq_r_reg[1276]/D
                            (rising edge-triggered cell FDCE clocked by clk  {rise@0.000ns fall@1.649ns period=3.298ns})
  Path Group:             clk
  Path Type:              Setup (Max at Slow Process Corner)
  Requirement:            3.298ns  (clk rise@3.298ns - clk rise@0.000ns)
  Data Path Delay:        3.255ns  (logic 0.154ns (4.731%)  route 3.101ns (95.269%))
  Logic Levels:           1  (MUXF8=1)
  Clock Path Skew:        -0.008ns (DCD - SCD + CPR)
    Destination Clock Delay (DCD):    0.021ns = ( 3.319 - 3.298 ) 
    Source Clock Delay      (SCD):    0.029ns
    Clock Pessimism Removal (CPR):    0.000ns
  Clock Uncertainty:      0.035ns  ((TSJ^2 + TIJ^2)^1/2 + DJ) / 2 + PE
    Total System Jitter     (TSJ):    0.071ns
    Total Input Jitter      (TIJ):    0.000ns
    Discrete Jitter          (DJ):    0.000ns
    Phase Error              (PE):    0.000ns

    Location             Delay type                Incr(ns)  Path(ns)    Netlist Resource(s)
  -------------------------------------------------------------------    -------------------
                         (clock clk rise edge)        0.000     0.000 r  
                                                      0.000     0.000 r  clk (IN)
                         net (fo=188756, unset)       0.029     0.029    u_eng/clk
    SLICE_X66Y189        FDCE                                         r  u_eng/drain_row_rep_reg[47]/C
  -------------------------------------------------------------------    -------------------
    SLICE_X66Y189        FDCE (Prop_HFF2_SLICEL_C_Q)
                                                      0.080     0.109 r  u_eng/drain_row_rep_reg[47]/Q
                         net (fo=1618, routed)        3.062     3.171    u_eng/u_arr/drain_row_rep[47]
    SLICE_X61Y87         MUXF8 (Prop_F8MUX_BOT_SLICEM_S_O)
                                                      0.074     3.245 r  u_eng/u_arr/acc_row[1511]_INST_0/O
                         net (fo=1, routed)           0.039     3.284    u_eng/acc_row[1511]
    SLICE_X61Y87         FDCE                                         r  u_eng/acc_rq_r_reg[1276]/D
  -------------------------------------------------------------------    -------------------

                         (clock clk rise edge)        3.298     3.298 r  
                                                      0.000     3.298 r  clk (IN)
                         net (fo=188756, unset)       0.021     3.319    u_eng/clk
    SLICE_X61Y87         FDCE                                         r  u_eng/acc_rq_r_reg[1276]/C
                         clock pessimism              0.000     3.319    
                         clock uncertainty           -0.035     3.284    
    SLICE_X61Y87         FDCE (Setup_CFF_SLICEM_C_D)
                                                      0.025     3.309    u_eng/acc_rq_r_reg[1276]
  -------------------------------------------------------------------
                         required time                          3.309    
                         arrival time                          -3.284    
  -------------------------------------------------------------------
                         slack                                  0.025    

Slack (MET) :             0.029ns  (required time - arrival time)
  Source:                 u_eng/drain_row_rep_reg[46]/C
                            (rising edge-triggered cell FDCE clocked by clk  {rise@0.000ns fall@1.649ns period=3.298ns})
  Destination:            u_eng/acc_rq_r_reg[1676]/D
                            (rising edge-triggered cell FDCE clocked by clk  {rise@0.000ns fall@1.649ns period=3.298ns})
  Path Group:             clk
  Path Type:              Setup (Max at Slow Process Corner)
  Requirement:            3.298ns  (clk rise@3.298ns - clk rise@0.000ns)
  Data Path Delay:        3.250ns  (logic 0.170ns (5.231%)  route 3.080ns (94.769%))
  Logic Levels:           2  (MUXF7=1 MUXF8=1)
  Clock Path Skew:        -0.009ns (DCD - SCD + CPR)
    Destination Clock Delay (DCD):    0.020ns = ( 3.318 - 3.298 ) 
    Source Clock Delay      (SCD):    0.029ns
    Clock Pessimism Removal (CPR):    0.000ns
  Clock Uncertainty:      0.035ns  ((TSJ^2 + TIJ^2)^1/2 + DJ) / 2 + PE
    Total System Jitter     (TSJ):    0.071ns
    Total Input Jitter      (TIJ):    0.000ns
    Discrete Jitter          (DJ):    0.000ns
    Phase Error              (PE):    0.000ns

    Location             Delay type                Incr(ns)  Path(ns)    Netlist Resource(s)
  -------------------------------------------------------------------    -------------------
                         (clock clk rise edge)        0.000     0.000 r  
                                                      0.000     0.000 r  clk (IN)
                         net (fo=188756, unset)       0.029     0.029    u_eng/clk
    SLICE_X69Y203        FDCE                                         r  u_eng/drain_row_rep_reg[46]/C
  -------------------------------------------------------------------    -------------------
    SLICE_X69Y203        FDCE (Prop_EFF_SLICEL_C_Q)
                                                      0.079     0.108 r  u_eng/drain_row_rep_reg[46]/Q
                         net (fo=3088, routed)        3.046     3.154    u_eng/u_arr/drain_row_rep[46]
    SLICE_X97Y333        MUXF7 (Prop_F7MUX_AB_SLICEL_S_O)
                                                      0.065     3.219 r  u_eng/u_arr/acc_row[1986]_INST_0_i_2/O
                         net (fo=1, routed)           0.000     3.219    u_eng/u_arr/acc_row[1986]_INST_0_i_2_n_0
    SLICE_X97Y333        MUXF8 (Prop_F8MUX_BOT_SLICEL_I1_O)
                                                      0.026     3.245 r  u_eng/u_arr/acc_row[1986]_INST_0/O
                         net (fo=1, routed)           0.034     3.279    u_eng/acc_row[1986]
    SLICE_X97Y333        FDCE                                         r  u_eng/acc_rq_r_reg[1676]/D
  -------------------------------------------------------------------    -------------------

                         (clock clk rise edge)        3.298     3.298 r  
                                                      0.000     3.298 r  clk (IN)
                         net (fo=188756, unset)       0.020     3.318    u_eng/clk
    SLICE_X97Y333        FDCE                                         r  u_eng/acc_rq_r_reg[1676]/C
                         clock pessimism              0.000     3.318    
                         clock uncertainty           -0.035     3.283    
    SLICE_X97Y333        FDCE (Setup_CFF_SLICEL_C_D)
                                                      0.025     3.308    u_eng/acc_rq_r_reg[1676]
  -------------------------------------------------------------------
                         required time                          3.308    
                         arrival time                          -3.279    
  -------------------------------------------------------------------
                         slack                                  0.029    

Slack (MET) :             0.029ns  (required time - arrival time)
  Source:                 u_eng/drain_row_rep_reg[46]/C
                            (rising edge-triggered cell FDCE clocked by clk  {rise@0.000ns fall@1.649ns period=3.298ns})
  Destination:            u_eng/acc_rq_r_reg[40]/D
                            (rising edge-triggered cell FDCE clocked by clk  {rise@0.000ns fall@1.649ns period=3.298ns})
  Path Group:             clk
  Path Type:              Setup (Max at Slow Process Corner)
  Requirement:            3.298ns  (clk rise@3.298ns - clk rise@0.000ns)
  Data Path Delay:        3.250ns  (logic 0.170ns (5.231%)  route 3.080ns (94.769%))
  Logic Levels:           2  (MUXF7=1 MUXF8=1)
  Clock Path Skew:        -0.009ns (DCD - SCD + CPR)
    Destination Clock Delay (DCD):    0.020ns = ( 3.318 - 3.298 ) 
    Source Clock Delay      (SCD):    0.029ns
    Clock Pessimism Removal (CPR):    0.000ns
  Clock Uncertainty:      0.035ns  ((TSJ^2 + TIJ^2)^1/2 + DJ) / 2 + PE
    Total System Jitter     (TSJ):    0.071ns
    Total Input Jitter      (TIJ):    0.000ns
    Discrete Jitter          (DJ):    0.000ns
    Phase Error              (PE):    0.000ns

    Location             Delay type                Incr(ns)  Path(ns)    Netlist Resource(s)
  -------------------------------------------------------------------    -------------------
                         (clock clk rise edge)        0.000     0.000 r  
                                                      0.000     0.000 r  clk (IN)
                         net (fo=188756, unset)       0.029     0.029    u_eng/clk
    SLICE_X69Y203        FDCE                                         r  u_eng/drain_row_rep_reg[46]/C
  -------------------------------------------------------------------    -------------------
    SLICE_X69Y203        FDCE (Prop_EFF_SLICEL_C_Q)
                                                      0.079     0.108 r  u_eng/drain_row_rep_reg[46]/Q
                         net (fo=3088, routed)        3.046     3.154    u_eng/u_arr/drain_row_rep[46]
    SLICE_X110Y29        MUXF7 (Prop_F7MUX_AB_SLICEL_S_O)
                                                      0.065     3.219 r  u_eng/u_arr/acc_row[45]_INST_0_i_2/O
                         net (fo=1, routed)           0.000     3.219    u_eng/u_arr/acc_row[45]_INST_0_i_2_n_0
    SLICE_X110Y29        MUXF8 (Prop_F8MUX_BOT_SLICEL_I1_O)
                                                      0.026     3.245 r  u_eng/u_arr/acc_row[45]_INST_0/O
                         net (fo=1, routed)           0.034     3.279    u_eng/acc_row[45]
    SLICE_X110Y29        FDCE                                         r  u_eng/acc_rq_r_reg[40]/D
  -------------------------------------------------------------------    -------------------

                         (clock clk rise edge)        3.298     3.298 r  
                                                      0.000     3.298 r  clk (IN)
                         net (fo=188756, unset)       0.020     3.318    u_eng/clk
    SLICE_X110Y29        FDCE                                         r  u_eng/acc_rq_r_reg[40]/C
                         clock pessimism              0.000     3.318    
                         clock uncertainty           -0.035     3.283    
    SLICE_X110Y29        FDCE (Setup_CFF_SLICEL_C_D)
                                                      0.025     3.308    u_eng/acc_rq_r_reg[40]
  -------------------------------------------------------------------
                         required time                          3.308    
                         arrival time                          -3.279    
  -------------------------------------------------------------------
                         slack                                  0.029    

Slack (MET) :             0.031ns  (required time - arrival time)
  Source:                 u_eng/drain_row_rep_reg[46]/C
                            (rising edge-triggered cell FDCE clocked by clk  {rise@0.000ns fall@1.649ns period=3.298ns})
  Destination:            u_eng/acc_rq_r_reg[50]/D
                            (rising edge-triggered cell FDCE clocked by clk  {rise@0.000ns fall@1.649ns period=3.298ns})
  Path Group:             clk
  Path Type:              Setup (Max at Slow Process Corner)
  Requirement:            3.298ns  (clk rise@3.298ns - clk rise@0.000ns)
  Data Path Delay:        3.248ns  (logic 0.170ns (5.234%)  route 3.078ns (94.766%))
  Logic Levels:           2  (MUXF7=1 MUXF8=1)
  Clock Path Skew:        -0.009ns (DCD - SCD + CPR)
    Destination Clock Delay (DCD):    0.020ns = ( 3.318 - 3.298 ) 
    Source Clock Delay      (SCD):    0.029ns
    Clock Pessimism Removal (CPR):    0.000ns
  Clock Uncertainty:      0.035ns  ((TSJ^2 + TIJ^2)^1/2 + DJ) / 2 + PE
    Total System Jitter     (TSJ):    0.071ns
    Total Input Jitter      (TIJ):    0.000ns
    Discrete Jitter          (DJ):    0.000ns
    Phase Error              (PE):    0.000ns

    Location             Delay type                Incr(ns)  Path(ns)    Netlist Resource(s)
  -------------------------------------------------------------------    -------------------
                         (clock clk rise edge)        0.000     0.000 r  
                                                      0.000     0.000 r  clk (IN)
                         net (fo=188756, unset)       0.029     0.029    u_eng/clk
    SLICE_X69Y203        FDCE                                         r  u_eng/drain_row_rep_reg[46]/C
  -------------------------------------------------------------------    -------------------
    SLICE_X69Y203        FDCE (Prop_EFF_SLICEL_C_Q)
                                                      0.079     0.108 r  u_eng/drain_row_rep_reg[46]/Q
                         net (fo=3088, routed)        3.044     3.152    u_eng/u_arr/drain_row_rep[46]
    SLICE_X107Y27        MUXF7 (Prop_F7MUX_EF_SLICEL_S_O)
                                                      0.065     3.217 r  u_eng/u_arr/acc_row[55]_INST_0_i_2/O
                         net (fo=1, routed)           0.000     3.217    u_eng/u_arr/acc_row[55]_INST_0_i_2_n_0
    SLICE_X107Y27        MUXF8 (Prop_F8MUX_TOP_SLICEL_I1_O)
                                                      0.026     3.243 r  u_eng/u_arr/acc_row[55]_INST_0/O
                         net (fo=1, routed)           0.034     3.277    u_eng/acc_row[55]
    SLICE_X107Y27        FDCE                                         r  u_eng/acc_rq_r_reg[50]/D
  -------------------------------------------------------------------    -------------------

                         (clock clk rise edge)        3.298     3.298 r  
                                                      0.000     3.298 r  clk (IN)
                         net (fo=188756, unset)       0.020     3.318    u_eng/clk
    SLICE_X107Y27        FDCE                                         r  u_eng/acc_rq_r_reg[50]/C
                         clock pessimism              0.000     3.318    
                         clock uncertainty           -0.035     3.283    
    SLICE_X107Y27        FDCE (Setup_GFF_SLICEL_C_D)
                                                      0.025     3.308    u_eng/acc_rq_r_reg[50]
  -------------------------------------------------------------------
                         required time                          3.308    
                         arrival time                          -3.277    
  -------------------------------------------------------------------
                         slack                                  0.031    

Slack (MET) :             0.031ns  (required time - arrival time)
  Source:                 u_eng/drain_row_rep_reg[46]/C
                            (rising edge-triggered cell FDCE clocked by clk  {rise@0.000ns fall@1.649ns period=3.298ns})
  Destination:            u_eng/acc_rq_r_reg[360]/D
                            (rising edge-triggered cell FDCE clocked by clk  {rise@0.000ns fall@1.649ns period=3.298ns})
  Path Group:             clk
  Path Type:              Setup (Max at Slow Process Corner)
  Requirement:            3.298ns  (clk rise@3.298ns - clk rise@0.000ns)
  Data Path Delay:        3.249ns  (logic 0.176ns (5.417%)  route 3.073ns (94.583%))
  Logic Levels:           2  (MUXF7=1 MUXF8=1)
  Clock Path Skew:        -0.008ns (DCD - SCD + CPR)
    Destination Clock Delay (DCD):    0.021ns = ( 3.319 - 3.298 ) 
    Source Clock Delay      (SCD):    0.029ns
    Clock Pessimism Removal (CPR):    0.000ns
  Clock Uncertainty:      0.035ns  ((TSJ^2 + TIJ^2)^1/2 + DJ) / 2 + PE
    Total System Jitter     (TSJ):    0.071ns
    Total Input Jitter      (TIJ):    0.000ns
    Discrete Jitter          (DJ):    0.000ns
    Phase Error              (PE):    0.000ns

    Location             Delay type                Incr(ns)  Path(ns)    Netlist Resource(s)
  -------------------------------------------------------------------    -------------------
                         (clock clk rise edge)        0.000     0.000 r  
                                                      0.000     0.000 r  clk (IN)
                         net (fo=188756, unset)       0.029     0.029    u_eng/clk
    SLICE_X69Y203        FDCE                                         r  u_eng/drain_row_rep_reg[46]/C
  -------------------------------------------------------------------    -------------------
    SLICE_X69Y203        FDCE (Prop_EFF_SLICEL_C_Q)
                                                      0.079     0.108 r  u_eng/drain_row_rep_reg[46]/Q
                         net (fo=3088, routed)        3.034     3.142    u_eng/u_arr/drain_row_rep[46]
    SLICE_X67Y41         MUXF7 (Prop_F7MUX_AB_SLICEM_S_O)
                                                      0.069     3.211 r  u_eng/u_arr/acc_row[425]_INST_0_i_2/O
                         net (fo=1, routed)           0.000     3.211    u_eng/u_arr/acc_row[425]_INST_0_i_2_n_0
    SLICE_X67Y41         MUXF8 (Prop_F8MUX_BOT_SLICEM_I1_O)
                                                      0.028     3.239 r  u_eng/u_arr/acc_row[425]_INST_0/O
                         net (fo=1, routed)           0.039     3.278    u_eng/acc_row[425]
    SLICE_X67Y41         FDCE                                         r  u_eng/acc_rq_r_reg[360]/D
  -------------------------------------------------------------------    -------------------

                         (clock clk rise edge)        3.298     3.298 r  
                                                      0.000     3.298 r  clk (IN)
                         net (fo=188756, unset)       0.021     3.319    u_eng/clk
    SLICE_X67Y41         FDCE                                         r  u_eng/acc_rq_r_reg[360]/C
                         clock pessimism              0.000     3.319    
                         clock uncertainty           -0.035     3.284    
    SLICE_X67Y41         FDCE (Setup_CFF_SLICEM_C_D)
                                                      0.025     3.309    u_eng/acc_rq_r_reg[360]
  -------------------------------------------------------------------
                         required time                          3.309    
                         arrival time                          -3.278    
  -------------------------------------------------------------------
                         slack                                  0.031    

Slack (MET) :             0.032ns  (required time - arrival time)
  Source:                 u_eng/drain_row_rep_reg[46]/C
                            (rising edge-triggered cell FDCE clocked by clk  {rise@0.000ns fall@1.649ns period=3.298ns})
  Destination:            u_eng/acc_rq_r_reg[1710]/D
                            (rising edge-triggered cell FDCE clocked by clk  {rise@0.000ns fall@1.649ns period=3.298ns})
  Path Group:             clk
  Path Type:              Setup (Max at Slow Process Corner)
  Requirement:            3.298ns  (clk rise@3.298ns - clk rise@0.000ns)
  Data Path Delay:        3.247ns  (logic 0.170ns (5.236%)  route 3.077ns (94.764%))
  Logic Levels:           2  (MUXF7=1 MUXF8=1)
  Clock Path Skew:        -0.009ns (DCD - SCD + CPR)
    Destination Clock Delay (DCD):    0.020ns = ( 3.318 - 3.298 ) 
    Source Clock Delay      (SCD):    0.029ns
    Clock Pessimism Removal (CPR):    0.000ns
  Clock Uncertainty:      0.035ns  ((TSJ^2 + TIJ^2)^1/2 + DJ) / 2 + PE
    Total System Jitter     (TSJ):    0.071ns
    Total Input Jitter      (TIJ):    0.000ns
    Discrete Jitter          (DJ):    0.000ns
    Phase Error              (PE):    0.000ns

    Location             Delay type                Incr(ns)  Path(ns)    Netlist Resource(s)
  -------------------------------------------------------------------    -------------------
                         (clock clk rise edge)        0.000     0.000 r  
                                                      0.000     0.000 r  clk (IN)
                         net (fo=188756, unset)       0.029     0.029    u_eng/clk
    SLICE_X69Y203        FDCE                                         r  u_eng/drain_row_rep_reg[46]/C
  -------------------------------------------------------------------    -------------------
    SLICE_X69Y203        FDCE (Prop_EFF_SLICEL_C_Q)
                                                      0.079     0.108 r  u_eng/drain_row_rep_reg[46]/Q
                         net (fo=3088, routed)        3.043     3.151    u_eng/u_arr/drain_row_rep[46]
    SLICE_X97Y336        MUXF7 (Prop_F7MUX_EF_SLICEL_S_O)
                                                      0.065     3.216 r  u_eng/u_arr/acc_row[2025]_INST_0_i_2/O
                         net (fo=1, routed)           0.000     3.216    u_eng/u_arr/acc_row[2025]_INST_0_i_2_n_0
    SLICE_X97Y336        MUXF8 (Prop_F8MUX_TOP_SLICEL_I1_O)
                                                      0.026     3.242 r  u_eng/u_arr/acc_row[2025]_INST_0/O
                         net (fo=1, routed)           0.034     3.276    u_eng/acc_row[2025]
    SLICE_X97Y336        FDCE                                         r  u_eng/acc_rq_r_reg[1710]/D
  -------------------------------------------------------------------    -------------------

                         (clock clk rise edge)        3.298     3.298 r  
                                                      0.000     3.298 r  clk (IN)
                         net (fo=188756, unset)       0.020     3.318    u_eng/clk
    SLICE_X97Y336        FDCE                                         r  u_eng/acc_rq_r_reg[1710]/C
                         clock pessimism              0.000     3.318    
                         clock uncertainty           -0.035     3.283    
    SLICE_X97Y336        FDCE (Setup_GFF_SLICEL_C_D)
                                                      0.025     3.308    u_eng/acc_rq_r_reg[1710]
  -------------------------------------------------------------------
                         required time                          3.308    
                         arrival time                          -3.276    
  -------------------------------------------------------------------
                         slack                                  0.032    

Slack (MET) :             0.032ns  (required time - arrival time)
  Source:                 u_eng/drain_row_rep_reg[46]/C
                            (rising edge-triggered cell FDCE clocked by clk  {rise@0.000ns fall@1.649ns period=3.298ns})
  Destination:            u_eng/acc_rq_r_reg[1831]/D
                            (rising edge-triggered cell FDCE clocked by clk  {rise@0.000ns fall@1.649ns period=3.298ns})
  Path Group:             clk
  Path Type:              Setup (Max at Slow Process Corner)
  Requirement:            3.298ns  (clk rise@3.298ns - clk rise@0.000ns)
  Data Path Delay:        3.247ns  (logic 0.168ns (5.174%)  route 3.079ns (94.826%))
  Logic Levels:           2  (MUXF7=1 MUXF8=1)
  Clock Path Skew:        -0.009ns (DCD - SCD + CPR)
    Destination Clock Delay (DCD):    0.020ns = ( 3.318 - 3.298 ) 
    Source Clock Delay      (SCD):    0.029ns
    Clock Pessimism Removal (CPR):    0.000ns
  Clock Uncertainty:      0.035ns  ((TSJ^2 + TIJ^2)^1/2 + DJ) / 2 + PE
    Total System Jitter     (TSJ):    0.071ns
    Total Input Jitter      (TIJ):    0.000ns
    Discrete Jitter          (DJ):    0.000ns
    Phase Error              (PE):    0.000ns

    Location             Delay type                Incr(ns)  Path(ns)    Netlist Resource(s)
  -------------------------------------------------------------------    -------------------
                         (clock clk rise edge)        0.000     0.000 r  
                                                      0.000     0.000 r  clk (IN)
                         net (fo=188756, unset)       0.029     0.029    u_eng/clk
    SLICE_X69Y203        FDCE                                         r  u_eng/drain_row_rep_reg[46]/C
  -------------------------------------------------------------------    -------------------
    SLICE_X69Y203        FDCE (Prop_EFF_SLICEL_C_Q)
                                                      0.079     0.108 r  u_eng/drain_row_rep_reg[46]/Q
                         net (fo=3088, routed)        3.045     3.153    u_eng/u_arr/drain_row_rep[46]
    SLICE_X101Y305       MUXF7 (Prop_F7MUX_GH_SLICEL_S_O)
                                                      0.063     3.216 r  u_eng/u_arr/acc_row[2166]_INST_0_i_1/O
                         net (fo=1, routed)           0.000     3.216    u_eng/u_arr/acc_row[2166]_INST_0_i_1_n_0
    SLICE_X101Y305       MUXF8 (Prop_F8MUX_TOP_SLICEL_I0_O)
                                                      0.026     3.242 r  u_eng/u_arr/acc_row[2166]_INST_0/O
                         net (fo=1, routed)           0.034     3.276    u_eng/acc_row[2166]
    SLICE_X101Y305       FDCE                                         r  u_eng/acc_rq_r_reg[1831]/D
  -------------------------------------------------------------------    -------------------

                         (clock clk rise edge)        3.298     3.298 r  
                                                      0.000     3.298 r  clk (IN)
                         net (fo=188756, unset)       0.020     3.318    u_eng/clk
    SLICE_X101Y305       FDCE                                         r  u_eng/acc_rq_r_reg[1831]/C
                         clock pessimism              0.000     3.318    
                         clock uncertainty           -0.035     3.283    
    SLICE_X101Y305       FDCE (Setup_GFF_SLICEL_C_D)
                                                      0.025     3.308    u_eng/acc_rq_r_reg[1831]
  -------------------------------------------------------------------
                         required time                          3.308    
                         arrival time                          -3.276    
  -------------------------------------------------------------------
                         slack                                  0.032    

Slack (MET) :             0.033ns  (required time - arrival time)
  Source:                 u_eng/wb_row8_reg[3]/C
                            (rising edge-triggered cell FDCE clocked by clk  {rise@0.000ns fall@1.649ns period=3.298ns})
  Destination:            u_eng/wb_data_r_reg[113]/D
                            (rising edge-triggered cell FDRE clocked by clk  {rise@0.000ns fall@1.649ns period=3.298ns})
  Path Group:             clk
  Path Type:              Setup (Max at Slow Process Corner)
  Requirement:            3.298ns  (clk rise@3.298ns - clk rise@0.000ns)
  Data Path Delay:        3.245ns  (logic 0.651ns (20.062%)  route 2.594ns (79.938%))
  Logic Levels:           7  (LUT3=2 LUT5=1 LUT6=1 MUXF7=1 MUXF8=2)
  Clock Path Skew:        -0.010ns (DCD - SCD + CPR)
    Destination Clock Delay (DCD):    0.020ns = ( 3.318 - 3.298 ) 
    Source Clock Delay      (SCD):    0.030ns
    Clock Pessimism Removal (CPR):    0.000ns
  Clock Uncertainty:      0.035ns  ((TSJ^2 + TIJ^2)^1/2 + DJ) / 2 + PE
    Total System Jitter     (TSJ):    0.071ns
    Total Input Jitter      (TIJ):    0.000ns
    Discrete Jitter          (DJ):    0.000ns
    Phase Error              (PE):    0.000ns

    Location             Delay type                Incr(ns)  Path(ns)    Netlist Resource(s)
  -------------------------------------------------------------------    -------------------
                         (clock clk rise edge)        0.000     0.000 r  
                                                      0.000     0.000 r  clk (IN)
                         net (fo=188756, unset)       0.030     0.030    u_eng/clk
    SLICE_X74Y229        FDCE                                         r  u_eng/wb_row8_reg[3]/C
  -------------------------------------------------------------------    -------------------
    SLICE_X74Y229        FDCE (Prop_AFF2_SLICEM_C_Q)
                                                      0.080     0.110 r  u_eng/wb_row8_reg[3]/Q
                         net (fo=774, routed)         1.033     1.143    u_eng/wb_row8[3]
    SLICE_X73Y307        MUXF8 (Prop_F8MUX_BOT_SLICEM_S_O)
                                                      0.074     1.217 r  u_eng/wb_data_r_reg[105]_i_63/O
                         net (fo=9, routed)           0.473     1.690    u_eng/wb_data_r_reg[105]_i_63_n_0
    SLICE_X74Y281        LUT3 (Prop_F6LUT_SLICEM_I2_O)
                                                      0.088     1.778 r  u_eng/wb_data_r[113]_i_72/O
                         net (fo=3, routed)           0.391     2.169    u_eng/wb_data_r[113]_i_72_n_0
    SLICE_X79Y270        LUT6 (Prop_C6LUT_SLICEM_I1_O)
                                                      0.098     2.267 r  u_eng/wb_data_r[113]_i_28/O
                         net (fo=1, routed)           0.021     2.288    u_eng/wb_data_r[113]_i_28_n_0
    SLICE_X79Y270        MUXF7 (Prop_F7MUX_CD_SLICEM_I1_O)
                                                      0.061     2.349 r  u_eng/wb_data_r_reg[113]_i_11/O
                         net (fo=1, routed)           0.000     2.349    u_eng/wb_data_r_reg[113]_i_11_n_0
    SLICE_X79Y270        MUXF8 (Prop_F8MUX_BOT_SLICEM_I0_O)
                                                      0.030     2.379 r  u_eng/wb_data_r_reg[113]_i_5/O
                         net (fo=1, routed)           0.474     2.853    u_eng/wb_data_r_reg[113]_i_5_n_0
    SLICE_X80Y245        LUT5 (Prop_A6LUT_SLICEL_I2_O)
                                                      0.124     2.977 r  u_eng/wb_data_r[113]_i_2/O
                         net (fo=1, routed)           0.187     3.164    u_eng/wb_data_r[113]_i_2_n_0
    SLICE_X80Y245        LUT3 (Prop_H5LUT_SLICEL_I0_O)
                                                      0.096     3.260 r  u_eng/wb_data_r[113]_i_1/O
                         net (fo=1, routed)           0.015     3.275    u_eng/wb_data_r[113]_i_1_n_0
    SLICE_X80Y245        FDRE                                         r  u_eng/wb_data_r_reg[113]/D
  -------------------------------------------------------------------    -------------------

                         (clock clk rise edge)        3.298     3.298 r  
                                                      0.000     3.298 r  clk (IN)
                         net (fo=188756, unset)       0.020     3.318    u_eng/clk
    SLICE_X80Y245        FDRE                                         r  u_eng/wb_data_r_reg[113]/C
                         clock pessimism              0.000     3.318    
                         clock uncertainty           -0.035     3.283    
    SLICE_X80Y245        FDRE (Setup_HFF2_SLICEL_C_D)
                                                      0.025     3.308    u_eng/wb_data_r_reg[113]
  -------------------------------------------------------------------
                         required time                          3.308    
                         arrival time                          -3.275    
  -------------------------------------------------------------------
                         slack                                  0.033    

Slack (MET) :             0.033ns  (required time - arrival time)
  Source:                 u_eng/drain_row_rep_reg[46]/C
                            (rising edge-triggered cell FDCE clocked by clk  {rise@0.000ns fall@1.649ns period=3.298ns})
  Destination:            u_eng/acc_rq_r_reg[1829]/D
                            (rising edge-triggered cell FDCE clocked by clk  {rise@0.000ns fall@1.649ns period=3.298ns})
  Path Group:             clk
  Path Type:              Setup (Max at Slow Process Corner)
  Requirement:            3.298ns  (clk rise@3.298ns - clk rise@0.000ns)
  Data Path Delay:        3.246ns  (logic 0.170ns (5.237%)  route 3.076ns (94.763%))
  Logic Levels:           2  (MUXF7=1 MUXF8=1)
  Clock Path Skew:        -0.009ns (DCD - SCD + CPR)
    Destination Clock Delay (DCD):    0.020ns = ( 3.318 - 3.298 ) 
    Source Clock Delay      (SCD):    0.029ns
    Clock Pessimism Removal (CPR):    0.000ns
  Clock Uncertainty:      0.035ns  ((TSJ^2 + TIJ^2)^1/2 + DJ) / 2 + PE
    Total System Jitter     (TSJ):    0.071ns
    Total Input Jitter      (TIJ):    0.000ns
    Discrete Jitter          (DJ):    0.000ns
    Phase Error              (PE):    0.000ns

    Location             Delay type                Incr(ns)  Path(ns)    Netlist Resource(s)
  -------------------------------------------------------------------    -------------------
                         (clock clk rise edge)        0.000     0.000 r  
                                                      0.000     0.000 r  clk (IN)
                         net (fo=188756, unset)       0.029     0.029    u_eng/clk
    SLICE_X69Y203        FDCE                                         r  u_eng/drain_row_rep_reg[46]/C
  -------------------------------------------------------------------    -------------------
    SLICE_X69Y203        FDCE (Prop_EFF_SLICEL_C_Q)
                                                      0.079     0.108 r  u_eng/drain_row_rep_reg[46]/Q
                         net (fo=3088, routed)        3.042     3.150    u_eng/u_arr/drain_row_rep[46]
    SLICE_X101Y304       MUXF7 (Prop_F7MUX_AB_SLICEL_S_O)
                                                      0.065     3.215 r  u_eng/u_arr/acc_row[2164]_INST_0_i_2/O
                         net (fo=1, routed)           0.000     3.215    u_eng/u_arr/acc_row[2164]_INST_0_i_2_n_0
    SLICE_X101Y304       MUXF8 (Prop_F8MUX_BOT_SLICEL_I1_O)
                                                      0.026     3.241 r  u_eng/u_arr/acc_row[2164]_INST_0/O
                         net (fo=1, routed)           0.034     3.275    u_eng/acc_row[2164]
    SLICE_X101Y304       FDCE                                         r  u_eng/acc_rq_r_reg[1829]/D
  -------------------------------------------------------------------    -------------------

                         (clock clk rise edge)        3.298     3.298 r  
                                                      0.000     3.298 r  clk (IN)
                         net (fo=188756, unset)       0.020     3.318    u_eng/clk
    SLICE_X101Y304       FDCE                                         r  u_eng/acc_rq_r_reg[1829]/C
                         clock pessimism              0.000     3.318    
                         clock uncertainty           -0.035     3.283    
    SLICE_X101Y304       FDCE (Setup_CFF_SLICEL_C_D)
                                                      0.025     3.308    u_eng/acc_rq_r_reg[1829]
  -------------------------------------------------------------------
                         required time                          3.308    
                         arrival time                          -3.275    
  -------------------------------------------------------------------
                         slack                                  0.033    

Slack (MET) :             0.035ns  (required time - arrival time)
  Source:                 u_eng/drain_row_rep_reg[46]/C
                            (rising edge-triggered cell FDCE clocked by clk  {rise@0.000ns fall@1.649ns period=3.298ns})
  Destination:            u_eng/acc_rq_r_reg[368]/D
                            (rising edge-triggered cell FDCE clocked by clk  {rise@0.000ns fall@1.649ns period=3.298ns})
  Path Group:             clk
  Path Type:              Setup (Max at Slow Process Corner)
  Requirement:            3.298ns  (clk rise@3.298ns - clk rise@0.000ns)
  Data Path Delay:        3.244ns  (logic 0.170ns (5.240%)  route 3.074ns (94.760%))
  Logic Levels:           2  (MUXF7=1 MUXF8=1)
  Clock Path Skew:        -0.009ns (DCD - SCD + CPR)
    Destination Clock Delay (DCD):    0.020ns = ( 3.318 - 3.298 ) 
    Source Clock Delay      (SCD):    0.029ns
    Clock Pessimism Removal (CPR):    0.000ns
  Clock Uncertainty:      0.035ns  ((TSJ^2 + TIJ^2)^1/2 + DJ) / 2 + PE
    Total System Jitter     (TSJ):    0.071ns
    Total Input Jitter      (TIJ):    0.000ns
    Discrete Jitter          (DJ):    0.000ns
    Phase Error              (PE):    0.000ns

    Location             Delay type                Incr(ns)  Path(ns)    Netlist Resource(s)
  -------------------------------------------------------------------    -------------------
                         (clock clk rise edge)        0.000     0.000 r  
                                                      0.000     0.000 r  clk (IN)
                         net (fo=188756, unset)       0.029     0.029    u_eng/clk
    SLICE_X69Y203        FDCE                                         r  u_eng/drain_row_rep_reg[46]/C
  -------------------------------------------------------------------    -------------------
    SLICE_X69Y203        FDCE (Prop_EFF_SLICEL_C_Q)
                                                      0.079     0.108 r  u_eng/drain_row_rep_reg[46]/Q
                         net (fo=3088, routed)        3.040     3.148    u_eng/u_arr/drain_row_rep[46]
    SLICE_X66Y51         MUXF7 (Prop_F7MUX_EF_SLICEL_S_O)
                                                      0.065     3.213 r  u_eng/u_arr/acc_row[433]_INST_0_i_2/O
                         net (fo=1, routed)           0.000     3.213    u_eng/u_arr/acc_row[433]_INST_0_i_2_n_0
    SLICE_X66Y51         MUXF8 (Prop_F8MUX_TOP_SLICEL_I1_O)
                                                      0.026     3.239 r  u_eng/u_arr/acc_row[433]_INST_0/O
                         net (fo=1, routed)           0.034     3.273    u_eng/acc_row[433]
    SLICE_X66Y51         FDCE                                         r  u_eng/acc_rq_r_reg[368]/D
  -------------------------------------------------------------------    -------------------

                         (clock clk rise edge)        3.298     3.298 r  
                                                      0.000     3.298 r  clk (IN)
                         net (fo=188756, unset)       0.020     3.318    u_eng/clk
    SLICE_X66Y51         FDCE                                         r  u_eng/acc_rq_r_reg[368]/C
                         clock pessimism              0.000     3.318    
                         clock uncertainty           -0.035     3.283    
    SLICE_X66Y51         FDCE (Setup_GFF_SLICEL_C_D)
                                                      0.025     3.308    u_eng/acc_rq_r_reg[368]
  -------------------------------------------------------------------
                         required time                          3.308    
                         arrival time                          -3.273    
  -------------------------------------------------------------------
                         slack                                  0.035    




