../rtl/ae_gemm.sv:149: sorry: constant selects in always_* processes are not currently supported (all bits will be included).
../rtl/ae_gemm.sv:149: sorry: constant selects in always_* processes are not currently supported (all bits will be included).
../rtl/ae_gemm.sv:149: sorry: constant selects in always_* processes are not currently supported (all bits will be included).
../rtl/ae_gemm.sv:149: sorry: constant selects in always_* processes are not currently supported (all bits will be included).
../rtl/ae_softmax.sv:99: sorry: constant selects in always_* processes are not currently supported (all bits will be included).
../rtl/ae_softmax.sv:99: sorry: constant selects in always_* processes are not currently supported (all bits will be included).
../rtl/ae_actv.sv:177: sorry: constant selects in always_* processes are not currently supported (all bits will be included).
../rtl/ae_actv.sv:177: sorry: constant selects in always_* processes are not currently supported (all bits will be included).
../rtl/ae_actv.sv:177: sorry: constant selects in always_* processes are not currently supported (all bits will be included).
../rtl/ae_actv.sv:177: sorry: constant selects in always_* processes are not currently supported (all bits will be included).
../rtl/ae_actv.sv:177: sorry: constant selects in always_* processes are not currently supported (all bits will be included).
../rtl/ae_actv.sv:177: sorry: constant selects in always_* processes are not currently supported (all bits will be included).
../rtl/ae_actv.sv:177: sorry: constant selects in always_* processes are not currently supported (all bits will be included).
../rtl/ae_actv.sv:177: sorry: constant selects in always_* processes are not currently supported (all bits will be included).
../rtl/ae_actv.sv:177: sorry: constant selects in always_* processes are not currently supported (all bits will be included).
../rtl/ae_actv.sv:177: sorry: constant selects in always_* processes are not currently supported (all bits will be included).
../rtl/ae_actv.sv:177: sorry: constant selects in always_* processes are not currently supported (all bits will be included).
../rtl/ae_actv.sv:177: sorry: constant selects in always_* processes are not currently supported (all bits will be included).
../rtl/ae_actv.sv:177: sorry: constant selects in always_* processes are not currently supported (all bits will be included).
../rtl/ae_actv.sv:177: sorry: constant selects in always_* processes are not currently supported (all bits will be included).
../rtl/ae_actv.sv:177: sorry: constant selects in always_* processes are not currently supported (all bits will be included).
../rtl/ae_actv.sv:177: sorry: constant selects in always_* processes are not currently supported (all bits will be included).
../rtl/ae_actv.sv:349: sorry: constant selects in always_* processes are not currently supported (all bits will be included).
../rtl/ae_actv.sv:367: sorry: constant selects in always_* processes are not currently supported (all bits will be included).
../rtl/ae_actv.sv:367: sorry: constant selects in always_* processes are not currently supported (all bits will be included).
../rtl/ae_actv.sv:349: sorry: constant selects in always_* processes are not currently supported (all bits will be included).
../rtl/ae_actv.sv:367: sorry: constant selects in always_* processes are not currently supported (all bits will be included).
../rtl/ae_actv.sv:367: sorry: constant selects in always_* processes are not currently supported (all bits will be included).
../rtl/ae_actv.sv:349: sorry: constant selects in always_* processes are not currently supported (all bits will be included).
../rtl/ae_actv.sv:367: sorry: constant selects in always_* processes are not currently supported (all bits will be included).
../rtl/ae_actv.sv:367: sorry: constant selects in always_* processes are not currently supported (all bits will be included).
../rtl/ae_actv.sv:349: sorry: constant selects in always_* processes are not currently supported (all bits will be included).
../rtl/ae_actv.sv:367: sorry: constant selects in always_* processes are not currently supported (all bits will be included).
../rtl/ae_actv.sv:367: sorry: constant selects in always_* processes are not currently supported (all bits will be included).
../rtl/ae_actv.sv:349: sorry: constant selects in always_* processes are not currently supported (all bits will be included).
../rtl/ae_actv.sv:367: sorry: constant selects in always_* processes are not currently supported (all bits will be included).
../rtl/ae_actv.sv:367: sorry: constant selects in always_* processes are not currently supported (all bits will be included).
../rtl/ae_actv.sv:349: sorry: constant selects in always_* processes are not currently supported (all bits will be included).
../rtl/ae_actv.sv:367: sorry: constant selects in always_* processes are not currently supported (all bits will be included).
../rtl/ae_actv.sv:367: sorry: constant selects in always_* processes are not currently supported (all bits will be included).
../rtl/ae_actv.sv:349: sorry: constant selects in always_* processes are not currently supported (all bits will be included).
../rtl/ae_actv.sv:367: sorry: constant selects in always_* processes are not currently supported (all bits will be included).
../rtl/ae_actv.sv:367: sorry: constant selects in always_* processes are not currently supported (all bits will be included).
../rtl/ae_actv.sv:349: sorry: constant selects in always_* processes are not currently supported (all bits will be included).
../rtl/ae_actv.sv:367: sorry: constant selects in always_* processes are not currently supported (all bits will be included).
../rtl/ae_actv.sv:367: sorry: constant selects in always_* processes are not currently supported (all bits will be included).
../rtl/ae_actv.sv:349: sorry: constant selects in always_* processes are not currently supported (all bits will be included).
../rtl/ae_actv.sv:367: sorry: constant selects in always_* processes are not currently supported (all bits will be included).
../rtl/ae_actv.sv:367: sorry: constant selects in always_* processes are not currently supported (all bits will be included).
../rtl/ae_actv.sv:349: sorry: constant selects in always_* processes are not currently supported (all bits will be included).
../rtl/ae_actv.sv:367: sorry: constant selects in always_* processes are not currently supported (all bits will be included).
../rtl/ae_actv.sv:367: sorry: constant selects in always_* processes are not currently supported (all bits will be included).
../rtl/ae_actv.sv:349: sorry: constant selects in always_* processes are not currently supported (all bits will be included).
../rtl/ae_actv.sv:367: sorry: constant selects in always_* processes are not currently supported (all bits will be included).
../rtl/ae_actv.sv:367: sorry: constant selects in always_* processes are not currently supported (all bits will be included).
../rtl/ae_actv.sv:349: sorry: constant selects in always_* processes are not currently supported (all bits will be included).
../rtl/ae_actv.sv:367: sorry: constant selects in always_* processes are not currently supported (all bits will be included).
../rtl/ae_actv.sv:367: sorry: constant selects in always_* processes are not currently supported (all bits will be included).
../rtl/ae_actv.sv:349: sorry: constant selects in always_* processes are not currently supported (all bits will be included).
../rtl/ae_actv.sv:367: sorry: constant selects in always_* processes are not currently supported (all bits will be included).
../rtl/ae_actv.sv:367: sorry: constant selects in always_* processes are not currently supported (all bits will be included).
../rtl/ae_actv.sv:349: sorry: constant selects in always_* processes are not currently supported (all bits will be included).
../rtl/ae_actv.sv:367: sorry: constant selects in always_* processes are not currently supported (all bits will be included).
../rtl/ae_actv.sv:367: sorry: constant selects in always_* processes are not currently supported (all bits will be included).
../rtl/ae_actv.sv:349: sorry: constant selects in always_* processes are not currently supported (all bits will be included).
../rtl/ae_actv.sv:367: sorry: constant selects in always_* processes are not currently supported (all bits will be included).
../rtl/ae_actv.sv:367: sorry: constant selects in always_* processes are not currently supported (all bits will be included).
../rtl/ae_actv.sv:349: sorry: constant selects in always_* processes are not currently supported (all bits will be included).
../rtl/ae_actv.sv:367: sorry: constant selects in always_* processes are not currently supported (all bits will be included).
../rtl/ae_actv.sv:367: sorry: constant selects in always_* processes are not currently supported (all bits will be included).
../rtl/ae_actv.sv:287: sorry: constant selects in always_* processes are not currently supported (all bits will be included).
../rtl/ae_actv.sv:417: sorry: constant selects in always_* processes are not currently supported (all bits will be included).
../rtl/ae_core.sv:226: sorry: constant selects in always_* processes are not currently supported (all bits will be included).
../rtl/ae_core.sv:226: sorry: constant selects in always_* processes are not currently supported (all bits will be included).
../rtl/ae_core.sv:226: sorry: constant selects in always_* processes are not currently supported (all bits will be included).
../rtl/ae_core.sv:226: sorry: constant selects in always_* processes are not currently supported (all bits will be included).
../rtl/ae_core.sv:226: sorry: constant selects in always_* processes are not currently supported (all bits will be included).
../rtl/ae_core.sv:234: sorry: constant selects in always_* processes are not currently supported (all bits will be included).
../rtl/ae_core.sv:234: sorry: constant selects in always_* processes are not currently supported (all bits will be included).
../rtl/ae_core.sv:234: sorry: constant selects in always_* processes are not currently supported (all bits will be included).
../rtl/ae_core.sv:234: sorry: constant selects in always_* processes are not currently supported (all bits will be included).
../rtl/ae_gemm.sv:149: sorry: constant selects in always_* processes are not currently supported (all bits will be included).
../rtl/ae_gemm.sv:149: sorry: constant selects in always_* processes are not currently supported (all bits will be included).
../rtl/ae_gemm.sv:149: sorry: constant selects in always_* processes are not currently supported (all bits will be included).
../rtl/ae_gemm.sv:149: sorry: constant selects in always_* processes are not currently supported (all bits will be included).
../rtl/ae_softmax.sv:99: sorry: constant selects in always_* processes are not currently supported (all bits will be included).
../rtl/ae_softmax.sv:99: sorry: constant selects in always_* processes are not currently supported (all bits will be included).
../rtl/ae_actv.sv:177: sorry: constant selects in always_* processes are not currently supported (all bits will be included).
../rtl/ae_actv.sv:177: sorry: constant selects in always_* processes are not currently supported (all bits will be included).
../rtl/ae_actv.sv:177: sorry: constant selects in always_* processes are not currently supported (all bits will be included).
../rtl/ae_actv.sv:177: sorry: constant selects in always_* processes are not currently supported (all bits will be included).
../rtl/ae_actv.sv:177: sorry: constant selects in always_* processes are not currently supported (all bits will be included).
../rtl/ae_actv.sv:177: sorry: constant selects in always_* processes are not currently supported (all bits will be included).
../rtl/ae_actv.sv:177: sorry: constant selects in always_* processes are not currently supported (all bits will be included).
../rtl/ae_actv.sv:177: sorry: constant selects in always_* processes are not currently supported (all bits will be included).
../rtl/ae_actv.sv:177: sorry: constant selects in always_* processes are not currently supported (all bits will be included).
../rtl/ae_actv.sv:177: sorry: constant selects in always_* processes are not currently supported (all bits will be included).
../rtl/ae_actv.sv:177: sorry: constant selects in always_* processes are not currently supported (all bits will be included).
../rtl/ae_actv.sv:177: sorry: constant selects in always_* processes are not currently supported (all bits will be included).
../rtl/ae_actv.sv:177: sorry: constant selects in always_* processes are not currently supported (all bits will be included).
../rtl/ae_actv.sv:177: sorry: constant selects in always_* processes are not currently supported (all bits will be included).
../rtl/ae_actv.sv:177: sorry: constant selects in always_* processes are not currently supported (all bits will be included).
../rtl/ae_actv.sv:177: sorry: constant selects in always_* processes are not currently supported (all bits will be included).
../rtl/ae_actv.sv:349: sorry: constant selects in always_* processes are not currently supported (all bits will be included).
../rtl/ae_actv.sv:367: sorry: constant selects in always_* processes are not currently supported (all bits will be included).
../rtl/ae_actv.sv:367: sorry: constant selects in always_* processes are not currently supported (all bits will be included).
../rtl/ae_actv.sv:349: sorry: constant selects in always_* processes are not currently supported (all bits will be included).
../rtl/ae_actv.sv:367: sorry: constant selects in always_* processes are not currently supported (all bits will be included).
../rtl/ae_actv.sv:367: sorry: constant selects in always_* processes are not currently supported (all bits will be included).
../rtl/ae_actv.sv:349: sorry: constant selects in always_* processes are not currently supported (all bits will be included).
../rtl/ae_actv.sv:367: sorry: constant selects in always_* processes are not currently supported (all bits will be included).
../rtl/ae_actv.sv:367: sorry: constant selects in always_* processes are not currently supported (all bits will be included).
../rtl/ae_actv.sv:349: sorry: constant selects in always_* processes are not currently supported (all bits will be included).
../rtl/ae_actv.sv:367: sorry: constant selects in always_* processes are not currently supported (all bits will be included).
../rtl/ae_actv.sv:367: sorry: constant selects in always_* processes are not currently supported (all bits will be included).
../rtl/ae_actv.sv:349: sorry: constant selects in always_* processes are not currently supported (all bits will be included).
../rtl/ae_actv.sv:367: sorry: constant selects in always_* processes are not currently supported (all bits will be included).
../rtl/ae_actv.sv:367: sorry: constant selects in always_* processes are not currently supported (all bits will be included).
../rtl/ae_actv.sv:349: sorry: constant selects in always_* processes are not currently supported (all bits will be included).
../rtl/ae_actv.sv:367: sorry: constant selects in always_* processes are not currently supported (all bits will be included).
../rtl/ae_actv.sv:367: sorry: constant selects in always_* processes are not currently supported (all bits will be included).
../rtl/ae_actv.sv:349: sorry: constant selects in always_* processes are not currently supported (all bits will be included).
../rtl/ae_actv.sv:367: sorry: constant selects in always_* processes are not currently supported (all bits will be included).
../rtl/ae_actv.sv:367: sorry: constant selects in always_* processes are not currently supported (all bits will be included).
../rtl/ae_actv.sv:349: sorry: constant selects in always_* processes are not currently supported (all bits will be included).
../rtl/ae_actv.sv:367: sorry: constant selects in always_* processes are not currently supported (all bits will be included).
../rtl/ae_actv.sv:367: sorry: constant selects in always_* processes are not currently supported (all bits will be included).
../rtl/ae_actv.sv:349: sorry: constant selects in always_* processes are not currently supported (all bits will be included).
../rtl/ae_actv.sv:367: sorry: constant selects in always_* processes are not currently supported (all bits will be included).
../rtl/ae_actv.sv:367: sorry: constant selects in always_* processes are not currently supported (all bits will be included).
../rtl/ae_actv.sv:349: sorry: constant selects in always_* processes are not currently supported (all bits will be included).
../rtl/ae_actv.sv:367: sorry: constant selects in always_* processes are not currently supported (all bits will be included).
../rtl/ae_actv.sv:367: sorry: constant selects in always_* processes are not currently supported (all bits will be included).
../rtl/ae_actv.sv:349: sorry: constant selects in always_* processes are not currently supported (all bits will be included).
../rtl/ae_actv.sv:367: sorry: constant selects in always_* processes are not currently supported (all bits will be included).
../rtl/ae_actv.sv:367: sorry: constant selects in always_* processes are not currently supported (all bits will be included).
../rtl/ae_actv.sv:349: sorry: constant selects in always_* processes are not currently supported (all bits will be included).
../rtl/ae_actv.sv:367: sorry: constant selects in always_* processes are not currently supported (all bits will be included).
../rtl/ae_actv.sv:367: sorry: constant selects in always_* processes are not currently supported (all bits will be included).
../rtl/ae_actv.sv:349: sorry: constant selects in always_* processes are not currently supported (all bits will be included).
../rtl/ae_actv.sv:367: sorry: constant selects in always_* processes are not currently supported (all bits will be included).
../rtl/ae_actv.sv:367: sorry: constant selects in always_* processes are not currently supported (all bits will be included).
../rtl/ae_actv.sv:349: sorry: constant selects in always_* processes are not currently supported (all bits will be included).
../rtl/ae_actv.sv:367: sorry: constant selects in always_* processes are not currently supported (all bits will be included).
../rtl/ae_actv.sv:367: sorry: constant selects in always_* processes are not currently supported (all bits will be included).
../rtl/ae_actv.sv:349: sorry: constant selects in always_* processes are not currently supported (all bits will be included).
../rtl/ae_actv.sv:367: sorry: constant selects in always_* processes are not currently supported (all bits will be included).
../rtl/ae_actv.sv:367: sorry: constant selects in always_* processes are not currently supported (all bits will be included).
../rtl/ae_actv.sv:349: sorry: constant selects in always_* processes are not currently supported (all bits will be included).
../rtl/ae_actv.sv:367: sorry: constant selects in always_* processes are not currently supported (all bits will be included).
../rtl/ae_actv.sv:367: sorry: constant selects in always_* processes are not currently supported (all bits will be included).
../rtl/ae_actv.sv:287: sorry: constant selects in always_* processes are not currently supported (all bits will be included).
../rtl/ae_actv.sv:417: sorry: constant selects in always_* processes are not currently supported (all bits will be included).
../rtl/ae_core.sv:226: sorry: constant selects in always_* processes are not currently supported (all bits will be included).
../rtl/ae_core.sv:226: sorry: constant selects in always_* processes are not currently supported (all bits will be included).
../rtl/ae_core.sv:226: sorry: constant selects in always_* processes are not currently supported (all bits will be included).
../rtl/ae_core.sv:226: sorry: constant selects in always_* processes are not currently supported (all bits will be included).
../rtl/ae_core.sv:226: sorry: constant selects in always_* processes are not currently supported (all bits will be included).
../rtl/ae_core.sv:234: sorry: constant selects in always_* processes are not currently supported (all bits will be included).
../rtl/ae_core.sv:234: sorry: constant selects in always_* processes are not currently supported (all bits will be included).
../rtl/ae_core.sv:234: sorry: constant selects in always_* processes are not currently supported (all bits will be included).
../rtl/ae_core.sv:234: sorry: constant selects in always_* processes are not currently supported (all bits will be included).
WARNING: ../rtl/ae_core.sv:295: $readmemh(seq.mem): Not enough words in the file for the requested range [0:2047].
WARNING: ../rtl/ae_core.sv:295: $readmemh(seq.mem): Not enough words in the file for the requested range [0:63].
[tb] REF -pf0: cycles=11653 gemm=5976 dma=3108 mac_total=86016 skip_macs=0 skip_stages=0
[tb] PRIM-pf0: cycles=11405 gemm=5715 dma=3123 mac_total=82944 skip_macs=2048 skip_stages=2
[tb] PRIM-pf1: cycles=11405 gemm=5715 dma=3123 mac_total=82944 skip_macs=2048 skip_stages=2
[tb] 三遍 dump 完成（compare.py 比 REF/PRIM；prim2 vs prim 逐位 diff）
tb_ae.sv:274: $finish called at 344926000 (1ps)
