Copyright 1986-2021 Xilinx, Inc. All Rights Reserved.
-------------------------------------------------------------------------------------------------
| Tool Version      : Vivado v.2021.2 (win64) Build 3367213 Tue Oct 19 02:48:09 MDT 2021
| Date              : Tue Sep  8 15:29:11 2026
| Host              : nc23 running 64-bit major release  (build 9200)
| Command           : report_timing -max_paths 20 -file E:/ae_syn/hb_h1/runs/pe/route/timing.rpt
| Design            : ae_pe_p2
| Device            : xczu7ev-ffvc1156
| Speed File        : -2  PRODUCTION 1.29 08-03-2020
| Temperature Grade : E
-------------------------------------------------------------------------------------------------

Timing Report

Slack (MET) :             1.820ns  (required time - arrival time)
  Source:                 u_mul/w1_s0_reg[7]/C
                            (rising edge-triggered cell FDRE clocked by clk  {rise@0.000ns fall@1.649ns period=3.298ns})
  Destination:            u_mul/u_dsp/DSP_M_DATA_INST/V[23]
                            (rising edge-triggered cell DSP_M_DATA clocked by clk  {rise@0.000ns fall@1.649ns period=3.298ns})
  Path Group:             clk
  Path Type:              Setup (Max at Slow Process Corner)
  Requirement:            3.298ns  (clk rise@3.298ns - clk rise@0.000ns)
  Data Path Delay:        1.470ns  (logic 0.977ns (66.463%)  route 0.493ns (33.537%))
  Logic Levels:           4  (DSP_A_B_DATA=1 DSP_MULTIPLIER=1 DSP_PREADD_DATA=1 LUT1=1)
  Clock Path Skew:        0.013ns (DCD - SCD + CPR)
    Destination Clock Delay (DCD):    0.043ns = ( 3.341 - 3.298 ) 
    Source Clock Delay      (SCD):    0.030ns
    Clock Pessimism Removal (CPR):    0.000ns
  Clock Uncertainty:      0.035ns  ((TSJ^2 + TIJ^2)^1/2 + DJ) / 2 + PE
    Total System Jitter     (TSJ):    0.071ns
    Total Input Jitter      (TIJ):    0.000ns
    Discrete Jitter          (DJ):    0.000ns
    Phase Error              (PE):    0.000ns

    Location             Delay type                Incr(ns)  Path(ns)    Netlist Resource(s)
  -------------------------------------------------------------------    -------------------
                         (clock clk rise edge)        0.000     0.000 r  
                                                      0.000     0.000 r  clk (IN)
                         net (fo=225, unset)          0.030     0.030    u_mul/clk
    SLICE_X56Y17         FDRE                                         r  u_mul/w1_s0_reg[7]/C
  -------------------------------------------------------------------    -------------------
    SLICE_X56Y17         FDRE (Prop_AFF2_SLICEM_C_Q)
                                                      0.080     0.110 r  u_mul/w1_s0_reg[7]/Q
                         net (fo=1, routed)           0.187     0.297    u_mul/w1_s0[7]
    SLICE_X56Y17         LUT1 (Prop_D6LUT_SLICEM_I0_O)
                                                      0.122     0.419 f  u_mul/u_dsp_i_1/O
                         net (fo=1, routed)           0.306     0.725    u_mul/u_dsp/A[23]
    DSP48E2_X4Y6         DSP_A_B_DATA (Prop_DSP_A_B_DATA_DSP48E2_A[23]_A2_DATA[23])
                                                      0.192     0.917 r  u_mul/u_dsp/DSP_A_B_DATA_INST/A2_DATA[23]
                         net (fo=1, routed)           0.000     0.917    u_mul/u_dsp/DSP_A_B_DATA.A2_DATA<23>
    DSP48E2_X4Y6         DSP_PREADD_DATA (Prop_DSP_PREADD_DATA_DSP48E2_A2_DATA[23]_A2A1[23])
                                                      0.076     0.993 r  u_mul/u_dsp/DSP_PREADD_DATA_INST/A2A1[23]
                         net (fo=1, routed)           0.000     0.993    u_mul/u_dsp/DSP_PREADD_DATA.A2A1<23>
    DSP48E2_X4Y6         DSP_MULTIPLIER (Prop_DSP_MULTIPLIER_DSP48E2_A2A1[23]_V[23])
                                                      0.507     1.500 r  u_mul/u_dsp/DSP_MULTIPLIER_INST/V[23]
                         net (fo=1, routed)           0.000     1.500    u_mul/u_dsp/DSP_MULTIPLIER.V<23>
    DSP48E2_X4Y6         DSP_M_DATA                                   r  u_mul/u_dsp/DSP_M_DATA_INST/V[23]
  -------------------------------------------------------------------    -------------------

                         (clock clk rise edge)        3.298     3.298 r  
                                                      0.000     3.298 r  clk (IN)
                         net (fo=225, unset)          0.043     3.341    u_mul/u_dsp/CLK
    DSP48E2_X4Y6         DSP_M_DATA                                   r  u_mul/u_dsp/DSP_M_DATA_INST/CLK
                         clock pessimism              0.000     3.341    
                         clock uncertainty           -0.035     3.306    
    DSP48E2_X4Y6         DSP_M_DATA (Setup_DSP_M_DATA_DSP48E2_CLK_V[23])
                                                      0.014     3.320    u_mul/u_dsp/DSP_M_DATA_INST
  -------------------------------------------------------------------
                         required time                          3.320    
                         arrival time                          -1.500    
  -------------------------------------------------------------------
                         slack                                  1.820    

Slack (MET) :             1.820ns  (required time - arrival time)
  Source:                 u_mul/w1_s0_reg[7]/C
                            (rising edge-triggered cell FDRE clocked by clk  {rise@0.000ns fall@1.649ns period=3.298ns})
  Destination:            u_mul/u_dsp/DSP_M_DATA_INST/V[24]
                            (rising edge-triggered cell DSP_M_DATA clocked by clk  {rise@0.000ns fall@1.649ns period=3.298ns})
  Path Group:             clk
  Path Type:              Setup (Max at Slow Process Corner)
  Requirement:            3.298ns  (clk rise@3.298ns - clk rise@0.000ns)
  Data Path Delay:        1.470ns  (logic 0.977ns (66.463%)  route 0.493ns (33.537%))
  Logic Levels:           4  (DSP_A_B_DATA=1 DSP_MULTIPLIER=1 DSP_PREADD_DATA=1 LUT1=1)
  Clock Path Skew:        0.013ns (DCD - SCD + CPR)
    Destination Clock Delay (DCD):    0.043ns = ( 3.341 - 3.298 ) 
    Source Clock Delay      (SCD):    0.030ns
    Clock Pessimism Removal (CPR):    0.000ns
  Clock Uncertainty:      0.035ns  ((TSJ^2 + TIJ^2)^1/2 + DJ) / 2 + PE
    Total System Jitter     (TSJ):    0.071ns
    Total Input Jitter      (TIJ):    0.000ns
    Discrete Jitter          (DJ):    0.000ns
    Phase Error              (PE):    0.000ns

    Location             Delay type                Incr(ns)  Path(ns)    Netlist Resource(s)
  -------------------------------------------------------------------    -------------------
                         (clock clk rise edge)        0.000     0.000 r  
                                                      0.000     0.000 r  clk (IN)
                         net (fo=225, unset)          0.030     0.030    u_mul/clk
    SLICE_X56Y17         FDRE                                         r  u_mul/w1_s0_reg[7]/C
  -------------------------------------------------------------------    -------------------
    SLICE_X56Y17         FDRE (Prop_AFF2_SLICEM_C_Q)
                                                      0.080     0.110 r  u_mul/w1_s0_reg[7]/Q
                         net (fo=1, routed)           0.187     0.297    u_mul/w1_s0[7]
    SLICE_X56Y17         LUT1 (Prop_D6LUT_SLICEM_I0_O)
                                                      0.122     0.419 f  u_mul/u_dsp_i_1/O
                         net (fo=1, routed)           0.306     0.725    u_mul/u_dsp/A[23]
    DSP48E2_X4Y6         DSP_A_B_DATA (Prop_DSP_A_B_DATA_DSP48E2_A[23]_A2_DATA[23])
                                                      0.192     0.917 r  u_mul/u_dsp/DSP_A_B_DATA_INST/A2_DATA[23]
                         net (fo=1, routed)           0.000     0.917    u_mul/u_dsp/DSP_A_B_DATA.A2_DATA<23>
    DSP48E2_X4Y6         DSP_PREADD_DATA (Prop_DSP_PREADD_DATA_DSP48E2_A2_DATA[23]_A2A1[23])
                                                      0.076     0.993 r  u_mul/u_dsp/DSP_PREADD_DATA_INST/A2A1[23]
                         net (fo=1, routed)           0.000     0.993    u_mul/u_dsp/DSP_PREADD_DATA.A2A1<23>
    DSP48E2_X4Y6         DSP_MULTIPLIER (Prop_DSP_MULTIPLIER_DSP48E2_A2A1[23]_V[24])
                                                      0.507     1.500 r  u_mul/u_dsp/DSP_MULTIPLIER_INST/V[24]
                         net (fo=1, routed)           0.000     1.500    u_mul/u_dsp/DSP_MULTIPLIER.V<24>
    DSP48E2_X4Y6         DSP_M_DATA                                   r  u_mul/u_dsp/DSP_M_DATA_INST/V[24]
  -------------------------------------------------------------------    -------------------

                         (clock clk rise edge)        3.298     3.298 r  
                                                      0.000     3.298 r  clk (IN)
                         net (fo=225, unset)          0.043     3.341    u_mul/u_dsp/CLK
    DSP48E2_X4Y6         DSP_M_DATA                                   r  u_mul/u_dsp/DSP_M_DATA_INST/CLK
                         clock pessimism              0.000     3.341    
                         clock uncertainty           -0.035     3.306    
    DSP48E2_X4Y6         DSP_M_DATA (Setup_DSP_M_DATA_DSP48E2_CLK_V[24])
                                                      0.014     3.320    u_mul/u_dsp/DSP_M_DATA_INST
  -------------------------------------------------------------------
                         required time                          3.320    
                         arrival time                          -1.500    
  -------------------------------------------------------------------
                         slack                                  1.820    

Slack (MET) :             1.820ns  (required time - arrival time)
  Source:                 u_mul/w1_s0_reg[7]/C
                            (rising edge-triggered cell FDRE clocked by clk  {rise@0.000ns fall@1.649ns period=3.298ns})
  Destination:            u_mul/u_dsp/DSP_M_DATA_INST/V[25]
                            (rising edge-triggered cell DSP_M_DATA clocked by clk  {rise@0.000ns fall@1.649ns period=3.298ns})
  Path Group:             clk
  Path Type:              Setup (Max at Slow Process Corner)
  Requirement:            3.298ns  (clk rise@3.298ns - clk rise@0.000ns)
  Data Path Delay:        1.470ns  (logic 0.977ns (66.463%)  route 0.493ns (33.537%))
  Logic Levels:           4  (DSP_A_B_DATA=1 DSP_MULTIPLIER=1 DSP_PREADD_DATA=1 LUT1=1)
  Clock Path Skew:        0.013ns (DCD - SCD + CPR)
    Destination Clock Delay (DCD):    0.043ns = ( 3.341 - 3.298 ) 
    Source Clock Delay      (SCD):    0.030ns
    Clock Pessimism Removal (CPR):    0.000ns
  Clock Uncertainty:      0.035ns  ((TSJ^2 + TIJ^2)^1/2 + DJ) / 2 + PE
    Total System Jitter     (TSJ):    0.071ns
    Total Input Jitter      (TIJ):    0.000ns
    Discrete Jitter          (DJ):    0.000ns
    Phase Error              (PE):    0.000ns

    Location             Delay type                Incr(ns)  Path(ns)    Netlist Resource(s)
  -------------------------------------------------------------------    -------------------
                         (clock clk rise edge)        0.000     0.000 r  
                                                      0.000     0.000 r  clk (IN)
                         net (fo=225, unset)          0.030     0.030    u_mul/clk
    SLICE_X56Y17         FDRE                                         r  u_mul/w1_s0_reg[7]/C
  -------------------------------------------------------------------    -------------------
    SLICE_X56Y17         FDRE (Prop_AFF2_SLICEM_C_Q)
                                                      0.080     0.110 r  u_mul/w1_s0_reg[7]/Q
                         net (fo=1, routed)           0.187     0.297    u_mul/w1_s0[7]
    SLICE_X56Y17         LUT1 (Prop_D6LUT_SLICEM_I0_O)
                                                      0.122     0.419 f  u_mul/u_dsp_i_1/O
                         net (fo=1, routed)           0.306     0.725    u_mul/u_dsp/A[23]
    DSP48E2_X4Y6         DSP_A_B_DATA (Prop_DSP_A_B_DATA_DSP48E2_A[23]_A2_DATA[23])
                                                      0.192     0.917 r  u_mul/u_dsp/DSP_A_B_DATA_INST/A2_DATA[23]
                         net (fo=1, routed)           0.000     0.917    u_mul/u_dsp/DSP_A_B_DATA.A2_DATA<23>
    DSP48E2_X4Y6         DSP_PREADD_DATA (Prop_DSP_PREADD_DATA_DSP48E2_A2_DATA[23]_A2A1[23])
                                                      0.076     0.993 r  u_mul/u_dsp/DSP_PREADD_DATA_INST/A2A1[23]
                         net (fo=1, routed)           0.000     0.993    u_mul/u_dsp/DSP_PREADD_DATA.A2A1<23>
    DSP48E2_X4Y6         DSP_MULTIPLIER (Prop_DSP_MULTIPLIER_DSP48E2_A2A1[23]_V[25])
                                                      0.507     1.500 r  u_mul/u_dsp/DSP_MULTIPLIER_INST/V[25]
                         net (fo=1, routed)           0.000     1.500    u_mul/u_dsp/DSP_MULTIPLIER.V<25>
    DSP48E2_X4Y6         DSP_M_DATA                                   r  u_mul/u_dsp/DSP_M_DATA_INST/V[25]
  -------------------------------------------------------------------    -------------------

                         (clock clk rise edge)        3.298     3.298 r  
                                                      0.000     3.298 r  clk (IN)
                         net (fo=225, unset)          0.043     3.341    u_mul/u_dsp/CLK
    DSP48E2_X4Y6         DSP_M_DATA                                   r  u_mul/u_dsp/DSP_M_DATA_INST/CLK
                         clock pessimism              0.000     3.341    
                         clock uncertainty           -0.035     3.306    
    DSP48E2_X4Y6         DSP_M_DATA (Setup_DSP_M_DATA_DSP48E2_CLK_V[25])
                                                      0.014     3.320    u_mul/u_dsp/DSP_M_DATA_INST
  -------------------------------------------------------------------
                         required time                          3.320    
                         arrival time                          -1.500    
  -------------------------------------------------------------------
                         slack                                  1.820    

Slack (MET) :             1.820ns  (required time - arrival time)
  Source:                 u_mul/w1_s0_reg[7]/C
                            (rising edge-triggered cell FDRE clocked by clk  {rise@0.000ns fall@1.649ns period=3.298ns})
  Destination:            u_mul/u_dsp/DSP_M_DATA_INST/V[26]
                            (rising edge-triggered cell DSP_M_DATA clocked by clk  {rise@0.000ns fall@1.649ns period=3.298ns})
  Path Group:             clk
  Path Type:              Setup (Max at Slow Process Corner)
  Requirement:            3.298ns  (clk rise@3.298ns - clk rise@0.000ns)
  Data Path Delay:        1.470ns  (logic 0.977ns (66.463%)  route 0.493ns (33.537%))
  Logic Levels:           4  (DSP_A_B_DATA=1 DSP_MULTIPLIER=1 DSP_PREADD_DATA=1 LUT1=1)
  Clock Path Skew:        0.013ns (DCD - SCD + CPR)
    Destination Clock Delay (DCD):    0.043ns = ( 3.341 - 3.298 ) 
    Source Clock Delay      (SCD):    0.030ns
    Clock Pessimism Removal (CPR):    0.000ns
  Clock Uncertainty:      0.035ns  ((TSJ^2 + TIJ^2)^1/2 + DJ) / 2 + PE
    Total System Jitter     (TSJ):    0.071ns
    Total Input Jitter      (TIJ):    0.000ns
    Discrete Jitter          (DJ):    0.000ns
    Phase Error              (PE):    0.000ns

    Location             Delay type                Incr(ns)  Path(ns)    Netlist Resource(s)
  -------------------------------------------------------------------    -------------------
                         (clock clk rise edge)        0.000     0.000 r  
                                                      0.000     0.000 r  clk (IN)
                         net (fo=225, unset)          0.030     0.030    u_mul/clk
    SLICE_X56Y17         FDRE                                         r  u_mul/w1_s0_reg[7]/C
  -------------------------------------------------------------------    -------------------
    SLICE_X56Y17         FDRE (Prop_AFF2_SLICEM_C_Q)
                                                      0.080     0.110 r  u_mul/w1_s0_reg[7]/Q
                         net (fo=1, routed)           0.187     0.297    u_mul/w1_s0[7]
    SLICE_X56Y17         LUT1 (Prop_D6LUT_SLICEM_I0_O)
                                                      0.122     0.419 f  u_mul/u_dsp_i_1/O
                         net (fo=1, routed)           0.306     0.725    u_mul/u_dsp/A[23]
    DSP48E2_X4Y6         DSP_A_B_DATA (Prop_DSP_A_B_DATA_DSP48E2_A[23]_A2_DATA[23])
                                                      0.192     0.917 r  u_mul/u_dsp/DSP_A_B_DATA_INST/A2_DATA[23]
                         net (fo=1, routed)           0.000     0.917    u_mul/u_dsp/DSP_A_B_DATA.A2_DATA<23>
    DSP48E2_X4Y6         DSP_PREADD_DATA (Prop_DSP_PREADD_DATA_DSP48E2_A2_DATA[23]_A2A1[23])
                                                      0.076     0.993 r  u_mul/u_dsp/DSP_PREADD_DATA_INST/A2A1[23]
                         net (fo=1, routed)           0.000     0.993    u_mul/u_dsp/DSP_PREADD_DATA.A2A1<23>
    DSP48E2_X4Y6         DSP_MULTIPLIER (Prop_DSP_MULTIPLIER_DSP48E2_A2A1[23]_V[26])
                                                      0.507     1.500 r  u_mul/u_dsp/DSP_MULTIPLIER_INST/V[26]
                         net (fo=1, routed)           0.000     1.500    u_mul/u_dsp/DSP_MULTIPLIER.V<26>
    DSP48E2_X4Y6         DSP_M_DATA                                   r  u_mul/u_dsp/DSP_M_DATA_INST/V[26]
  -------------------------------------------------------------------    -------------------

                         (clock clk rise edge)        3.298     3.298 r  
                                                      0.000     3.298 r  clk (IN)
                         net (fo=225, unset)          0.043     3.341    u_mul/u_dsp/CLK
    DSP48E2_X4Y6         DSP_M_DATA                                   r  u_mul/u_dsp/DSP_M_DATA_INST/CLK
                         clock pessimism              0.000     3.341    
                         clock uncertainty           -0.035     3.306    
    DSP48E2_X4Y6         DSP_M_DATA (Setup_DSP_M_DATA_DSP48E2_CLK_V[26])
                                                      0.014     3.320    u_mul/u_dsp/DSP_M_DATA_INST
  -------------------------------------------------------------------
                         required time                          3.320    
                         arrival time                          -1.500    
  -------------------------------------------------------------------
                         slack                                  1.820    

Slack (MET) :             1.820ns  (required time - arrival time)
  Source:                 u_mul/w1_s0_reg[7]/C
                            (rising edge-triggered cell FDRE clocked by clk  {rise@0.000ns fall@1.649ns period=3.298ns})
  Destination:            u_mul/u_dsp/DSP_M_DATA_INST/V[27]
                            (rising edge-triggered cell DSP_M_DATA clocked by clk  {rise@0.000ns fall@1.649ns period=3.298ns})
  Path Group:             clk
  Path Type:              Setup (Max at Slow Process Corner)
  Requirement:            3.298ns  (clk rise@3.298ns - clk rise@0.000ns)
  Data Path Delay:        1.470ns  (logic 0.977ns (66.463%)  route 0.493ns (33.537%))
  Logic Levels:           4  (DSP_A_B_DATA=1 DSP_MULTIPLIER=1 DSP_PREADD_DATA=1 LUT1=1)
  Clock Path Skew:        0.013ns (DCD - SCD + CPR)
    Destination Clock Delay (DCD):    0.043ns = ( 3.341 - 3.298 ) 
    Source Clock Delay      (SCD):    0.030ns
    Clock Pessimism Removal (CPR):    0.000ns
  Clock Uncertainty:      0.035ns  ((TSJ^2 + TIJ^2)^1/2 + DJ) / 2 + PE
    Total System Jitter     (TSJ):    0.071ns
    Total Input Jitter      (TIJ):    0.000ns
    Discrete Jitter          (DJ):    0.000ns
    Phase Error              (PE):    0.000ns

    Location             Delay type                Incr(ns)  Path(ns)    Netlist Resource(s)
  -------------------------------------------------------------------    -------------------
                         (clock clk rise edge)        0.000     0.000 r  
                                                      0.000     0.000 r  clk (IN)
                         net (fo=225, unset)          0.030     0.030    u_mul/clk
    SLICE_X56Y17         FDRE                                         r  u_mul/w1_s0_reg[7]/C
  -------------------------------------------------------------------    -------------------
    SLICE_X56Y17         FDRE (Prop_AFF2_SLICEM_C_Q)
                                                      0.080     0.110 r  u_mul/w1_s0_reg[7]/Q
                         net (fo=1, routed)           0.187     0.297    u_mul/w1_s0[7]
    SLICE_X56Y17         LUT1 (Prop_D6LUT_SLICEM_I0_O)
                                                      0.122     0.419 f  u_mul/u_dsp_i_1/O
                         net (fo=1, routed)           0.306     0.725    u_mul/u_dsp/A[23]
    DSP48E2_X4Y6         DSP_A_B_DATA (Prop_DSP_A_B_DATA_DSP48E2_A[23]_A2_DATA[23])
                                                      0.192     0.917 r  u_mul/u_dsp/DSP_A_B_DATA_INST/A2_DATA[23]
                         net (fo=1, routed)           0.000     0.917    u_mul/u_dsp/DSP_A_B_DATA.A2_DATA<23>
    DSP48E2_X4Y6         DSP_PREADD_DATA (Prop_DSP_PREADD_DATA_DSP48E2_A2_DATA[23]_A2A1[23])
                                                      0.076     0.993 r  u_mul/u_dsp/DSP_PREADD_DATA_INST/A2A1[23]
                         net (fo=1, routed)           0.000     0.993    u_mul/u_dsp/DSP_PREADD_DATA.A2A1<23>
    DSP48E2_X4Y6         DSP_MULTIPLIER (Prop_DSP_MULTIPLIER_DSP48E2_A2A1[23]_V[27])
                                                      0.507     1.500 r  u_mul/u_dsp/DSP_MULTIPLIER_INST/V[27]
                         net (fo=1, routed)           0.000     1.500    u_mul/u_dsp/DSP_MULTIPLIER.V<27>
    DSP48E2_X4Y6         DSP_M_DATA                                   r  u_mul/u_dsp/DSP_M_DATA_INST/V[27]
  -------------------------------------------------------------------    -------------------

                         (clock clk rise edge)        3.298     3.298 r  
                                                      0.000     3.298 r  clk (IN)
                         net (fo=225, unset)          0.043     3.341    u_mul/u_dsp/CLK
    DSP48E2_X4Y6         DSP_M_DATA                                   r  u_mul/u_dsp/DSP_M_DATA_INST/CLK
                         clock pessimism              0.000     3.341    
                         clock uncertainty           -0.035     3.306    
    DSP48E2_X4Y6         DSP_M_DATA (Setup_DSP_M_DATA_DSP48E2_CLK_V[27])
                                                      0.014     3.320    u_mul/u_dsp/DSP_M_DATA_INST
  -------------------------------------------------------------------
                         required time                          3.320    
                         arrival time                          -1.500    
  -------------------------------------------------------------------
                         slack                                  1.820    

Slack (MET) :             1.820ns  (required time - arrival time)
  Source:                 u_mul/w1_s0_reg[7]/C
                            (rising edge-triggered cell FDRE clocked by clk  {rise@0.000ns fall@1.649ns period=3.298ns})
  Destination:            u_mul/u_dsp/DSP_M_DATA_INST/V[28]
                            (rising edge-triggered cell DSP_M_DATA clocked by clk  {rise@0.000ns fall@1.649ns period=3.298ns})
  Path Group:             clk
  Path Type:              Setup (Max at Slow Process Corner)
  Requirement:            3.298ns  (clk rise@3.298ns - clk rise@0.000ns)
  Data Path Delay:        1.470ns  (logic 0.977ns (66.463%)  route 0.493ns (33.537%))
  Logic Levels:           4  (DSP_A_B_DATA=1 DSP_MULTIPLIER=1 DSP_PREADD_DATA=1 LUT1=1)
  Clock Path Skew:        0.013ns (DCD - SCD + CPR)
    Destination Clock Delay (DCD):    0.043ns = ( 3.341 - 3.298 ) 
    Source Clock Delay      (SCD):    0.030ns
    Clock Pessimism Removal (CPR):    0.000ns
  Clock Uncertainty:      0.035ns  ((TSJ^2 + TIJ^2)^1/2 + DJ) / 2 + PE
    Total System Jitter     (TSJ):    0.071ns
    Total Input Jitter      (TIJ):    0.000ns
    Discrete Jitter          (DJ):    0.000ns
    Phase Error              (PE):    0.000ns

    Location             Delay type                Incr(ns)  Path(ns)    Netlist Resource(s)
  -------------------------------------------------------------------    -------------------
                         (clock clk rise edge)        0.000     0.000 r  
                                                      0.000     0.000 r  clk (IN)
                         net (fo=225, unset)          0.030     0.030    u_mul/clk
    SLICE_X56Y17         FDRE                                         r  u_mul/w1_s0_reg[7]/C
  -------------------------------------------------------------------    -------------------
    SLICE_X56Y17         FDRE (Prop_AFF2_SLICEM_C_Q)
                                                      0.080     0.110 r  u_mul/w1_s0_reg[7]/Q
                         net (fo=1, routed)           0.187     0.297    u_mul/w1_s0[7]
    SLICE_X56Y17         LUT1 (Prop_D6LUT_SLICEM_I0_O)
                                                      0.122     0.419 f  u_mul/u_dsp_i_1/O
                         net (fo=1, routed)           0.306     0.725    u_mul/u_dsp/A[23]
    DSP48E2_X4Y6         DSP_A_B_DATA (Prop_DSP_A_B_DATA_DSP48E2_A[23]_A2_DATA[23])
                                                      0.192     0.917 r  u_mul/u_dsp/DSP_A_B_DATA_INST/A2_DATA[23]
                         net (fo=1, routed)           0.000     0.917    u_mul/u_dsp/DSP_A_B_DATA.A2_DATA<23>
    DSP48E2_X4Y6         DSP_PREADD_DATA (Prop_DSP_PREADD_DATA_DSP48E2_A2_DATA[23]_A2A1[23])
                                                      0.076     0.993 r  u_mul/u_dsp/DSP_PREADD_DATA_INST/A2A1[23]
                         net (fo=1, routed)           0.000     0.993    u_mul/u_dsp/DSP_PREADD_DATA.A2A1<23>
    DSP48E2_X4Y6         DSP_MULTIPLIER (Prop_DSP_MULTIPLIER_DSP48E2_A2A1[23]_V[28])
                                                      0.507     1.500 r  u_mul/u_dsp/DSP_MULTIPLIER_INST/V[28]
                         net (fo=1, routed)           0.000     1.500    u_mul/u_dsp/DSP_MULTIPLIER.V<28>
    DSP48E2_X4Y6         DSP_M_DATA                                   r  u_mul/u_dsp/DSP_M_DATA_INST/V[28]
  -------------------------------------------------------------------    -------------------

                         (clock clk rise edge)        3.298     3.298 r  
                                                      0.000     3.298 r  clk (IN)
                         net (fo=225, unset)          0.043     3.341    u_mul/u_dsp/CLK
    DSP48E2_X4Y6         DSP_M_DATA                                   r  u_mul/u_dsp/DSP_M_DATA_INST/CLK
                         clock pessimism              0.000     3.341    
                         clock uncertainty           -0.035     3.306    
    DSP48E2_X4Y6         DSP_M_DATA (Setup_DSP_M_DATA_DSP48E2_CLK_V[28])
                                                      0.014     3.320    u_mul/u_dsp/DSP_M_DATA_INST
  -------------------------------------------------------------------
                         required time                          3.320    
                         arrival time                          -1.500    
  -------------------------------------------------------------------
                         slack                                  1.820    

Slack (MET) :             1.820ns  (required time - arrival time)
  Source:                 u_mul/w1_s0_reg[7]/C
                            (rising edge-triggered cell FDRE clocked by clk  {rise@0.000ns fall@1.649ns period=3.298ns})
  Destination:            u_mul/u_dsp/DSP_M_DATA_INST/V[29]
                            (rising edge-triggered cell DSP_M_DATA clocked by clk  {rise@0.000ns fall@1.649ns period=3.298ns})
  Path Group:             clk
  Path Type:              Setup (Max at Slow Process Corner)
  Requirement:            3.298ns  (clk rise@3.298ns - clk rise@0.000ns)
  Data Path Delay:        1.470ns  (logic 0.977ns (66.463%)  route 0.493ns (33.537%))
  Logic Levels:           4  (DSP_A_B_DATA=1 DSP_MULTIPLIER=1 DSP_PREADD_DATA=1 LUT1=1)
  Clock Path Skew:        0.013ns (DCD - SCD + CPR)
    Destination Clock Delay (DCD):    0.043ns = ( 3.341 - 3.298 ) 
    Source Clock Delay      (SCD):    0.030ns
    Clock Pessimism Removal (CPR):    0.000ns
  Clock Uncertainty:      0.035ns  ((TSJ^2 + TIJ^2)^1/2 + DJ) / 2 + PE
    Total System Jitter     (TSJ):    0.071ns
    Total Input Jitter      (TIJ):    0.000ns
    Discrete Jitter          (DJ):    0.000ns
    Phase Error              (PE):    0.000ns

    Location             Delay type                Incr(ns)  Path(ns)    Netlist Resource(s)
  -------------------------------------------------------------------    -------------------
                         (clock clk rise edge)        0.000     0.000 r  
                                                      0.000     0.000 r  clk (IN)
                         net (fo=225, unset)          0.030     0.030    u_mul/clk
    SLICE_X56Y17         FDRE                                         r  u_mul/w1_s0_reg[7]/C
  -------------------------------------------------------------------    -------------------
    SLICE_X56Y17         FDRE (Prop_AFF2_SLICEM_C_Q)
                                                      0.080     0.110 r  u_mul/w1_s0_reg[7]/Q
                         net (fo=1, routed)           0.187     0.297    u_mul/w1_s0[7]
    SLICE_X56Y17         LUT1 (Prop_D6LUT_SLICEM_I0_O)
                                                      0.122     0.419 f  u_mul/u_dsp_i_1/O
                         net (fo=1, routed)           0.306     0.725    u_mul/u_dsp/A[23]
    DSP48E2_X4Y6         DSP_A_B_DATA (Prop_DSP_A_B_DATA_DSP48E2_A[23]_A2_DATA[23])
                                                      0.192     0.917 r  u_mul/u_dsp/DSP_A_B_DATA_INST/A2_DATA[23]
                         net (fo=1, routed)           0.000     0.917    u_mul/u_dsp/DSP_A_B_DATA.A2_DATA<23>
    DSP48E2_X4Y6         DSP_PREADD_DATA (Prop_DSP_PREADD_DATA_DSP48E2_A2_DATA[23]_A2A1[23])
                                                      0.076     0.993 r  u_mul/u_dsp/DSP_PREADD_DATA_INST/A2A1[23]
                         net (fo=1, routed)           0.000     0.993    u_mul/u_dsp/DSP_PREADD_DATA.A2A1<23>
    DSP48E2_X4Y6         DSP_MULTIPLIER (Prop_DSP_MULTIPLIER_DSP48E2_A2A1[23]_V[29])
                                                      0.507     1.500 r  u_mul/u_dsp/DSP_MULTIPLIER_INST/V[29]
                         net (fo=1, routed)           0.000     1.500    u_mul/u_dsp/DSP_MULTIPLIER.V<29>
    DSP48E2_X4Y6         DSP_M_DATA                                   r  u_mul/u_dsp/DSP_M_DATA_INST/V[29]
  -------------------------------------------------------------------    -------------------

                         (clock clk rise edge)        3.298     3.298 r  
                                                      0.000     3.298 r  clk (IN)
                         net (fo=225, unset)          0.043     3.341    u_mul/u_dsp/CLK
    DSP48E2_X4Y6         DSP_M_DATA                                   r  u_mul/u_dsp/DSP_M_DATA_INST/CLK
                         clock pessimism              0.000     3.341    
                         clock uncertainty           -0.035     3.306    
    DSP48E2_X4Y6         DSP_M_DATA (Setup_DSP_M_DATA_DSP48E2_CLK_V[29])
                                                      0.014     3.320    u_mul/u_dsp/DSP_M_DATA_INST
  -------------------------------------------------------------------
                         required time                          3.320    
                         arrival time                          -1.500    
  -------------------------------------------------------------------
                         slack                                  1.820    

Slack (MET) :             1.820ns  (required time - arrival time)
  Source:                 u_mul/w1_s0_reg[7]/C
                            (rising edge-triggered cell FDRE clocked by clk  {rise@0.000ns fall@1.649ns period=3.298ns})
  Destination:            u_mul/u_dsp/DSP_M_DATA_INST/V[30]
                            (rising edge-triggered cell DSP_M_DATA clocked by clk  {rise@0.000ns fall@1.649ns period=3.298ns})
  Path Group:             clk
  Path Type:              Setup (Max at Slow Process Corner)
  Requirement:            3.298ns  (clk rise@3.298ns - clk rise@0.000ns)
  Data Path Delay:        1.470ns  (logic 0.977ns (66.463%)  route 0.493ns (33.537%))
  Logic Levels:           4  (DSP_A_B_DATA=1 DSP_MULTIPLIER=1 DSP_PREADD_DATA=1 LUT1=1)
  Clock Path Skew:        0.013ns (DCD - SCD + CPR)
    Destination Clock Delay (DCD):    0.043ns = ( 3.341 - 3.298 ) 
    Source Clock Delay      (SCD):    0.030ns
    Clock Pessimism Removal (CPR):    0.000ns
  Clock Uncertainty:      0.035ns  ((TSJ^2 + TIJ^2)^1/2 + DJ) / 2 + PE
    Total System Jitter     (TSJ):    0.071ns
    Total Input Jitter      (TIJ):    0.000ns
    Discrete Jitter          (DJ):    0.000ns
    Phase Error              (PE):    0.000ns

    Location             Delay type                Incr(ns)  Path(ns)    Netlist Resource(s)
  -------------------------------------------------------------------    -------------------
                         (clock clk rise edge)        0.000     0.000 r  
                                                      0.000     0.000 r  clk (IN)
                         net (fo=225, unset)          0.030     0.030    u_mul/clk
    SLICE_X56Y17         FDRE                                         r  u_mul/w1_s0_reg[7]/C
  -------------------------------------------------------------------    -------------------
    SLICE_X56Y17         FDRE (Prop_AFF2_SLICEM_C_Q)
                                                      0.080     0.110 r  u_mul/w1_s0_reg[7]/Q
                         net (fo=1, routed)           0.187     0.297    u_mul/w1_s0[7]
    SLICE_X56Y17         LUT1 (Prop_D6LUT_SLICEM_I0_O)
                                                      0.122     0.419 f  u_mul/u_dsp_i_1/O
                         net (fo=1, routed)           0.306     0.725    u_mul/u_dsp/A[23]
    DSP48E2_X4Y6         DSP_A_B_DATA (Prop_DSP_A_B_DATA_DSP48E2_A[23]_A2_DATA[23])
                                                      0.192     0.917 r  u_mul/u_dsp/DSP_A_B_DATA_INST/A2_DATA[23]
                         net (fo=1, routed)           0.000     0.917    u_mul/u_dsp/DSP_A_B_DATA.A2_DATA<23>
    DSP48E2_X4Y6         DSP_PREADD_DATA (Prop_DSP_PREADD_DATA_DSP48E2_A2_DATA[23]_A2A1[23])
                                                      0.076     0.993 r  u_mul/u_dsp/DSP_PREADD_DATA_INST/A2A1[23]
                         net (fo=1, routed)           0.000     0.993    u_mul/u_dsp/DSP_PREADD_DATA.A2A1<23>
    DSP48E2_X4Y6         DSP_MULTIPLIER (Prop_DSP_MULTIPLIER_DSP48E2_A2A1[23]_V[30])
                                                      0.507     1.500 r  u_mul/u_dsp/DSP_MULTIPLIER_INST/V[30]
                         net (fo=1, routed)           0.000     1.500    u_mul/u_dsp/DSP_MULTIPLIER.V<30>
    DSP48E2_X4Y6         DSP_M_DATA                                   r  u_mul/u_dsp/DSP_M_DATA_INST/V[30]
  -------------------------------------------------------------------    -------------------

                         (clock clk rise edge)        3.298     3.298 r  
                                                      0.000     3.298 r  clk (IN)
                         net (fo=225, unset)          0.043     3.341    u_mul/u_dsp/CLK
    DSP48E2_X4Y6         DSP_M_DATA                                   r  u_mul/u_dsp/DSP_M_DATA_INST/CLK
                         clock pessimism              0.000     3.341    
                         clock uncertainty           -0.035     3.306    
    DSP48E2_X4Y6         DSP_M_DATA (Setup_DSP_M_DATA_DSP48E2_CLK_V[30])
                                                      0.014     3.320    u_mul/u_dsp/DSP_M_DATA_INST
  -------------------------------------------------------------------
                         required time                          3.320    
                         arrival time                          -1.500    
  -------------------------------------------------------------------
                         slack                                  1.820    

Slack (MET) :             1.820ns  (required time - arrival time)
  Source:                 u_mul/w1_s0_reg[7]/C
                            (rising edge-triggered cell FDRE clocked by clk  {rise@0.000ns fall@1.649ns period=3.298ns})
  Destination:            u_mul/u_dsp/DSP_M_DATA_INST/V[31]
                            (rising edge-triggered cell DSP_M_DATA clocked by clk  {rise@0.000ns fall@1.649ns period=3.298ns})
  Path Group:             clk
  Path Type:              Setup (Max at Slow Process Corner)
  Requirement:            3.298ns  (clk rise@3.298ns - clk rise@0.000ns)
  Data Path Delay:        1.470ns  (logic 0.977ns (66.463%)  route 0.493ns (33.537%))
  Logic Levels:           4  (DSP_A_B_DATA=1 DSP_MULTIPLIER=1 DSP_PREADD_DATA=1 LUT1=1)
  Clock Path Skew:        0.013ns (DCD - SCD + CPR)
    Destination Clock Delay (DCD):    0.043ns = ( 3.341 - 3.298 ) 
    Source Clock Delay      (SCD):    0.030ns
    Clock Pessimism Removal (CPR):    0.000ns
  Clock Uncertainty:      0.035ns  ((TSJ^2 + TIJ^2)^1/2 + DJ) / 2 + PE
    Total System Jitter     (TSJ):    0.071ns
    Total Input Jitter      (TIJ):    0.000ns
    Discrete Jitter          (DJ):    0.000ns
    Phase Error              (PE):    0.000ns

    Location             Delay type                Incr(ns)  Path(ns)    Netlist Resource(s)
  -------------------------------------------------------------------    -------------------
                         (clock clk rise edge)        0.000     0.000 r  
                                                      0.000     0.000 r  clk (IN)
                         net (fo=225, unset)          0.030     0.030    u_mul/clk
    SLICE_X56Y17         FDRE                                         r  u_mul/w1_s0_reg[7]/C
  -------------------------------------------------------------------    -------------------
    SLICE_X56Y17         FDRE (Prop_AFF2_SLICEM_C_Q)
                                                      0.080     0.110 r  u_mul/w1_s0_reg[7]/Q
                         net (fo=1, routed)           0.187     0.297    u_mul/w1_s0[7]
    SLICE_X56Y17         LUT1 (Prop_D6LUT_SLICEM_I0_O)
                                                      0.122     0.419 f  u_mul/u_dsp_i_1/O
                         net (fo=1, routed)           0.306     0.725    u_mul/u_dsp/A[23]
    DSP48E2_X4Y6         DSP_A_B_DATA (Prop_DSP_A_B_DATA_DSP48E2_A[23]_A2_DATA[23])
                                                      0.192     0.917 r  u_mul/u_dsp/DSP_A_B_DATA_INST/A2_DATA[23]
                         net (fo=1, routed)           0.000     0.917    u_mul/u_dsp/DSP_A_B_DATA.A2_DATA<23>
    DSP48E2_X4Y6         DSP_PREADD_DATA (Prop_DSP_PREADD_DATA_DSP48E2_A2_DATA[23]_A2A1[23])
                                                      0.076     0.993 r  u_mul/u_dsp/DSP_PREADD_DATA_INST/A2A1[23]
                         net (fo=1, routed)           0.000     0.993    u_mul/u_dsp/DSP_PREADD_DATA.A2A1<23>
    DSP48E2_X4Y6         DSP_MULTIPLIER (Prop_DSP_MULTIPLIER_DSP48E2_A2A1[23]_V[31])
                                                      0.507     1.500 r  u_mul/u_dsp/DSP_MULTIPLIER_INST/V[31]
                         net (fo=1, routed)           0.000     1.500    u_mul/u_dsp/DSP_MULTIPLIER.V<31>
    DSP48E2_X4Y6         DSP_M_DATA                                   r  u_mul/u_dsp/DSP_M_DATA_INST/V[31]
  -------------------------------------------------------------------    -------------------

                         (clock clk rise edge)        3.298     3.298 r  
                                                      0.000     3.298 r  clk (IN)
                         net (fo=225, unset)          0.043     3.341    u_mul/u_dsp/CLK
    DSP48E2_X4Y6         DSP_M_DATA                                   r  u_mul/u_dsp/DSP_M_DATA_INST/CLK
                         clock pessimism              0.000     3.341    
                         clock uncertainty           -0.035     3.306    
    DSP48E2_X4Y6         DSP_M_DATA (Setup_DSP_M_DATA_DSP48E2_CLK_V[31])
                                                      0.014     3.320    u_mul/u_dsp/DSP_M_DATA_INST
  -------------------------------------------------------------------
                         required time                          3.320    
                         arrival time                          -1.500    
  -------------------------------------------------------------------
                         slack                                  1.820    

Slack (MET) :             1.820ns  (required time - arrival time)
  Source:                 u_mul/w1_s0_reg[7]/C
                            (rising edge-triggered cell FDRE clocked by clk  {rise@0.000ns fall@1.649ns period=3.298ns})
  Destination:            u_mul/u_dsp/DSP_M_DATA_INST/V[32]
                            (rising edge-triggered cell DSP_M_DATA clocked by clk  {rise@0.000ns fall@1.649ns period=3.298ns})
  Path Group:             clk
  Path Type:              Setup (Max at Slow Process Corner)
  Requirement:            3.298ns  (clk rise@3.298ns - clk rise@0.000ns)
  Data Path Delay:        1.470ns  (logic 0.977ns (66.463%)  route 0.493ns (33.537%))
  Logic Levels:           4  (DSP_A_B_DATA=1 DSP_MULTIPLIER=1 DSP_PREADD_DATA=1 LUT1=1)
  Clock Path Skew:        0.013ns (DCD - SCD + CPR)
    Destination Clock Delay (DCD):    0.043ns = ( 3.341 - 3.298 ) 
    Source Clock Delay      (SCD):    0.030ns
    Clock Pessimism Removal (CPR):    0.000ns
  Clock Uncertainty:      0.035ns  ((TSJ^2 + TIJ^2)^1/2 + DJ) / 2 + PE
    Total System Jitter     (TSJ):    0.071ns
    Total Input Jitter      (TIJ):    0.000ns
    Discrete Jitter          (DJ):    0.000ns
    Phase Error              (PE):    0.000ns

    Location             Delay type                Incr(ns)  Path(ns)    Netlist Resource(s)
  -------------------------------------------------------------------    -------------------
                         (clock clk rise edge)        0.000     0.000 r  
                                                      0.000     0.000 r  clk (IN)
                         net (fo=225, unset)          0.030     0.030    u_mul/clk
    SLICE_X56Y17         FDRE                                         r  u_mul/w1_s0_reg[7]/C
  -------------------------------------------------------------------    -------------------
    SLICE_X56Y17         FDRE (Prop_AFF2_SLICEM_C_Q)
                                                      0.080     0.110 r  u_mul/w1_s0_reg[7]/Q
                         net (fo=1, routed)           0.187     0.297    u_mul/w1_s0[7]
    SLICE_X56Y17         LUT1 (Prop_D6LUT_SLICEM_I0_O)
                                                      0.122     0.419 f  u_mul/u_dsp_i_1/O
                         net (fo=1, routed)           0.306     0.725    u_mul/u_dsp/A[23]
    DSP48E2_X4Y6         DSP_A_B_DATA (Prop_DSP_A_B_DATA_DSP48E2_A[23]_A2_DATA[23])
                                                      0.192     0.917 r  u_mul/u_dsp/DSP_A_B_DATA_INST/A2_DATA[23]
                         net (fo=1, routed)           0.000     0.917    u_mul/u_dsp/DSP_A_B_DATA.A2_DATA<23>
    DSP48E2_X4Y6         DSP_PREADD_DATA (Prop_DSP_PREADD_DATA_DSP48E2_A2_DATA[23]_A2A1[23])
                                                      0.076     0.993 r  u_mul/u_dsp/DSP_PREADD_DATA_INST/A2A1[23]
                         net (fo=1, routed)           0.000     0.993    u_mul/u_dsp/DSP_PREADD_DATA.A2A1<23>
    DSP48E2_X4Y6         DSP_MULTIPLIER (Prop_DSP_MULTIPLIER_DSP48E2_A2A1[23]_V[32])
                                                      0.507     1.500 r  u_mul/u_dsp/DSP_MULTIPLIER_INST/V[32]
                         net (fo=1, routed)           0.000     1.500    u_mul/u_dsp/DSP_MULTIPLIER.V<32>
    DSP48E2_X4Y6         DSP_M_DATA                                   r  u_mul/u_dsp/DSP_M_DATA_INST/V[32]
  -------------------------------------------------------------------    -------------------

                         (clock clk rise edge)        3.298     3.298 r  
                                                      0.000     3.298 r  clk (IN)
                         net (fo=225, unset)          0.043     3.341    u_mul/u_dsp/CLK
    DSP48E2_X4Y6         DSP_M_DATA                                   r  u_mul/u_dsp/DSP_M_DATA_INST/CLK
                         clock pessimism              0.000     3.341    
                         clock uncertainty           -0.035     3.306    
    DSP48E2_X4Y6         DSP_M_DATA (Setup_DSP_M_DATA_DSP48E2_CLK_V[32])
                                                      0.014     3.320    u_mul/u_dsp/DSP_M_DATA_INST
  -------------------------------------------------------------------
                         required time                          3.320    
                         arrival time                          -1.500    
  -------------------------------------------------------------------
                         slack                                  1.820    

Slack (MET) :             1.820ns  (required time - arrival time)
  Source:                 u_mul/w1_s0_reg[7]/C
                            (rising edge-triggered cell FDRE clocked by clk  {rise@0.000ns fall@1.649ns period=3.298ns})
  Destination:            u_mul/u_dsp/DSP_M_DATA_INST/V[33]
                            (rising edge-triggered cell DSP_M_DATA clocked by clk  {rise@0.000ns fall@1.649ns period=3.298ns})
  Path Group:             clk
  Path Type:              Setup (Max at Slow Process Corner)
  Requirement:            3.298ns  (clk rise@3.298ns - clk rise@0.000ns)
  Data Path Delay:        1.470ns  (logic 0.977ns (66.463%)  route 0.493ns (33.537%))
  Logic Levels:           4  (DSP_A_B_DATA=1 DSP_MULTIPLIER=1 DSP_PREADD_DATA=1 LUT1=1)
  Clock Path Skew:        0.013ns (DCD - SCD + CPR)
    Destination Clock Delay (DCD):    0.043ns = ( 3.341 - 3.298 ) 
    Source Clock Delay      (SCD):    0.030ns
    Clock Pessimism Removal (CPR):    0.000ns
  Clock Uncertainty:      0.035ns  ((TSJ^2 + TIJ^2)^1/2 + DJ) / 2 + PE
    Total System Jitter     (TSJ):    0.071ns
    Total Input Jitter      (TIJ):    0.000ns
    Discrete Jitter          (DJ):    0.000ns
    Phase Error              (PE):    0.000ns

    Location             Delay type                Incr(ns)  Path(ns)    Netlist Resource(s)
  -------------------------------------------------------------------    -------------------
                         (clock clk rise edge)        0.000     0.000 r  
                                                      0.000     0.000 r  clk (IN)
                         net (fo=225, unset)          0.030     0.030    u_mul/clk
    SLICE_X56Y17         FDRE                                         r  u_mul/w1_s0_reg[7]/C
  -------------------------------------------------------------------    -------------------
    SLICE_X56Y17         FDRE (Prop_AFF2_SLICEM_C_Q)
                                                      0.080     0.110 r  u_mul/w1_s0_reg[7]/Q
                         net (fo=1, routed)           0.187     0.297    u_mul/w1_s0[7]
    SLICE_X56Y17         LUT1 (Prop_D6LUT_SLICEM_I0_O)
                                                      0.122     0.419 f  u_mul/u_dsp_i_1/O
                         net (fo=1, routed)           0.306     0.725    u_mul/u_dsp/A[23]
    DSP48E2_X4Y6         DSP_A_B_DATA (Prop_DSP_A_B_DATA_DSP48E2_A[23]_A2_DATA[23])
                                                      0.192     0.917 r  u_mul/u_dsp/DSP_A_B_DATA_INST/A2_DATA[23]
                         net (fo=1, routed)           0.000     0.917    u_mul/u_dsp/DSP_A_B_DATA.A2_DATA<23>
    DSP48E2_X4Y6         DSP_PREADD_DATA (Prop_DSP_PREADD_DATA_DSP48E2_A2_DATA[23]_A2A1[23])
                                                      0.076     0.993 r  u_mul/u_dsp/DSP_PREADD_DATA_INST/A2A1[23]
                         net (fo=1, routed)           0.000     0.993    u_mul/u_dsp/DSP_PREADD_DATA.A2A1<23>
    DSP48E2_X4Y6         DSP_MULTIPLIER (Prop_DSP_MULTIPLIER_DSP48E2_A2A1[23]_V[33])
                                                      0.507     1.500 r  u_mul/u_dsp/DSP_MULTIPLIER_INST/V[33]
                         net (fo=1, routed)           0.000     1.500    u_mul/u_dsp/DSP_MULTIPLIER.V<33>
    DSP48E2_X4Y6         DSP_M_DATA                                   r  u_mul/u_dsp/DSP_M_DATA_INST/V[33]
  -------------------------------------------------------------------    -------------------

                         (clock clk rise edge)        3.298     3.298 r  
                                                      0.000     3.298 r  clk (IN)
                         net (fo=225, unset)          0.043     3.341    u_mul/u_dsp/CLK
    DSP48E2_X4Y6         DSP_M_DATA                                   r  u_mul/u_dsp/DSP_M_DATA_INST/CLK
                         clock pessimism              0.000     3.341    
                         clock uncertainty           -0.035     3.306    
    DSP48E2_X4Y6         DSP_M_DATA (Setup_DSP_M_DATA_DSP48E2_CLK_V[33])
                                                      0.014     3.320    u_mul/u_dsp/DSP_M_DATA_INST
  -------------------------------------------------------------------
                         required time                          3.320    
                         arrival time                          -1.500    
  -------------------------------------------------------------------
                         slack                                  1.820    

Slack (MET) :             1.820ns  (required time - arrival time)
  Source:                 u_mul/w1_s0_reg[7]/C
                            (rising edge-triggered cell FDRE clocked by clk  {rise@0.000ns fall@1.649ns period=3.298ns})
  Destination:            u_mul/u_dsp/DSP_M_DATA_INST/V[34]
                            (rising edge-triggered cell DSP_M_DATA clocked by clk  {rise@0.000ns fall@1.649ns period=3.298ns})
  Path Group:             clk
  Path Type:              Setup (Max at Slow Process Corner)
  Requirement:            3.298ns  (clk rise@3.298ns - clk rise@0.000ns)
  Data Path Delay:        1.470ns  (logic 0.977ns (66.463%)  route 0.493ns (33.537%))
  Logic Levels:           4  (DSP_A_B_DATA=1 DSP_MULTIPLIER=1 DSP_PREADD_DATA=1 LUT1=1)
  Clock Path Skew:        0.013ns (DCD - SCD + CPR)
    Destination Clock Delay (DCD):    0.043ns = ( 3.341 - 3.298 ) 
    Source Clock Delay      (SCD):    0.030ns
    Clock Pessimism Removal (CPR):    0.000ns
  Clock Uncertainty:      0.035ns  ((TSJ^2 + TIJ^2)^1/2 + DJ) / 2 + PE
    Total System Jitter     (TSJ):    0.071ns
    Total Input Jitter      (TIJ):    0.000ns
    Discrete Jitter          (DJ):    0.000ns
    Phase Error              (PE):    0.000ns

    Location             Delay type                Incr(ns)  Path(ns)    Netlist Resource(s)
  -------------------------------------------------------------------    -------------------
                         (clock clk rise edge)        0.000     0.000 r  
                                                      0.000     0.000 r  clk (IN)
                         net (fo=225, unset)          0.030     0.030    u_mul/clk
    SLICE_X56Y17         FDRE                                         r  u_mul/w1_s0_reg[7]/C
  -------------------------------------------------------------------    -------------------
    SLICE_X56Y17         FDRE (Prop_AFF2_SLICEM_C_Q)
                                                      0.080     0.110 r  u_mul/w1_s0_reg[7]/Q
                         net (fo=1, routed)           0.187     0.297    u_mul/w1_s0[7]
    SLICE_X56Y17         LUT1 (Prop_D6LUT_SLICEM_I0_O)
                                                      0.122     0.419 f  u_mul/u_dsp_i_1/O
                         net (fo=1, routed)           0.306     0.725    u_mul/u_dsp/A[23]
    DSP48E2_X4Y6         DSP_A_B_DATA (Prop_DSP_A_B_DATA_DSP48E2_A[23]_A2_DATA[23])
                                                      0.192     0.917 r  u_mul/u_dsp/DSP_A_B_DATA_INST/A2_DATA[23]
                         net (fo=1, routed)           0.000     0.917    u_mul/u_dsp/DSP_A_B_DATA.A2_DATA<23>
    DSP48E2_X4Y6         DSP_PREADD_DATA (Prop_DSP_PREADD_DATA_DSP48E2_A2_DATA[23]_A2A1[23])
                                                      0.076     0.993 r  u_mul/u_dsp/DSP_PREADD_DATA_INST/A2A1[23]
                         net (fo=1, routed)           0.000     0.993    u_mul/u_dsp/DSP_PREADD_DATA.A2A1<23>
    DSP48E2_X4Y6         DSP_MULTIPLIER (Prop_DSP_MULTIPLIER_DSP48E2_A2A1[23]_V[34])
                                                      0.507     1.500 r  u_mul/u_dsp/DSP_MULTIPLIER_INST/V[34]
                         net (fo=1, routed)           0.000     1.500    u_mul/u_dsp/DSP_MULTIPLIER.V<34>
    DSP48E2_X4Y6         DSP_M_DATA                                   r  u_mul/u_dsp/DSP_M_DATA_INST/V[34]
  -------------------------------------------------------------------    -------------------

                         (clock clk rise edge)        3.298     3.298 r  
                                                      0.000     3.298 r  clk (IN)
                         net (fo=225, unset)          0.043     3.341    u_mul/u_dsp/CLK
    DSP48E2_X4Y6         DSP_M_DATA                                   r  u_mul/u_dsp/DSP_M_DATA_INST/CLK
                         clock pessimism              0.000     3.341    
                         clock uncertainty           -0.035     3.306    
    DSP48E2_X4Y6         DSP_M_DATA (Setup_DSP_M_DATA_DSP48E2_CLK_V[34])
                                                      0.014     3.320    u_mul/u_dsp/DSP_M_DATA_INST
  -------------------------------------------------------------------
                         required time                          3.320    
                         arrival time                          -1.500    
  -------------------------------------------------------------------
                         slack                                  1.820    

Slack (MET) :             1.820ns  (required time - arrival time)
  Source:                 u_mul/w1_s0_reg[7]/C
                            (rising edge-triggered cell FDRE clocked by clk  {rise@0.000ns fall@1.649ns period=3.298ns})
  Destination:            u_mul/u_dsp/DSP_M_DATA_INST/V[35]
                            (rising edge-triggered cell DSP_M_DATA clocked by clk  {rise@0.000ns fall@1.649ns period=3.298ns})
  Path Group:             clk
  Path Type:              Setup (Max at Slow Process Corner)
  Requirement:            3.298ns  (clk rise@3.298ns - clk rise@0.000ns)
  Data Path Delay:        1.470ns  (logic 0.977ns (66.463%)  route 0.493ns (33.537%))
  Logic Levels:           4  (DSP_A_B_DATA=1 DSP_MULTIPLIER=1 DSP_PREADD_DATA=1 LUT1=1)
  Clock Path Skew:        0.013ns (DCD - SCD + CPR)
    Destination Clock Delay (DCD):    0.043ns = ( 3.341 - 3.298 ) 
    Source Clock Delay      (SCD):    0.030ns
    Clock Pessimism Removal (CPR):    0.000ns
  Clock Uncertainty:      0.035ns  ((TSJ^2 + TIJ^2)^1/2 + DJ) / 2 + PE
    Total System Jitter     (TSJ):    0.071ns
    Total Input Jitter      (TIJ):    0.000ns
    Discrete Jitter          (DJ):    0.000ns
    Phase Error              (PE):    0.000ns

    Location             Delay type                Incr(ns)  Path(ns)    Netlist Resource(s)
  -------------------------------------------------------------------    -------------------
                         (clock clk rise edge)        0.000     0.000 r  
                                                      0.000     0.000 r  clk (IN)
                         net (fo=225, unset)          0.030     0.030    u_mul/clk
    SLICE_X56Y17         FDRE                                         r  u_mul/w1_s0_reg[7]/C
  -------------------------------------------------------------------    -------------------
    SLICE_X56Y17         FDRE (Prop_AFF2_SLICEM_C_Q)
                                                      0.080     0.110 r  u_mul/w1_s0_reg[7]/Q
                         net (fo=1, routed)           0.187     0.297    u_mul/w1_s0[7]
    SLICE_X56Y17         LUT1 (Prop_D6LUT_SLICEM_I0_O)
                                                      0.122     0.419 f  u_mul/u_dsp_i_1/O
                         net (fo=1, routed)           0.306     0.725    u_mul/u_dsp/A[23]
    DSP48E2_X4Y6         DSP_A_B_DATA (Prop_DSP_A_B_DATA_DSP48E2_A[23]_A2_DATA[23])
                                                      0.192     0.917 r  u_mul/u_dsp/DSP_A_B_DATA_INST/A2_DATA[23]
                         net (fo=1, routed)           0.000     0.917    u_mul/u_dsp/DSP_A_B_DATA.A2_DATA<23>
    DSP48E2_X4Y6         DSP_PREADD_DATA (Prop_DSP_PREADD_DATA_DSP48E2_A2_DATA[23]_A2A1[23])
                                                      0.076     0.993 r  u_mul/u_dsp/DSP_PREADD_DATA_INST/A2A1[23]
                         net (fo=1, routed)           0.000     0.993    u_mul/u_dsp/DSP_PREADD_DATA.A2A1<23>
    DSP48E2_X4Y6         DSP_MULTIPLIER (Prop_DSP_MULTIPLIER_DSP48E2_A2A1[23]_V[35])
                                                      0.507     1.500 r  u_mul/u_dsp/DSP_MULTIPLIER_INST/V[35]
                         net (fo=1, routed)           0.000     1.500    u_mul/u_dsp/DSP_MULTIPLIER.V<35>
    DSP48E2_X4Y6         DSP_M_DATA                                   r  u_mul/u_dsp/DSP_M_DATA_INST/V[35]
  -------------------------------------------------------------------    -------------------

                         (clock clk rise edge)        3.298     3.298 r  
                                                      0.000     3.298 r  clk (IN)
                         net (fo=225, unset)          0.043     3.341    u_mul/u_dsp/CLK
    DSP48E2_X4Y6         DSP_M_DATA                                   r  u_mul/u_dsp/DSP_M_DATA_INST/CLK
                         clock pessimism              0.000     3.341    
                         clock uncertainty           -0.035     3.306    
    DSP48E2_X4Y6         DSP_M_DATA (Setup_DSP_M_DATA_DSP48E2_CLK_V[35])
                                                      0.014     3.320    u_mul/u_dsp/DSP_M_DATA_INST
  -------------------------------------------------------------------
                         required time                          3.320    
                         arrival time                          -1.500    
  -------------------------------------------------------------------
                         slack                                  1.820    

Slack (MET) :             1.820ns  (required time - arrival time)
  Source:                 u_mul/w1_s0_reg[7]/C
                            (rising edge-triggered cell FDRE clocked by clk  {rise@0.000ns fall@1.649ns period=3.298ns})
  Destination:            u_mul/u_dsp/DSP_M_DATA_INST/V[36]
                            (rising edge-triggered cell DSP_M_DATA clocked by clk  {rise@0.000ns fall@1.649ns period=3.298ns})
  Path Group:             clk
  Path Type:              Setup (Max at Slow Process Corner)
  Requirement:            3.298ns  (clk rise@3.298ns - clk rise@0.000ns)
  Data Path Delay:        1.470ns  (logic 0.977ns (66.463%)  route 0.493ns (33.537%))
  Logic Levels:           4  (DSP_A_B_DATA=1 DSP_MULTIPLIER=1 DSP_PREADD_DATA=1 LUT1=1)
  Clock Path Skew:        0.013ns (DCD - SCD + CPR)
    Destination Clock Delay (DCD):    0.043ns = ( 3.341 - 3.298 ) 
    Source Clock Delay      (SCD):    0.030ns
    Clock Pessimism Removal (CPR):    0.000ns
  Clock Uncertainty:      0.035ns  ((TSJ^2 + TIJ^2)^1/2 + DJ) / 2 + PE
    Total System Jitter     (TSJ):    0.071ns
    Total Input Jitter      (TIJ):    0.000ns
    Discrete Jitter          (DJ):    0.000ns
    Phase Error              (PE):    0.000ns

    Location             Delay type                Incr(ns)  Path(ns)    Netlist Resource(s)
  -------------------------------------------------------------------    -------------------
                         (clock clk rise edge)        0.000     0.000 r  
                                                      0.000     0.000 r  clk (IN)
                         net (fo=225, unset)          0.030     0.030    u_mul/clk
    SLICE_X56Y17         FDRE                                         r  u_mul/w1_s0_reg[7]/C
  -------------------------------------------------------------------    -------------------
    SLICE_X56Y17         FDRE (Prop_AFF2_SLICEM_C_Q)
                                                      0.080     0.110 r  u_mul/w1_s0_reg[7]/Q
                         net (fo=1, routed)           0.187     0.297    u_mul/w1_s0[7]
    SLICE_X56Y17         LUT1 (Prop_D6LUT_SLICEM_I0_O)
                                                      0.122     0.419 f  u_mul/u_dsp_i_1/O
                         net (fo=1, routed)           0.306     0.725    u_mul/u_dsp/A[23]
    DSP48E2_X4Y6         DSP_A_B_DATA (Prop_DSP_A_B_DATA_DSP48E2_A[23]_A2_DATA[23])
                                                      0.192     0.917 r  u_mul/u_dsp/DSP_A_B_DATA_INST/A2_DATA[23]
                         net (fo=1, routed)           0.000     0.917    u_mul/u_dsp/DSP_A_B_DATA.A2_DATA<23>
    DSP48E2_X4Y6         DSP_PREADD_DATA (Prop_DSP_PREADD_DATA_DSP48E2_A2_DATA[23]_A2A1[23])
                                                      0.076     0.993 r  u_mul/u_dsp/DSP_PREADD_DATA_INST/A2A1[23]
                         net (fo=1, routed)           0.000     0.993    u_mul/u_dsp/DSP_PREADD_DATA.A2A1<23>
    DSP48E2_X4Y6         DSP_MULTIPLIER (Prop_DSP_MULTIPLIER_DSP48E2_A2A1[23]_V[36])
                                                      0.507     1.500 r  u_mul/u_dsp/DSP_MULTIPLIER_INST/V[36]
                         net (fo=1, routed)           0.000     1.500    u_mul/u_dsp/DSP_MULTIPLIER.V<36>
    DSP48E2_X4Y6         DSP_M_DATA                                   r  u_mul/u_dsp/DSP_M_DATA_INST/V[36]
  -------------------------------------------------------------------    -------------------

                         (clock clk rise edge)        3.298     3.298 r  
                                                      0.000     3.298 r  clk (IN)
                         net (fo=225, unset)          0.043     3.341    u_mul/u_dsp/CLK
    DSP48E2_X4Y6         DSP_M_DATA                                   r  u_mul/u_dsp/DSP_M_DATA_INST/CLK
                         clock pessimism              0.000     3.341    
                         clock uncertainty           -0.035     3.306    
    DSP48E2_X4Y6         DSP_M_DATA (Setup_DSP_M_DATA_DSP48E2_CLK_V[36])
                                                      0.014     3.320    u_mul/u_dsp/DSP_M_DATA_INST
  -------------------------------------------------------------------
                         required time                          3.320    
                         arrival time                          -1.500    
  -------------------------------------------------------------------
                         slack                                  1.820    

Slack (MET) :             1.820ns  (required time - arrival time)
  Source:                 u_mul/w1_s0_reg[7]/C
                            (rising edge-triggered cell FDRE clocked by clk  {rise@0.000ns fall@1.649ns period=3.298ns})
  Destination:            u_mul/u_dsp/DSP_M_DATA_INST/V[37]
                            (rising edge-triggered cell DSP_M_DATA clocked by clk  {rise@0.000ns fall@1.649ns period=3.298ns})
  Path Group:             clk
  Path Type:              Setup (Max at Slow Process Corner)
  Requirement:            3.298ns  (clk rise@3.298ns - clk rise@0.000ns)
  Data Path Delay:        1.470ns  (logic 0.977ns (66.463%)  route 0.493ns (33.537%))
  Logic Levels:           4  (DSP_A_B_DATA=1 DSP_MULTIPLIER=1 DSP_PREADD_DATA=1 LUT1=1)
  Clock Path Skew:        0.013ns (DCD - SCD + CPR)
    Destination Clock Delay (DCD):    0.043ns = ( 3.341 - 3.298 ) 
    Source Clock Delay      (SCD):    0.030ns
    Clock Pessimism Removal (CPR):    0.000ns
  Clock Uncertainty:      0.035ns  ((TSJ^2 + TIJ^2)^1/2 + DJ) / 2 + PE
    Total System Jitter     (TSJ):    0.071ns
    Total Input Jitter      (TIJ):    0.000ns
    Discrete Jitter          (DJ):    0.000ns
    Phase Error              (PE):    0.000ns

    Location             Delay type                Incr(ns)  Path(ns)    Netlist Resource(s)
  -------------------------------------------------------------------    -------------------
                         (clock clk rise edge)        0.000     0.000 r  
                                                      0.000     0.000 r  clk (IN)
                         net (fo=225, unset)          0.030     0.030    u_mul/clk
    SLICE_X56Y17         FDRE                                         r  u_mul/w1_s0_reg[7]/C
  -------------------------------------------------------------------    -------------------
    SLICE_X56Y17         FDRE (Prop_AFF2_SLICEM_C_Q)
                                                      0.080     0.110 r  u_mul/w1_s0_reg[7]/Q
                         net (fo=1, routed)           0.187     0.297    u_mul/w1_s0[7]
    SLICE_X56Y17         LUT1 (Prop_D6LUT_SLICEM_I0_O)
                                                      0.122     0.419 f  u_mul/u_dsp_i_1/O
                         net (fo=1, routed)           0.306     0.725    u_mul/u_dsp/A[23]
    DSP48E2_X4Y6         DSP_A_B_DATA (Prop_DSP_A_B_DATA_DSP48E2_A[23]_A2_DATA[23])
                                                      0.192     0.917 r  u_mul/u_dsp/DSP_A_B_DATA_INST/A2_DATA[23]
                         net (fo=1, routed)           0.000     0.917    u_mul/u_dsp/DSP_A_B_DATA.A2_DATA<23>
    DSP48E2_X4Y6         DSP_PREADD_DATA (Prop_DSP_PREADD_DATA_DSP48E2_A2_DATA[23]_A2A1[23])
                                                      0.076     0.993 r  u_mul/u_dsp/DSP_PREADD_DATA_INST/A2A1[23]
                         net (fo=1, routed)           0.000     0.993    u_mul/u_dsp/DSP_PREADD_DATA.A2A1<23>
    DSP48E2_X4Y6         DSP_MULTIPLIER (Prop_DSP_MULTIPLIER_DSP48E2_A2A1[23]_V[37])
                                                      0.507     1.500 r  u_mul/u_dsp/DSP_MULTIPLIER_INST/V[37]
                         net (fo=1, routed)           0.000     1.500    u_mul/u_dsp/DSP_MULTIPLIER.V<37>
    DSP48E2_X4Y6         DSP_M_DATA                                   r  u_mul/u_dsp/DSP_M_DATA_INST/V[37]
  -------------------------------------------------------------------    -------------------

                         (clock clk rise edge)        3.298     3.298 r  
                                                      0.000     3.298 r  clk (IN)
                         net (fo=225, unset)          0.043     3.341    u_mul/u_dsp/CLK
    DSP48E2_X4Y6         DSP_M_DATA                                   r  u_mul/u_dsp/DSP_M_DATA_INST/CLK
                         clock pessimism              0.000     3.341    
                         clock uncertainty           -0.035     3.306    
    DSP48E2_X4Y6         DSP_M_DATA (Setup_DSP_M_DATA_DSP48E2_CLK_V[37])
                                                      0.014     3.320    u_mul/u_dsp/DSP_M_DATA_INST
  -------------------------------------------------------------------
                         required time                          3.320    
                         arrival time                          -1.500    
  -------------------------------------------------------------------
                         slack                                  1.820    

Slack (MET) :             1.820ns  (required time - arrival time)
  Source:                 u_mul/w1_s0_reg[7]/C
                            (rising edge-triggered cell FDRE clocked by clk  {rise@0.000ns fall@1.649ns period=3.298ns})
  Destination:            u_mul/u_dsp/DSP_M_DATA_INST/V[38]
                            (rising edge-triggered cell DSP_M_DATA clocked by clk  {rise@0.000ns fall@1.649ns period=3.298ns})
  Path Group:             clk
  Path Type:              Setup (Max at Slow Process Corner)
  Requirement:            3.298ns  (clk rise@3.298ns - clk rise@0.000ns)
  Data Path Delay:        1.470ns  (logic 0.977ns (66.463%)  route 0.493ns (33.537%))
  Logic Levels:           4  (DSP_A_B_DATA=1 DSP_MULTIPLIER=1 DSP_PREADD_DATA=1 LUT1=1)
  Clock Path Skew:        0.013ns (DCD - SCD + CPR)
    Destination Clock Delay (DCD):    0.043ns = ( 3.341 - 3.298 ) 
    Source Clock Delay      (SCD):    0.030ns
    Clock Pessimism Removal (CPR):    0.000ns
  Clock Uncertainty:      0.035ns  ((TSJ^2 + TIJ^2)^1/2 + DJ) / 2 + PE
    Total System Jitter     (TSJ):    0.071ns
    Total Input Jitter      (TIJ):    0.000ns
    Discrete Jitter          (DJ):    0.000ns
    Phase Error              (PE):    0.000ns

    Location             Delay type                Incr(ns)  Path(ns)    Netlist Resource(s)
  -------------------------------------------------------------------    -------------------
                         (clock clk rise edge)        0.000     0.000 r  
                                                      0.000     0.000 r  clk (IN)
                         net (fo=225, unset)          0.030     0.030    u_mul/clk
    SLICE_X56Y17         FDRE                                         r  u_mul/w1_s0_reg[7]/C
  -------------------------------------------------------------------    -------------------
    SLICE_X56Y17         FDRE (Prop_AFF2_SLICEM_C_Q)
                                                      0.080     0.110 r  u_mul/w1_s0_reg[7]/Q
                         net (fo=1, routed)           0.187     0.297    u_mul/w1_s0[7]
    SLICE_X56Y17         LUT1 (Prop_D6LUT_SLICEM_I0_O)
                                                      0.122     0.419 f  u_mul/u_dsp_i_1/O
                         net (fo=1, routed)           0.306     0.725    u_mul/u_dsp/A[23]
    DSP48E2_X4Y6         DSP_A_B_DATA (Prop_DSP_A_B_DATA_DSP48E2_A[23]_A2_DATA[23])
                                                      0.192     0.917 r  u_mul/u_dsp/DSP_A_B_DATA_INST/A2_DATA[23]
                         net (fo=1, routed)           0.000     0.917    u_mul/u_dsp/DSP_A_B_DATA.A2_DATA<23>
    DSP48E2_X4Y6         DSP_PREADD_DATA (Prop_DSP_PREADD_DATA_DSP48E2_A2_DATA[23]_A2A1[23])
                                                      0.076     0.993 r  u_mul/u_dsp/DSP_PREADD_DATA_INST/A2A1[23]
                         net (fo=1, routed)           0.000     0.993    u_mul/u_dsp/DSP_PREADD_DATA.A2A1<23>
    DSP48E2_X4Y6         DSP_MULTIPLIER (Prop_DSP_MULTIPLIER_DSP48E2_A2A1[23]_V[38])
                                                      0.507     1.500 r  u_mul/u_dsp/DSP_MULTIPLIER_INST/V[38]
                         net (fo=1, routed)           0.000     1.500    u_mul/u_dsp/DSP_MULTIPLIER.V<38>
    DSP48E2_X4Y6         DSP_M_DATA                                   r  u_mul/u_dsp/DSP_M_DATA_INST/V[38]
  -------------------------------------------------------------------    -------------------

                         (clock clk rise edge)        3.298     3.298 r  
                                                      0.000     3.298 r  clk (IN)
                         net (fo=225, unset)          0.043     3.341    u_mul/u_dsp/CLK
    DSP48E2_X4Y6         DSP_M_DATA                                   r  u_mul/u_dsp/DSP_M_DATA_INST/CLK
                         clock pessimism              0.000     3.341    
                         clock uncertainty           -0.035     3.306    
    DSP48E2_X4Y6         DSP_M_DATA (Setup_DSP_M_DATA_DSP48E2_CLK_V[38])
                                                      0.014     3.320    u_mul/u_dsp/DSP_M_DATA_INST
  -------------------------------------------------------------------
                         required time                          3.320    
                         arrival time                          -1.500    
  -------------------------------------------------------------------
                         slack                                  1.820    

Slack (MET) :             1.820ns  (required time - arrival time)
  Source:                 u_mul/w1_s0_reg[7]/C
                            (rising edge-triggered cell FDRE clocked by clk  {rise@0.000ns fall@1.649ns period=3.298ns})
  Destination:            u_mul/u_dsp/DSP_M_DATA_INST/V[39]
                            (rising edge-triggered cell DSP_M_DATA clocked by clk  {rise@0.000ns fall@1.649ns period=3.298ns})
  Path Group:             clk
  Path Type:              Setup (Max at Slow Process Corner)
  Requirement:            3.298ns  (clk rise@3.298ns - clk rise@0.000ns)
  Data Path Delay:        1.470ns  (logic 0.977ns (66.463%)  route 0.493ns (33.537%))
  Logic Levels:           4  (DSP_A_B_DATA=1 DSP_MULTIPLIER=1 DSP_PREADD_DATA=1 LUT1=1)
  Clock Path Skew:        0.013ns (DCD - SCD + CPR)
    Destination Clock Delay (DCD):    0.043ns = ( 3.341 - 3.298 ) 
    Source Clock Delay      (SCD):    0.030ns
    Clock Pessimism Removal (CPR):    0.000ns
  Clock Uncertainty:      0.035ns  ((TSJ^2 + TIJ^2)^1/2 + DJ) / 2 + PE
    Total System Jitter     (TSJ):    0.071ns
    Total Input Jitter      (TIJ):    0.000ns
    Discrete Jitter          (DJ):    0.000ns
    Phase Error              (PE):    0.000ns

    Location             Delay type                Incr(ns)  Path(ns)    Netlist Resource(s)
  -------------------------------------------------------------------    -------------------
                         (clock clk rise edge)        0.000     0.000 r  
                                                      0.000     0.000 r  clk (IN)
                         net (fo=225, unset)          0.030     0.030    u_mul/clk
    SLICE_X56Y17         FDRE                                         r  u_mul/w1_s0_reg[7]/C
  -------------------------------------------------------------------    -------------------
    SLICE_X56Y17         FDRE (Prop_AFF2_SLICEM_C_Q)
                                                      0.080     0.110 r  u_mul/w1_s0_reg[7]/Q
                         net (fo=1, routed)           0.187     0.297    u_mul/w1_s0[7]
    SLICE_X56Y17         LUT1 (Prop_D6LUT_SLICEM_I0_O)
                                                      0.122     0.419 f  u_mul/u_dsp_i_1/O
                         net (fo=1, routed)           0.306     0.725    u_mul/u_dsp/A[23]
    DSP48E2_X4Y6         DSP_A_B_DATA (Prop_DSP_A_B_DATA_DSP48E2_A[23]_A2_DATA[23])
                                                      0.192     0.917 r  u_mul/u_dsp/DSP_A_B_DATA_INST/A2_DATA[23]
                         net (fo=1, routed)           0.000     0.917    u_mul/u_dsp/DSP_A_B_DATA.A2_DATA<23>
    DSP48E2_X4Y6         DSP_PREADD_DATA (Prop_DSP_PREADD_DATA_DSP48E2_A2_DATA[23]_A2A1[23])
                                                      0.076     0.993 r  u_mul/u_dsp/DSP_PREADD_DATA_INST/A2A1[23]
                         net (fo=1, routed)           0.000     0.993    u_mul/u_dsp/DSP_PREADD_DATA.A2A1<23>
    DSP48E2_X4Y6         DSP_MULTIPLIER (Prop_DSP_MULTIPLIER_DSP48E2_A2A1[23]_V[39])
                                                      0.507     1.500 r  u_mul/u_dsp/DSP_MULTIPLIER_INST/V[39]
                         net (fo=1, routed)           0.000     1.500    u_mul/u_dsp/DSP_MULTIPLIER.V<39>
    DSP48E2_X4Y6         DSP_M_DATA                                   r  u_mul/u_dsp/DSP_M_DATA_INST/V[39]
  -------------------------------------------------------------------    -------------------

                         (clock clk rise edge)        3.298     3.298 r  
                                                      0.000     3.298 r  clk (IN)
                         net (fo=225, unset)          0.043     3.341    u_mul/u_dsp/CLK
    DSP48E2_X4Y6         DSP_M_DATA                                   r  u_mul/u_dsp/DSP_M_DATA_INST/CLK
                         clock pessimism              0.000     3.341    
                         clock uncertainty           -0.035     3.306    
    DSP48E2_X4Y6         DSP_M_DATA (Setup_DSP_M_DATA_DSP48E2_CLK_V[39])
                                                      0.014     3.320    u_mul/u_dsp/DSP_M_DATA_INST
  -------------------------------------------------------------------
                         required time                          3.320    
                         arrival time                          -1.500    
  -------------------------------------------------------------------
                         slack                                  1.820    

Slack (MET) :             1.820ns  (required time - arrival time)
  Source:                 u_mul/w1_s0_reg[7]/C
                            (rising edge-triggered cell FDRE clocked by clk  {rise@0.000ns fall@1.649ns period=3.298ns})
  Destination:            u_mul/u_dsp/DSP_M_DATA_INST/V[40]
                            (rising edge-triggered cell DSP_M_DATA clocked by clk  {rise@0.000ns fall@1.649ns period=3.298ns})
  Path Group:             clk
  Path Type:              Setup (Max at Slow Process Corner)
  Requirement:            3.298ns  (clk rise@3.298ns - clk rise@0.000ns)
  Data Path Delay:        1.470ns  (logic 0.977ns (66.463%)  route 0.493ns (33.537%))
  Logic Levels:           4  (DSP_A_B_DATA=1 DSP_MULTIPLIER=1 DSP_PREADD_DATA=1 LUT1=1)
  Clock Path Skew:        0.013ns (DCD - SCD + CPR)
    Destination Clock Delay (DCD):    0.043ns = ( 3.341 - 3.298 ) 
    Source Clock Delay      (SCD):    0.030ns
    Clock Pessimism Removal (CPR):    0.000ns
  Clock Uncertainty:      0.035ns  ((TSJ^2 + TIJ^2)^1/2 + DJ) / 2 + PE
    Total System Jitter     (TSJ):    0.071ns
    Total Input Jitter      (TIJ):    0.000ns
    Discrete Jitter          (DJ):    0.000ns
    Phase Error              (PE):    0.000ns

    Location             Delay type                Incr(ns)  Path(ns)    Netlist Resource(s)
  -------------------------------------------------------------------    -------------------
                         (clock clk rise edge)        0.000     0.000 r  
                                                      0.000     0.000 r  clk (IN)
                         net (fo=225, unset)          0.030     0.030    u_mul/clk
    SLICE_X56Y17         FDRE                                         r  u_mul/w1_s0_reg[7]/C
  -------------------------------------------------------------------    -------------------
    SLICE_X56Y17         FDRE (Prop_AFF2_SLICEM_C_Q)
                                                      0.080     0.110 r  u_mul/w1_s0_reg[7]/Q
                         net (fo=1, routed)           0.187     0.297    u_mul/w1_s0[7]
    SLICE_X56Y17         LUT1 (Prop_D6LUT_SLICEM_I0_O)
                                                      0.122     0.419 f  u_mul/u_dsp_i_1/O
                         net (fo=1, routed)           0.306     0.725    u_mul/u_dsp/A[23]
    DSP48E2_X4Y6         DSP_A_B_DATA (Prop_DSP_A_B_DATA_DSP48E2_A[23]_A2_DATA[23])
                                                      0.192     0.917 r  u_mul/u_dsp/DSP_A_B_DATA_INST/A2_DATA[23]
                         net (fo=1, routed)           0.000     0.917    u_mul/u_dsp/DSP_A_B_DATA.A2_DATA<23>
    DSP48E2_X4Y6         DSP_PREADD_DATA (Prop_DSP_PREADD_DATA_DSP48E2_A2_DATA[23]_A2A1[23])
                                                      0.076     0.993 r  u_mul/u_dsp/DSP_PREADD_DATA_INST/A2A1[23]
                         net (fo=1, routed)           0.000     0.993    u_mul/u_dsp/DSP_PREADD_DATA.A2A1<23>
    DSP48E2_X4Y6         DSP_MULTIPLIER (Prop_DSP_MULTIPLIER_DSP48E2_A2A1[23]_V[40])
                                                      0.507     1.500 r  u_mul/u_dsp/DSP_MULTIPLIER_INST/V[40]
                         net (fo=1, routed)           0.000     1.500    u_mul/u_dsp/DSP_MULTIPLIER.V<40>
    DSP48E2_X4Y6         DSP_M_DATA                                   r  u_mul/u_dsp/DSP_M_DATA_INST/V[40]
  -------------------------------------------------------------------    -------------------

                         (clock clk rise edge)        3.298     3.298 r  
                                                      0.000     3.298 r  clk (IN)
                         net (fo=225, unset)          0.043     3.341    u_mul/u_dsp/CLK
    DSP48E2_X4Y6         DSP_M_DATA                                   r  u_mul/u_dsp/DSP_M_DATA_INST/CLK
                         clock pessimism              0.000     3.341    
                         clock uncertainty           -0.035     3.306    
    DSP48E2_X4Y6         DSP_M_DATA (Setup_DSP_M_DATA_DSP48E2_CLK_V[40])
                                                      0.014     3.320    u_mul/u_dsp/DSP_M_DATA_INST
  -------------------------------------------------------------------
                         required time                          3.320    
                         arrival time                          -1.500    
  -------------------------------------------------------------------
                         slack                                  1.820    

Slack (MET) :             1.820ns  (required time - arrival time)
  Source:                 u_mul/w1_s0_reg[7]/C
                            (rising edge-triggered cell FDRE clocked by clk  {rise@0.000ns fall@1.649ns period=3.298ns})
  Destination:            u_mul/u_dsp/DSP_M_DATA_INST/V[41]
                            (rising edge-triggered cell DSP_M_DATA clocked by clk  {rise@0.000ns fall@1.649ns period=3.298ns})
  Path Group:             clk
  Path Type:              Setup (Max at Slow Process Corner)
  Requirement:            3.298ns  (clk rise@3.298ns - clk rise@0.000ns)
  Data Path Delay:        1.470ns  (logic 0.977ns (66.463%)  route 0.493ns (33.537%))
  Logic Levels:           4  (DSP_A_B_DATA=1 DSP_MULTIPLIER=1 DSP_PREADD_DATA=1 LUT1=1)
  Clock Path Skew:        0.013ns (DCD - SCD + CPR)
    Destination Clock Delay (DCD):    0.043ns = ( 3.341 - 3.298 ) 
    Source Clock Delay      (SCD):    0.030ns
    Clock Pessimism Removal (CPR):    0.000ns
  Clock Uncertainty:      0.035ns  ((TSJ^2 + TIJ^2)^1/2 + DJ) / 2 + PE
    Total System Jitter     (TSJ):    0.071ns
    Total Input Jitter      (TIJ):    0.000ns
    Discrete Jitter          (DJ):    0.000ns
    Phase Error              (PE):    0.000ns

    Location             Delay type                Incr(ns)  Path(ns)    Netlist Resource(s)
  -------------------------------------------------------------------    -------------------
                         (clock clk rise edge)        0.000     0.000 r  
                                                      0.000     0.000 r  clk (IN)
                         net (fo=225, unset)          0.030     0.030    u_mul/clk
    SLICE_X56Y17         FDRE                                         r  u_mul/w1_s0_reg[7]/C
  -------------------------------------------------------------------    -------------------
    SLICE_X56Y17         FDRE (Prop_AFF2_SLICEM_C_Q)
                                                      0.080     0.110 r  u_mul/w1_s0_reg[7]/Q
                         net (fo=1, routed)           0.187     0.297    u_mul/w1_s0[7]
    SLICE_X56Y17         LUT1 (Prop_D6LUT_SLICEM_I0_O)
                                                      0.122     0.419 f  u_mul/u_dsp_i_1/O
                         net (fo=1, routed)           0.306     0.725    u_mul/u_dsp/A[23]
    DSP48E2_X4Y6         DSP_A_B_DATA (Prop_DSP_A_B_DATA_DSP48E2_A[23]_A2_DATA[23])
                                                      0.192     0.917 r  u_mul/u_dsp/DSP_A_B_DATA_INST/A2_DATA[23]
                         net (fo=1, routed)           0.000     0.917    u_mul/u_dsp/DSP_A_B_DATA.A2_DATA<23>
    DSP48E2_X4Y6         DSP_PREADD_DATA (Prop_DSP_PREADD_DATA_DSP48E2_A2_DATA[23]_A2A1[23])
                                                      0.076     0.993 r  u_mul/u_dsp/DSP_PREADD_DATA_INST/A2A1[23]
                         net (fo=1, routed)           0.000     0.993    u_mul/u_dsp/DSP_PREADD_DATA.A2A1<23>
    DSP48E2_X4Y6         DSP_MULTIPLIER (Prop_DSP_MULTIPLIER_DSP48E2_A2A1[23]_V[41])
                                                      0.507     1.500 r  u_mul/u_dsp/DSP_MULTIPLIER_INST/V[41]
                         net (fo=1, routed)           0.000     1.500    u_mul/u_dsp/DSP_MULTIPLIER.V<41>
    DSP48E2_X4Y6         DSP_M_DATA                                   r  u_mul/u_dsp/DSP_M_DATA_INST/V[41]
  -------------------------------------------------------------------    -------------------

                         (clock clk rise edge)        3.298     3.298 r  
                                                      0.000     3.298 r  clk (IN)
                         net (fo=225, unset)          0.043     3.341    u_mul/u_dsp/CLK
    DSP48E2_X4Y6         DSP_M_DATA                                   r  u_mul/u_dsp/DSP_M_DATA_INST/CLK
                         clock pessimism              0.000     3.341    
                         clock uncertainty           -0.035     3.306    
    DSP48E2_X4Y6         DSP_M_DATA (Setup_DSP_M_DATA_DSP48E2_CLK_V[41])
                                                      0.014     3.320    u_mul/u_dsp/DSP_M_DATA_INST
  -------------------------------------------------------------------
                         required time                          3.320    
                         arrival time                          -1.500    
  -------------------------------------------------------------------
                         slack                                  1.820    

Slack (MET) :             1.823ns  (required time - arrival time)
  Source:                 u_mul/w1_s0_reg[7]/C
                            (rising edge-triggered cell FDRE clocked by clk  {rise@0.000ns fall@1.649ns period=3.298ns})
  Destination:            u_mul/u_dsp/DSP_M_DATA_INST/U[24]
                            (rising edge-triggered cell DSP_M_DATA clocked by clk  {rise@0.000ns fall@1.649ns period=3.298ns})
  Path Group:             clk
  Path Type:              Setup (Max at Slow Process Corner)
  Requirement:            3.298ns  (clk rise@3.298ns - clk rise@0.000ns)
  Data Path Delay:        1.468ns  (logic 0.975ns (66.417%)  route 0.493ns (33.583%))
  Logic Levels:           4  (DSP_A_B_DATA=1 DSP_MULTIPLIER=1 DSP_PREADD_DATA=1 LUT1=1)
  Clock Path Skew:        0.013ns (DCD - SCD + CPR)
    Destination Clock Delay (DCD):    0.043ns = ( 3.341 - 3.298 ) 
    Source Clock Delay      (SCD):    0.030ns
    Clock Pessimism Removal (CPR):    0.000ns
  Clock Uncertainty:      0.035ns  ((TSJ^2 + TIJ^2)^1/2 + DJ) / 2 + PE
    Total System Jitter     (TSJ):    0.071ns
    Total Input Jitter      (TIJ):    0.000ns
    Discrete Jitter          (DJ):    0.000ns
    Phase Error              (PE):    0.000ns

    Location             Delay type                Incr(ns)  Path(ns)    Netlist Resource(s)
  -------------------------------------------------------------------    -------------------
                         (clock clk rise edge)        0.000     0.000 r  
                                                      0.000     0.000 r  clk (IN)
                         net (fo=225, unset)          0.030     0.030    u_mul/clk
    SLICE_X56Y17         FDRE                                         r  u_mul/w1_s0_reg[7]/C
  -------------------------------------------------------------------    -------------------
    SLICE_X56Y17         FDRE (Prop_AFF2_SLICEM_C_Q)
                                                      0.080     0.110 r  u_mul/w1_s0_reg[7]/Q
                         net (fo=1, routed)           0.187     0.297    u_mul/w1_s0[7]
    SLICE_X56Y17         LUT1 (Prop_D6LUT_SLICEM_I0_O)
                                                      0.122     0.419 f  u_mul/u_dsp_i_1/O
                         net (fo=1, routed)           0.306     0.725    u_mul/u_dsp/A[23]
    DSP48E2_X4Y6         DSP_A_B_DATA (Prop_DSP_A_B_DATA_DSP48E2_A[23]_A2_DATA[23])
                                                      0.192     0.917 r  u_mul/u_dsp/DSP_A_B_DATA_INST/A2_DATA[23]
                         net (fo=1, routed)           0.000     0.917    u_mul/u_dsp/DSP_A_B_DATA.A2_DATA<23>
    DSP48E2_X4Y6         DSP_PREADD_DATA (Prop_DSP_PREADD_DATA_DSP48E2_A2_DATA[23]_A2A1[23])
                                                      0.076     0.993 r  u_mul/u_dsp/DSP_PREADD_DATA_INST/A2A1[23]
                         net (fo=1, routed)           0.000     0.993    u_mul/u_dsp/DSP_PREADD_DATA.A2A1<23>
    DSP48E2_X4Y6         DSP_MULTIPLIER (Prop_DSP_MULTIPLIER_DSP48E2_A2A1[23]_U[24])
                                                      0.505     1.498 r  u_mul/u_dsp/DSP_MULTIPLIER_INST/U[24]
                         net (fo=1, routed)           0.000     1.498    u_mul/u_dsp/DSP_MULTIPLIER.U<24>
    DSP48E2_X4Y6         DSP_M_DATA                                   r  u_mul/u_dsp/DSP_M_DATA_INST/U[24]
  -------------------------------------------------------------------    -------------------

                         (clock clk rise edge)        3.298     3.298 r  
                                                      0.000     3.298 r  clk (IN)
                         net (fo=225, unset)          0.043     3.341    u_mul/u_dsp/CLK
    DSP48E2_X4Y6         DSP_M_DATA                                   r  u_mul/u_dsp/DSP_M_DATA_INST/CLK
                         clock pessimism              0.000     3.341    
                         clock uncertainty           -0.035     3.306    
    DSP48E2_X4Y6         DSP_M_DATA (Setup_DSP_M_DATA_DSP48E2_CLK_U[24])
                                                      0.015     3.321    u_mul/u_dsp/DSP_M_DATA_INST
  -------------------------------------------------------------------
                         required time                          3.321    
                         arrival time                          -1.498    
  -------------------------------------------------------------------
                         slack                                  1.823    




