Copyright 1986-2021 Xilinx, Inc. All Rights Reserved.
---------------------------------------------------------------------------------------------------
| Tool Version      : Vivado v.2021.2 (win64) Build 3367213 Tue Oct 19 02:48:09 MDT 2021
| Date              : Tue Sep  8 15:29:11 2026
| Host              : nc23 running 64-bit major release  (build 9200)
| Command           : report_timing_summary -file E:/ae_syn/hb_h1/runs/pe/route/timing_summary.rpt
| Design            : ae_pe_p2
| Device            : xczu7ev-ffvc1156
| Speed File        : -2  PRODUCTION 1.29 08-03-2020
| Temperature Grade : E
---------------------------------------------------------------------------------------------------

Timing Summary Report

------------------------------------------------------------------------------------------------
| Timer Settings
| --------------
------------------------------------------------------------------------------------------------

  Enable Multi Corner Analysis               :  Yes
  Enable Pessimism Removal                   :  Yes
  Pessimism Removal Resolution               :  Nearest Common Node
  Enable Input Delay Default Clock           :  No
  Enable Preset / Clear Arcs                 :  No
  Disable Flight Delays                      :  No
  Ignore I/O Paths                           :  No
  Timing Early Launch at Borrowing Latches   :  No
  Borrow Time for Max Delay Exceptions       :  Yes
  Merge Timing Exceptions                    :  Yes

  Corner  Analyze    Analyze    
  Name    Max Paths  Min Paths  
  ------  ---------  ---------  
  Slow    Yes        Yes        
  Fast    Yes        Yes        


------------------------------------------------------------------------------------------------
| Report Methodology
| ------------------
------------------------------------------------------------------------------------------------

No report available as report_methodology has not been run prior. Run report_methodology on the current design for the summary of methodology violations.



check_timing report

Table of Contents
-----------------
1. checking no_clock (0)
2. checking constant_clock (0)
3. checking pulse_width_clock (0)
4. checking unconstrained_internal_endpoints (0)
5. checking no_input_delay (29)
6. checking no_output_delay (145)
7. checking multiple_clock (0)
8. checking generated_clocks (0)
9. checking loops (0)
10. checking partial_input_delay (0)
11. checking partial_output_delay (0)
12. checking latch_loops (0)

1. checking no_clock (0)
------------------------
 There are 0 register/latch pins with no clock.


2. checking constant_clock (0)
------------------------------
 There are 0 register/latch pins with constant_clock.


3. checking pulse_width_clock (0)
---------------------------------
 There are 0 register/latch pins which need pulse_width check


4. checking unconstrained_internal_endpoints (0)
------------------------------------------------
 There are 0 pins that are not constrained for maximum delay.

 There are 0 pins that are not constrained for maximum delay due to constant clock.


5. checking no_input_delay (29)
-------------------------------
 There are 29 input ports with no input delay specified. (HIGH)

 There are 0 input ports with no input delay but user has a false path constraint.


6. checking no_output_delay (145)
---------------------------------
 There are 145 ports with no output delay specified. (HIGH)

 There are 0 ports with no output delay but user has a false path constraint

 There are 0 ports with no output delay but with a timing clock defined on it or propagating through it


7. checking multiple_clock (0)
------------------------------
 There are 0 register/latch pins with multiple clocks.


8. checking generated_clocks (0)
--------------------------------
 There are 0 generated clocks that are not connected to a clock source.


9. checking loops (0)
---------------------
 There are 0 combinational loops in the design.


10. checking partial_input_delay (0)
------------------------------------
 There are 0 input ports with partial input delay specified.


11. checking partial_output_delay (0)
-------------------------------------
 There are 0 ports with partial output delay specified.


12. checking latch_loops (0)
----------------------------
 There are 0 combinational latch loops in the design through latch input



------------------------------------------------------------------------------------------------
| Design Timing Summary
| ---------------------
------------------------------------------------------------------------------------------------

    WNS(ns)      TNS(ns)  TNS Failing Endpoints  TNS Total Endpoints      WHS(ns)      THS(ns)  THS Failing Endpoints  THS Total Endpoints     WPWS(ns)     TPWS(ns)  TPWS Failing Endpoints  TPWS Total Endpoints  
    -------      -------  ---------------------  -------------------      -------      -------  ---------------------  -------------------     --------     --------  ----------------------  --------------------  
      1.820        0.000                      0                  390        0.050        0.000                      0                  390        1.117        0.000                       0                   221  


All user specified timing constraints are met.


------------------------------------------------------------------------------------------------
| Clock Summary
| -------------
------------------------------------------------------------------------------------------------

Clock  Waveform(ns)         Period(ns)      Frequency(MHz)
-----  ------------         ----------      --------------
clk    {0.000 1.649}        3.298           303.214         


------------------------------------------------------------------------------------------------
| Intra Clock Table
| -----------------
------------------------------------------------------------------------------------------------

Clock             WNS(ns)      TNS(ns)  TNS Failing Endpoints  TNS Total Endpoints      WHS(ns)      THS(ns)  THS Failing Endpoints  THS Total Endpoints     WPWS(ns)     TPWS(ns)  TPWS Failing Endpoints  TPWS Total Endpoints  
-----             -------      -------  ---------------------  -------------------      -------      -------  ---------------------  -------------------     --------     --------  ----------------------  --------------------  
clk                 1.820        0.000                      0                  390        0.050        0.000                      0                  390        1.117        0.000                       0                   221  


------------------------------------------------------------------------------------------------
| Inter Clock Table
| -----------------
------------------------------------------------------------------------------------------------

From Clock    To Clock          WNS(ns)      TNS(ns)  TNS Failing Endpoints  TNS Total Endpoints      WHS(ns)      THS(ns)  THS Failing Endpoints  THS Total Endpoints  
----------    --------          -------      -------  ---------------------  -------------------      -------      -------  ---------------------  -------------------  


------------------------------------------------------------------------------------------------
| Other Path Groups Table
| -----------------------
------------------------------------------------------------------------------------------------

Path Group    From Clock    To Clock          WNS(ns)      TNS(ns)  TNS Failing Endpoints  TNS Total Endpoints      WHS(ns)      THS(ns)  THS Failing Endpoints  THS Total Endpoints  
----------    ----------    --------          -------      -------  ---------------------  -------------------      -------      -------  ---------------------  -------------------  


------------------------------------------------------------------------------------------------
| Timing Details
| --------------
------------------------------------------------------------------------------------------------


---------------------------------------------------------------------------------------------------
From Clock:  clk
  To Clock:  clk

Setup :            0  Failing Endpoints,  Worst Slack        1.820ns,  Total Violation        0.000ns
Hold  :            0  Failing Endpoints,  Worst Slack        0.050ns,  Total Violation        0.000ns
PW    :            0  Failing Endpoints,  Worst Slack        1.117ns,  Total Violation        0.000ns
---------------------------------------------------------------------------------------------------


Max Delay Paths
--------------------------------------------------------------------------------------
Slack (MET) :             1.820ns  (required time - arrival time)
  Source:                 u_mul/w1_s0_reg[7]/C
                            (rising edge-triggered cell FDRE clocked by clk  {rise@0.000ns fall@1.649ns period=3.298ns})
  Destination:            u_mul/u_dsp/DSP_M_DATA_INST/V[23]
                            (rising edge-triggered cell DSP_M_DATA clocked by clk  {rise@0.000ns fall@1.649ns period=3.298ns})
  Path Group:             clk
  Path Type:              Setup (Max at Slow Process Corner)
  Requirement:            3.298ns  (clk rise@3.298ns - clk rise@0.000ns)
  Data Path Delay:        1.470ns  (logic 0.977ns (66.463%)  route 0.493ns (33.537%))
  Logic Levels:           4  (DSP_A_B_DATA=1 DSP_MULTIPLIER=1 DSP_PREADD_DATA=1 LUT1=1)
  Clock Path Skew:        0.013ns (DCD - SCD + CPR)
    Destination Clock Delay (DCD):    0.043ns = ( 3.341 - 3.298 ) 
    Source Clock Delay      (SCD):    0.030ns
    Clock Pessimism Removal (CPR):    0.000ns
  Clock Uncertainty:      0.035ns  ((TSJ^2 + TIJ^2)^1/2 + DJ) / 2 + PE
    Total System Jitter     (TSJ):    0.071ns
    Total Input Jitter      (TIJ):    0.000ns
    Discrete Jitter          (DJ):    0.000ns
    Phase Error              (PE):    0.000ns

    Location             Delay type                Incr(ns)  Path(ns)    Netlist Resource(s)
  -------------------------------------------------------------------    -------------------
                         (clock clk rise edge)        0.000     0.000 r  
                                                      0.000     0.000 r  clk (IN)
                         net (fo=225, unset)          0.030     0.030    u_mul/clk
    SLICE_X56Y17         FDRE                                         r  u_mul/w1_s0_reg[7]/C
  -------------------------------------------------------------------    -------------------
    SLICE_X56Y17         FDRE (Prop_AFF2_SLICEM_C_Q)
                                                      0.080     0.110 r  u_mul/w1_s0_reg[7]/Q
                         net (fo=1, routed)           0.187     0.297    u_mul/w1_s0[7]
    SLICE_X56Y17         LUT1 (Prop_D6LUT_SLICEM_I0_O)
                                                      0.122     0.419 f  u_mul/u_dsp_i_1/O
                         net (fo=1, routed)           0.306     0.725    u_mul/u_dsp/A[23]
    DSP48E2_X4Y6         DSP_A_B_DATA (Prop_DSP_A_B_DATA_DSP48E2_A[23]_A2_DATA[23])
                                                      0.192     0.917 r  u_mul/u_dsp/DSP_A_B_DATA_INST/A2_DATA[23]
                         net (fo=1, routed)           0.000     0.917    u_mul/u_dsp/DSP_A_B_DATA.A2_DATA<23>
    DSP48E2_X4Y6         DSP_PREADD_DATA (Prop_DSP_PREADD_DATA_DSP48E2_A2_DATA[23]_A2A1[23])
                                                      0.076     0.993 r  u_mul/u_dsp/DSP_PREADD_DATA_INST/A2A1[23]
                         net (fo=1, routed)           0.000     0.993    u_mul/u_dsp/DSP_PREADD_DATA.A2A1<23>
    DSP48E2_X4Y6         DSP_MULTIPLIER (Prop_DSP_MULTIPLIER_DSP48E2_A2A1[23]_V[23])
                                                      0.507     1.500 r  u_mul/u_dsp/DSP_MULTIPLIER_INST/V[23]
                         net (fo=1, routed)           0.000     1.500    u_mul/u_dsp/DSP_MULTIPLIER.V<23>
    DSP48E2_X4Y6         DSP_M_DATA                                   r  u_mul/u_dsp/DSP_M_DATA_INST/V[23]
  -------------------------------------------------------------------    -------------------

                         (clock clk rise edge)        3.298     3.298 r  
                                                      0.000     3.298 r  clk (IN)
                         net (fo=225, unset)          0.043     3.341    u_mul/u_dsp/CLK
    DSP48E2_X4Y6         DSP_M_DATA                                   r  u_mul/u_dsp/DSP_M_DATA_INST/CLK
                         clock pessimism              0.000     3.341    
                         clock uncertainty           -0.035     3.306    
    DSP48E2_X4Y6         DSP_M_DATA (Setup_DSP_M_DATA_DSP48E2_CLK_V[23])
                                                      0.014     3.320    u_mul/u_dsp/DSP_M_DATA_INST
  -------------------------------------------------------------------
                         required time                          3.320    
                         arrival time                          -1.500    
  -------------------------------------------------------------------
                         slack                                  1.820    





Min Delay Paths
--------------------------------------------------------------------------------------
Slack (MET) :             0.050ns  (arrival time - required time)
  Source:                 acc1_r_reg[26]/C
                            (rising edge-triggered cell FDCE clocked by clk  {rise@0.000ns fall@1.649ns period=3.298ns})
  Destination:            snap1_r_reg[26]/D
                            (rising edge-triggered cell FDCE clocked by clk  {rise@0.000ns fall@1.649ns period=3.298ns})
  Path Group:             clk
  Path Type:              Hold (Min at Fast Process Corner)
  Requirement:            0.000ns  (clk rise@0.000ns - clk rise@0.000ns)
  Data Path Delay:        0.103ns  (logic 0.039ns (37.864%)  route 0.064ns (62.136%))
  Logic Levels:           0  
  Clock Path Skew:        0.007ns (DCD - SCD - CPR)
    Destination Clock Delay (DCD):    0.019ns
    Source Clock Delay      (SCD):    0.012ns
    Clock Pessimism Removal (CPR):    -0.000ns

    Location             Delay type                Incr(ns)  Path(ns)    Netlist Resource(s)
  -------------------------------------------------------------------    -------------------
                         (clock clk rise edge)        0.000     0.000 r  
                                                      0.000     0.000 r  clk (IN)
                         net (fo=225, unset)          0.012     0.012    clk
    SLICE_X55Y20         FDCE                                         r  acc1_r_reg[26]/C
  -------------------------------------------------------------------    -------------------
    SLICE_X55Y20         FDCE (Prop_CFF_SLICEL_C_Q)
                                                      0.039     0.051 r  acc1_r_reg[26]/Q
                         net (fo=4, routed)           0.064     0.115    acc1[26]
    SLICE_X55Y20         FDCE                                         r  snap1_r_reg[26]/D
  -------------------------------------------------------------------    -------------------

                         (clock clk rise edge)        0.000     0.000 r  
                                                      0.000     0.000 r  clk (IN)
                         net (fo=225, unset)          0.019     0.019    clk
    SLICE_X55Y20         FDCE                                         r  snap1_r_reg[26]/C
                         clock pessimism              0.000     0.019    
    SLICE_X55Y20         FDCE (Hold_GFF_SLICEL_C_D)
                                                      0.046     0.065    snap1_r_reg[26]
  -------------------------------------------------------------------
                         required time                         -0.065    
                         arrival time                           0.115    
  -------------------------------------------------------------------
                         slack                                  0.050    





Pulse Width Checks
--------------------------------------------------------------------------------------
Clock Name:         clk
Waveform(ns):       { 0.000 1.649 }
Period(ns):         3.298
Sources:            { clk }

Check Type        Corner  Lib Pin     Reference Pin  Required(ns)  Actual(ns)  Slack(ns)  Location      Pin
Min Period        n/a     SRL16E/CLK  n/a            1.064         3.298       2.234      SLICE_X57Y20  u_mul/g_pipe.v_d_reg[0]_srl2/CLK
Low Pulse Width   Slow    SRL16E/CLK  n/a            0.532         1.649       1.117      SLICE_X57Y20  u_mul/g_pipe.v_d_reg[0]_srl2/CLK
High Pulse Width  Slow    SRL16E/CLK  n/a            0.532         1.649       1.117      SLICE_X57Y20  u_mul/g_pipe.v_d_reg[0]_srl2/CLK



