== smoke 对账（COLS=12，34 条描述符，行为级从机节奏）==

[REF]
项                   模型        实测       偏差
GEMM 引擎           5857      5973   -1.94%
DMA 引擎             846       844   +0.24%
COPY 引擎            468         —        —
softmax 引擎        7316         —        —
调度器                232         —        —
总周期              14719      8405  +75.12%
  ✓ mac_total: 模型=86016 实测=86016
  ✓ skip_macs: 模型=0 实测=0
  ✓ skip_stages: 模型=0 实测=0

[PRIM]
项                   模型        实测       偏差
GEMM 引擎           5603      5720   -2.05%
DMA 引擎             846       843   +0.36%
COPY 引擎            468         —        —
softmax 引擎        7316         —        —
调度器                224         —        —
总周期              14457      8149  +77.41%
  ✓ mac_total: 模型=82944 实测=82944
  ✓ skip_macs: 模型=2048 实测=2048
  ✓ skip_stages: 模型=2 实测=2

对账结论：PASS（GEMM/DMA 引擎偏差<5%，MAC 精确命中）
注：总周期只作参考——TB 的 wall-clock 里 softmax/copy 与 GEMM 并行重叠，
    与本模型串行求和口径不可直接比（perf 投影用串行口径=保守上界）。
